Component: ARM Compiler 5.06 update 7 (build 960) Tool: armlink [4d3601]

==============================================================================

Section Cross References

    main.o(__DEFINES_STM32F4_CORE4_xx_DUMMY) refers (Special) to lcd.o(main) for lcd_cpy
    main.o(__DEFINES_STM32L4_xx_DUMMY) refers (Special) to lcd.o(main) for lcd_cpy
    main.o(main) refers (Special) to lcd.o(main) for lcd_cpy
    main.o(main) refers to kpad.o(main) for kpad_init
    main.o(main) refers to main.o(myData) for keylist_end
    main.o(myData) refers (Special) to lcd.o(main) for lcd_cpy
    startup_stm32l476xx.o(STACK) refers (Special) to heapauxi.o(.text) for __use_two_region_memory
    startup_stm32l476xx.o(HEAP) refers (Special) to heapauxi.o(.text) for __use_two_region_memory
    startup_stm32l476xx.o(RESET) refers (Special) to heapauxi.o(.text) for __use_two_region_memory
    startup_stm32l476xx.o(RESET) refers to startup_stm32l476xx.o(STACK) for __initial_sp
    startup_stm32l476xx.o(RESET) refers to startup_stm32l476xx.o(.text) for Reset_Handler
    startup_stm32l476xx.o(.text) refers (Special) to heapauxi.o(.text) for __use_two_region_memory
    startup_stm32l476xx.o(.text) refers to main.o(main) for __main
    startup_stm32l476xx.o(.text) refers to startup_stm32l476xx.o(HEAP) for Heap_Mem
    startup_stm32l476xx.o(.text) refers to startup_stm32l476xx.o(STACK) for Stack_Mem
    lcd.o(main) refers to lcd.o(myData) for numfont
    kpad.o(main) refers to kpad.o(myData) for keys


==============================================================================

Removing Unused input sections from the image.

    Removing core_cm4_constants.o(__DEFINES_STM32F4_CORE4_xx_DUMMY), (0 bytes).
    Removing main.o(__DEFINES_STM32F4_CORE4_xx_DUMMY), (0 bytes).
    Removing main.o(__DEFINES_STM32L4_xx_DUMMY), (0 bytes).
    Removing stm32l476xx_constants.o(__DEFINES_STM32L4_xx_DUMMY), (0 bytes).
    Removing lcd.o(__DEFINES_STM32F4_CORE4_xx_DUMMY), (0 bytes).
    Removing lcd.o(__DEFINES_STM32L4_xx_DUMMY), (0 bytes).
    Removing kpad.o(__DEFINES_STM32F4_CORE4_xx_DUMMY), (0 bytes).
    Removing kpad.o(__DEFINES_STM32L4_xx_DUMMY), (0 bytes).

8 unused section(s) (total 0 bytes) removed from the image.

==============================================================================

Image Symbol Table

    Local Symbols

    Symbol Name                              Value     Ov Type        Size  Object(Section)

    ../clib/heapaux.c                        0x00000000   Number         0  heapauxi.o ABSOLUTE
    core_cm4_constants.s                     0x00000000   Number         0  core_cm4_constants.o ABSOLUTE
    dc.s                                     0x00000000   Number         0  dc.o ABSOLUTE
    kpad.s                                   0x00000000   Number         0  kpad.o ABSOLUTE
    lcd.s                                    0x00000000   Number         0  lcd.o ABSOLUTE
    main.s                                   0x00000000   Number         0  main.o ABSOLUTE
    startup_stm32l476xx.s                    0x00000000   Number         0  startup_stm32l476xx.o ABSOLUTE
    stm32l476xx_constants.s                  0x00000000   Number         0  stm32l476xx_constants.o ABSOLUTE
    RESET                                    0x08000000   Section      392  startup_stm32l476xx.o(RESET)
    .text                                    0x08000188   Section      132  startup_stm32l476xx.o(.text)
    $v0                                      0x08000188   Number         0  startup_stm32l476xx.o(.text)
    .text                                    0x0800020c   Section        0  heapauxi.o(.text)
    main                                     0x08000214   Section      160  main.o(main)
    $v0                                      0x08000214   Number         0  main.o(main)
    main                                     0x080002b4   Section     2132  lcd.o(main)
    $v0                                      0x080002b4   Number         0  lcd.o(main)
    main                                     0x08000b08   Section      252  kpad.o(main)
    $v0                                      0x08000b08   Number         0  kpad.o(main)
    kpad_port_read                           0x08000b41   Thumb Code    10  kpad.o(main)
    kpad_row_set                             0x08000b4b   Thumb Code    24  kpad.o(main)
    myData                                   0x20000000   Section        6  main.o(myData)
    keylist                                  0x20000000   Data           6  main.o(myData)
    keylist_end                              0x20000006   Data           0  main.o(myData)
    myData                                   0x20000008   Section       72  lcd.o(myData)
    letfont                                  0x20000008   Data          18  lcd.o(myData)
    numfont                                  0x2000003c   Data          20  lcd.o(myData)
    myData                                   0x20000050   Section       16  kpad.o(myData)
    keys                                     0x20000050   Data          16  kpad.o(myData)
    HEAP                                     0x20000060   Section     1280  startup_stm32l476xx.o(HEAP)
    Heap_Mem                                 0x20000060   Data        1280  startup_stm32l476xx.o(HEAP)
    STACK                                    0x20000560   Section     4096  startup_stm32l476xx.o(STACK)
    Stack_Mem                                0x20000560   Data        4096  startup_stm32l476xx.o(STACK)
    __initial_sp                             0x20001560   Data           0  startup_stm32l476xx.o(STACK)

    Global Symbols

    Symbol Name                              Value     Ov Type        Size  Object(Section)

    BuildAttributes$$THM_ISAv4$E$P$D$K$B$S$7EM$VFPi3$EXTD16$VFPS$VFMA$PE$A:L22UL41UL21$X:L11$S22US41US21$IEEE1$IW$USESV6$~STKCKD$USESV7$~SHL$OSPACE$ROPI$EBA8$STANDARDLIB$REQ8$EABIv2 0x00000000   Number         0  anon$$obj.o ABSOLUTE
    Image$$ER_IROM1$$RW$$Length              0x00000000   Number         0  anon$$obj.o ABSOLUTE
    Image$$ER_IROM1$$ZI$$Length              0x00000000   Number         0  anon$$obj.o ABSOLUTE
    Image$$RW_IRAM1$$RO$$Length              0x00000000   Number         0  anon$$obj.o ABSOLUTE
    Image$$RW_IRAM1$$Length                  0x00000060   Number         0  anon$$obj.o ABSOLUTE
    Image$$RW_IRAM1$$RW$$Length              0x00000060   Number         0  anon$$obj.o ABSOLUTE
    __Vectors_Size                           0x00000188   Number         0  startup_stm32l476xx.o ABSOLUTE
    Image$$ER_IROM1$$RO$$Length              0x00000c04   Number         0  anon$$obj.o ABSOLUTE
    Image$$RW_IRAM1$$ZI$$Length              0x00001500   Number         0  anon$$obj.o ABSOLUTE
    Image$$ER_IROM1$$RO$$Base                0x08000000   Number         0  anon$$obj.o ABSOLUTE
    Load$$ER_IROM1$$Base                     0x08000000   Number         0  anon$$obj.o ABSOLUTE
    __Vectors                                0x08000000   Data           4  startup_stm32l476xx.o(RESET)
    Reset_Handler                            0x08000189   Thumb Code    60  startup_stm32l476xx.o(.text)
    __Vectors_End                            0x08000188   Data           0  startup_stm32l476xx.o(RESET)
    NMI_Handler                              0x080001c5   Thumb Code     2  startup_stm32l476xx.o(.text)
    HardFault_Handler                        0x080001c7   Thumb Code     2  startup_stm32l476xx.o(.text)
    MemManage_Handler                        0x080001c9   Thumb Code     2  startup_stm32l476xx.o(.text)
    BusFault_Handler                         0x080001cb   Thumb Code     2  startup_stm32l476xx.o(.text)
    UsageFault_Handler                       0x080001cd   Thumb Code     2  startup_stm32l476xx.o(.text)
    SVC_Handler                              0x080001cf   Thumb Code     2  startup_stm32l476xx.o(.text)
    DebugMon_Handler                         0x080001d1   Thumb Code     2  startup_stm32l476xx.o(.text)
    PendSV_Handler                           0x080001d3   Thumb Code     2  startup_stm32l476xx.o(.text)
    SysTick_Handler                          0x080001d5   Thumb Code     2  startup_stm32l476xx.o(.text)
    ADC1_2_IRQHandler                        0x080001d7   Thumb Code     0  startup_stm32l476xx.o(.text)
    ADC3_IRQHandler                          0x080001d7   Thumb Code     0  startup_stm32l476xx.o(.text)
    CAN1_RX0_IRQHandler                      0x080001d7   Thumb Code     0  startup_stm32l476xx.o(.text)
    CAN1_RX1_IRQHandler                      0x080001d7   Thumb Code     0  startup_stm32l476xx.o(.text)
    CAN1_SCE_IRQHandler                      0x080001d7   Thumb Code     0  startup_stm32l476xx.o(.text)
    CAN1_TX_IRQHandler                       0x080001d7   Thumb Code     0  startup_stm32l476xx.o(.text)
    COMP_IRQHandler                          0x080001d7   Thumb Code     0  startup_stm32l476xx.o(.text)
    DFSDM0_IRQHandler                        0x080001d7   Thumb Code     0  startup_stm32l476xx.o(.text)
    DFSDM1_IRQHandler                        0x080001d7   Thumb Code     0  startup_stm32l476xx.o(.text)
    DFSDM2_IRQHandler                        0x080001d7   Thumb Code     0  startup_stm32l476xx.o(.text)
    DFSDM3_IRQHandler                        0x080001d7   Thumb Code     0  startup_stm32l476xx.o(.text)
    DMA1_Channel1_IRQHandler                 0x080001d7   Thumb Code     0  startup_stm32l476xx.o(.text)
    DMA1_Channel2_IRQHandler                 0x080001d7   Thumb Code     0  startup_stm32l476xx.o(.text)
    DMA1_Channel3_IRQHandler                 0x080001d7   Thumb Code     0  startup_stm32l476xx.o(.text)
    DMA1_Channel4_IRQHandler                 0x080001d7   Thumb Code     0  startup_stm32l476xx.o(.text)
    DMA1_Channel5_IRQHandler                 0x080001d7   Thumb Code     0  startup_stm32l476xx.o(.text)
    DMA1_Channel6_IRQHandler                 0x080001d7   Thumb Code     0  startup_stm32l476xx.o(.text)
    DMA1_Channel7_IRQHandler                 0x080001d7   Thumb Code     0  startup_stm32l476xx.o(.text)
    DMA2_Channel1_IRQHandler                 0x080001d7   Thumb Code     0  startup_stm32l476xx.o(.text)
    DMA2_Channel2_IRQHandler                 0x080001d7   Thumb Code     0  startup_stm32l476xx.o(.text)
    DMA2_Channel3_IRQHandler                 0x080001d7   Thumb Code     0  startup_stm32l476xx.o(.text)
    DMA2_Channel4_IRQHandler                 0x080001d7   Thumb Code     0  startup_stm32l476xx.o(.text)
    DMA2_Channel5_IRQHandler                 0x080001d7   Thumb Code     0  startup_stm32l476xx.o(.text)
    DMA2_Channel6_IRQHandler                 0x080001d7   Thumb Code     0  startup_stm32l476xx.o(.text)
    DMA2_Channel7_IRQHandler                 0x080001d7   Thumb Code     0  startup_stm32l476xx.o(.text)
    EXTI0_IRQHandler                         0x080001d7   Thumb Code     0  startup_stm32l476xx.o(.text)
    EXTI15_10_IRQHandler                     0x080001d7   Thumb Code     0  startup_stm32l476xx.o(.text)
    EXTI1_IRQHandler                         0x080001d7   Thumb Code     0  startup_stm32l476xx.o(.text)
    EXTI2_IRQHandler                         0x080001d7   Thumb Code     0  startup_stm32l476xx.o(.text)
    EXTI3_IRQHandler                         0x080001d7   Thumb Code     0  startup_stm32l476xx.o(.text)
    EXTI4_IRQHandler                         0x080001d7   Thumb Code     0  startup_stm32l476xx.o(.text)
    EXTI9_5_IRQHandler                       0x080001d7   Thumb Code     0  startup_stm32l476xx.o(.text)
    FLASH_IRQHandler                         0x080001d7   Thumb Code     0  startup_stm32l476xx.o(.text)
    FMC_IRQHandler                           0x080001d7   Thumb Code     0  startup_stm32l476xx.o(.text)
    FPU_IRQHandler                           0x080001d7   Thumb Code     0  startup_stm32l476xx.o(.text)
    I2C1_ER_IRQHandler                       0x080001d7   Thumb Code     0  startup_stm32l476xx.o(.text)
    I2C1_EV_IRQHandler                       0x080001d7   Thumb Code     0  startup_stm32l476xx.o(.text)
    I2C2_ER_IRQHandler                       0x080001d7   Thumb Code     0  startup_stm32l476xx.o(.text)
    I2C2_EV_IRQHandler                       0x080001d7   Thumb Code     0  startup_stm32l476xx.o(.text)
    I2C3_ER_IRQHandler                       0x080001d7   Thumb Code     0  startup_stm32l476xx.o(.text)
    I2C3_EV_IRQHandler                       0x080001d7   Thumb Code     0  startup_stm32l476xx.o(.text)
    LCD_IRQHandler                           0x080001d7   Thumb Code     0  startup_stm32l476xx.o(.text)
    LPTIM1_IRQHandler                        0x080001d7   Thumb Code     0  startup_stm32l476xx.o(.text)
    LPTIM2_IRQHandler                        0x080001d7   Thumb Code     0  startup_stm32l476xx.o(.text)
    LPUART1_IRQHandler                       0x080001d7   Thumb Code     0  startup_stm32l476xx.o(.text)
    OTG_FS_IRQHandler                        0x080001d7   Thumb Code     0  startup_stm32l476xx.o(.text)
    PVD_PVM_IRQHandler                       0x080001d7   Thumb Code     0  startup_stm32l476xx.o(.text)
    QUADSPI_IRQHandler                       0x080001d7   Thumb Code     0  startup_stm32l476xx.o(.text)
    RCC_IRQHandler                           0x080001d7   Thumb Code     0  startup_stm32l476xx.o(.text)
    RNG_IRQHandler                           0x080001d7   Thumb Code     0  startup_stm32l476xx.o(.text)
    RTC_Alarm_IRQHandler                     0x080001d7   Thumb Code     0  startup_stm32l476xx.o(.text)
    RTC_WKUP_IRQHandler                      0x080001d7   Thumb Code     0  startup_stm32l476xx.o(.text)
    SAI1_IRQHandler                          0x080001d7   Thumb Code     0  startup_stm32l476xx.o(.text)
    SAI2_IRQHandler                          0x080001d7   Thumb Code     0  startup_stm32l476xx.o(.text)
    SDMMC1_IRQHandler                        0x080001d7   Thumb Code     0  startup_stm32l476xx.o(.text)
    SPI1_IRQHandler                          0x080001d7   Thumb Code     0  startup_stm32l476xx.o(.text)
    SPI2_IRQHandler                          0x080001d7   Thumb Code     0  startup_stm32l476xx.o(.text)
    SPI3_IRQHandler                          0x080001d7   Thumb Code     0  startup_stm32l476xx.o(.text)
    SWPMI1_IRQHandler                        0x080001d7   Thumb Code     0  startup_stm32l476xx.o(.text)
    TAMP_STAMP_IRQHandler                    0x080001d7   Thumb Code     0  startup_stm32l476xx.o(.text)
    TIM1_BRK_TIM15_IRQHandler                0x080001d7   Thumb Code     0  startup_stm32l476xx.o(.text)
    TIM1_CC_IRQHandler                       0x080001d7   Thumb Code     0  startup_stm32l476xx.o(.text)
    TIM1_TRG_COM_TIM17_IRQHandler            0x080001d7   Thumb Code     0  startup_stm32l476xx.o(.text)
    TIM1_UP_TIM16_IRQHandler                 0x080001d7   Thumb Code     0  startup_stm32l476xx.o(.text)
    TIM2_IRQHandler                          0x080001d7   Thumb Code     0  startup_stm32l476xx.o(.text)
    TIM3_IRQHandler                          0x080001d7   Thumb Code     0  startup_stm32l476xx.o(.text)
    TIM4_IRQHandler                          0x080001d7   Thumb Code     0  startup_stm32l476xx.o(.text)
    TIM5_IRQHandler                          0x080001d7   Thumb Code     0  startup_stm32l476xx.o(.text)
    TIM6_DAC_IRQHandler                      0x080001d7   Thumb Code     0  startup_stm32l476xx.o(.text)
    TIM7_IRQHandler                          0x080001d7   Thumb Code     0  startup_stm32l476xx.o(.text)
    TIM8_BRK_IRQHandler                      0x080001d7   Thumb Code     0  startup_stm32l476xx.o(.text)
    TIM8_CC_IRQHandler                       0x080001d7   Thumb Code     0  startup_stm32l476xx.o(.text)
    TIM8_TRG_COM_IRQHandler                  0x080001d7   Thumb Code     0  startup_stm32l476xx.o(.text)
    TIM8_UP_IRQHandler                       0x080001d7   Thumb Code     0  startup_stm32l476xx.o(.text)
    TSC_IRQHandler                           0x080001d7   Thumb Code     0  startup_stm32l476xx.o(.text)
    UART4_IRQHandler                         0x080001d7   Thumb Code     0  startup_stm32l476xx.o(.text)
    UART5_IRQHandler                         0x080001d7   Thumb Code     0  startup_stm32l476xx.o(.text)
    USART1_IRQHandler                        0x080001d7   Thumb Code     0  startup_stm32l476xx.o(.text)
    USART2_IRQHandler                        0x080001d7   Thumb Code     0  startup_stm32l476xx.o(.text)
    USART3_IRQHandler                        0x080001d7   Thumb Code     0  startup_stm32l476xx.o(.text)
    WWDG_IRQHandler                          0x080001d7   Thumb Code     0  startup_stm32l476xx.o(.text)
    __user_initial_stackheap                 0x080001d9   Thumb Code     0  startup_stm32l476xx.o(.text)
    __use_two_region_memory                  0x0800020d   Thumb Code     2  heapauxi.o(.text)
    __rt_heap_escrow$2region                 0x0800020f   Thumb Code     2  heapauxi.o(.text)
    __rt_heap_expand$2region                 0x08000211   Thumb Code     2  heapauxi.o(.text)
    __main                                   0x08000215   Thumb Code   148  main.o(main)
    lcd_init                                 0x080002b5   Thumb Code   636  lcd.o(main)
    lcd_clear                                0x08000531   Thumb Code    36  lcd.o(main)
    lcd_fill                                 0x08000555   Thumb Code    36  lcd.o(main)
    lcd_cpy                                  0x08000579   Thumb Code    40  lcd.o(main)
    lcd_draw                                 0x080005a1   Thumb Code  1262  lcd.o(main)
    num2font                                 0x08000a8f   Thumb Code    34  lcd.o(main)
    let2font                                 0x08000ab1   Thumb Code    64  lcd.o(main)
    kpad_init                                0x08000b09   Thumb Code    56  kpad.o(main)
    kpad_row_read                            0x08000b63   Thumb Code    20  kpad.o(main)
    kpad_scan                                0x08000b77   Thumb Code   100  kpad.o(main)
    scan2keys                                0x08000bdb   Thumb Code    12  kpad.o(main)
    delay75                                  0x08000be7   Thumb Code     6  kpad.o(main)
    Image$$ER_IROM1$$RO$$Limit               0x08000c04   Number         0  anon$$obj.o ABSOLUTE
    Image$$ER_IROM1$$RW$$Base                0x08000c04   Number         0  anon$$obj.o ABSOLUTE
    Image$$ER_IROM1$$RW$$Limit               0x08000c04   Number         0  anon$$obj.o ABSOLUTE
    Image$$ER_IROM1$$ZI$$Base                0x08000c04   Number         0  anon$$obj.o ABSOLUTE
    Image$$ER_IROM1$$ZI$$Limit               0x08000c04   Number         0  anon$$obj.o ABSOLUTE
    Load$$RW_IRAM1$$Base                     0x08000c04   Number         0  anon$$obj.o ABSOLUTE
    Image$$RW_IRAM1$$Base                    0x20000000   Number         0  anon$$obj.o ABSOLUTE
    Image$$RW_IRAM1$$RO$$Base                0x20000000   Number         0  anon$$obj.o ABSOLUTE
    Image$$RW_IRAM1$$RW$$Base                0x20000000   Number         0  anon$$obj.o ABSOLUTE
    Image$$RW_IRAM1$$Limit                   0x20000060   Number         0  anon$$obj.o ABSOLUTE
    Image$$RW_IRAM1$$RW$$Limit               0x20000060   Number         0  anon$$obj.o ABSOLUTE
    Image$$RW_IRAM1$$ZI$$Base                0x20000060   Number         0  anon$$obj.o ABSOLUTE
    Image$$RW_IRAM1$$ZI$$Limit               0x20001560   Number         0  anon$$obj.o ABSOLUTE



==============================================================================

Memory Map of the image

  Image Entry point : 0x08000215

  Load Region LR_IROM1 (Base: 0x08000000, Size: 0x00000c64, Max: 0x00100000, ABSOLUTE)

    Execution Region ER_IROM1 (Exec base: 0x08000000, Load base: 0x08000000, Size: 0x00000c04, Max: 0x00100000, ABSOLUTE)

    Exec Addr    Load Addr    Size         Type   Attr      Idx    E Section Name        Object

    0x08000000   0x08000000   0x00000188   Data   RO           13    RESET               startup_stm32l476xx.o
    0x08000188   0x08000188   0x00000084   Code   RO           14    .text               startup_stm32l476xx.o
    0x0800020c   0x0800020c   0x00000006   Code   RO           35    .text               c_w.l(heapauxi.o)
    0x08000212   0x08000212   0x00000002   PAD
    0x08000214   0x08000214   0x000000a0   Code   RO            4  * main                main.o
    0x080002b4   0x080002b4   0x00000854   Code   RO           21    main                lcd.o
    0x08000b08   0x08000b08   0x000000fc   Code   RO           28    main                kpad.o


    Execution Region RW_IRAM1 (Exec base: 0x20000000, Load base: 0x08000c04, Size: 0x00001560, Max: 0x00018000, ABSOLUTE)

    Exec Addr    Load Addr    Size         Type   Attr      Idx    E Section Name        Object

    0x20000000   0x08000c04   0x00000006   Data   RW            5    myData              main.o
    0x20000006   0x08000c0a   0x00000002   PAD
    0x20000008   0x08000c0c   0x00000048   Data   RW           22    myData              lcd.o
    0x20000050   0x08000c54   0x00000010   Data   RW           29    myData              kpad.o
    0x20000060        -       0x00000500   Zero   RW           12    HEAP                startup_stm32l476xx.o
    0x20000560        -       0x00001000   Zero   RW           11    STACK               startup_stm32l476xx.o


==============================================================================

Image component sizes


      Code (inc. data)   RO Data    RW Data    ZI Data      Debug   Object Name

       252         24          0         16          0        624   kpad.o
      2132        176          0         72          0       1176   lcd.o
       160         12          0          6          0        400   main.o
       132         42        392          0       5376        816   startup_stm32l476xx.o

    ----------------------------------------------------------------------
      2676        254        392         96       5376       3016   Object Totals
         0          0          0          0          0          0   (incl. Generated)
         0          0          0          2          0          0   (incl. Padding)

    ----------------------------------------------------------------------

      Code (inc. data)   RO Data    RW Data    ZI Data      Debug   Library Member Name

         6          0          0          0          0        152   heapauxi.o

    ----------------------------------------------------------------------
         8          0          0          0          0        152   Library Totals
         2          0          0          0          0          0   (incl. Padding)

    ----------------------------------------------------------------------

      Code (inc. data)   RO Data    RW Data    ZI Data      Debug   Library Name

         6          0          0          0          0        152   c_w.l

    ----------------------------------------------------------------------
         8          0          0          0          0        152   Library Totals

    ----------------------------------------------------------------------

==============================================================================


      Code (inc. data)   RO Data    RW Data    ZI Data      Debug   

      2684        254        392         96       5376       2868   Grand Totals
      2684        254        392         96       5376       2868   ELF Image Totals
      2684        254        392         96          0          0   ROM Totals

==============================================================================

    Total RO  Size (Code + RO Data)                 3076 (   3.00kB)
    Total RW  Size (RW Data + ZI Data)              5472 (   5.34kB)
    Total ROM Size (Code + RO Data + RW Data)       3172 (   3.10kB)

==============================================================================

