Archive member included to satisfy reference by file (symbol)

library.a(initialize.o)       obj/Lab2A-Main-c.o (InitializeHardware)
library.a(stm32f429i_discovery.o)
                              library.a(initialize.o) (BSP_PB_Init)
library.a(stm32f429i_discovery_lcd.o)
                              library.a(initialize.o) (BSP_LCD_LayerDefaultInit)
library.a(stm32f429i_discovery_sdram.o)
                              library.a(stm32f429i_discovery_lcd.o) (BSP_SDRAM_Init)
library.a(stm32f4xx_hal.o)    library.a(initialize.o) (HAL_Init)
library.a(stm32f4xx_hal_cortex.o)
                              library.a(stm32f4xx_hal.o) (HAL_NVIC_SetPriorityGrouping)
library.a(stm32f4xx_hal_dma.o)
                              library.a(stm32f429i_discovery_sdram.o) (HAL_DMA_Init)
library.a(stm32f4xx_hal_dma2d.o)
                              library.a(stm32f429i_discovery_lcd.o) (HAL_DMA2D_Init)
library.a(stm32f4xx_hal_gpio.o)
                              library.a(stm32f429i_discovery.o) (HAL_GPIO_Init)
library.a(stm32f4xx_hal_i2c.o)
                              library.a(stm32f429i_discovery.o) (HAL_I2C_Init)
library.a(stm32f4xx_hal_ltdc.o)
                              library.a(stm32f429i_discovery_lcd.o) (HAL_LTDC_Init)
library.a(stm32f4xx_hal_rcc.o)
                              library.a(initialize.o) (HAL_RCC_OscConfig)
library.a(stm32f4xx_hal_rcc_ex.o)
                              library.a(stm32f429i_discovery_lcd.o) (HAL_RCCEx_PeriphCLKConfig)
library.a(stm32f4xx_hal_sdram.o)
                              library.a(stm32f429i_discovery_sdram.o) (HAL_SDRAM_Init)
library.a(stm32f4xx_hal_spi.o)
                              library.a(stm32f429i_discovery.o) (HAL_SPI_Init)
library.a(stm32f4xx_it.o)     library.a(initialize.o) (IncludeThis)
library.a(stm32f4xx_ll_fmc.o)
                              library.a(stm32f4xx_hal_sdram.o) (FMC_SDRAM_Init)
library.a(svcHandler.o)       library.a(stm32f4xx_it.o) (SVC_Exception)
library.a(system_stm32f4xx.o)
                              library.a(stm32f4xx_hal_rcc.o) (SystemCoreClock)
library.a(startup_stm32f429xx.o)
                              library.a(initialize.o) (Reset_Handler)
library.a(ili9341.o)          library.a(stm32f429i_discovery_lcd.o) (ili9341_drv)
y:/coen20/gcc/bin/../lib/gcc/arm-none-eabi/9.3.1/../../../../arm-none-eabi/lib/thumb/v7e-m+fp/hard\libm.a(lib_a-w_pow.o)
                              obj/Lab2A-BinaryNumbers-c.o (pow)
y:/coen20/gcc/bin/../lib/gcc/arm-none-eabi/9.3.1/../../../../arm-none-eabi/lib/thumb/v7e-m+fp/hard\libm.a(lib_a-e_pow.o)
                              y:/coen20/gcc/bin/../lib/gcc/arm-none-eabi/9.3.1/../../../../arm-none-eabi/lib/thumb/v7e-m+fp/hard\libm.a(lib_a-w_pow.o) (__ieee754_pow)
y:/coen20/gcc/bin/../lib/gcc/arm-none-eabi/9.3.1/../../../../arm-none-eabi/lib/thumb/v7e-m+fp/hard\libm.a(lib_a-e_sqrt.o)
                              y:/coen20/gcc/bin/../lib/gcc/arm-none-eabi/9.3.1/../../../../arm-none-eabi/lib/thumb/v7e-m+fp/hard\libm.a(lib_a-e_pow.o) (__ieee754_sqrt)
y:/coen20/gcc/bin/../lib/gcc/arm-none-eabi/9.3.1/../../../../arm-none-eabi/lib/thumb/v7e-m+fp/hard\libm.a(lib_a-s_fabs.o)
                              y:/coen20/gcc/bin/../lib/gcc/arm-none-eabi/9.3.1/../../../../arm-none-eabi/lib/thumb/v7e-m+fp/hard\libm.a(lib_a-e_pow.o) (fabs)
y:/coen20/gcc/bin/../lib/gcc/arm-none-eabi/9.3.1/../../../../arm-none-eabi/lib/thumb/v7e-m+fp/hard\libm.a(lib_a-s_finite.o)
                              y:/coen20/gcc/bin/../lib/gcc/arm-none-eabi/9.3.1/../../../../arm-none-eabi/lib/thumb/v7e-m+fp/hard\libm.a(lib_a-w_pow.o) (finite)
y:/coen20/gcc/bin/../lib/gcc/arm-none-eabi/9.3.1/../../../../arm-none-eabi/lib/thumb/v7e-m+fp/hard\libm.a(lib_a-s_lib_ver.o)
                              y:/coen20/gcc/bin/../lib/gcc/arm-none-eabi/9.3.1/../../../../arm-none-eabi/lib/thumb/v7e-m+fp/hard\libm.a(lib_a-w_pow.o) (__fdlib_version)
y:/coen20/gcc/bin/../lib/gcc/arm-none-eabi/9.3.1/../../../../arm-none-eabi/lib/thumb/v7e-m+fp/hard\libm.a(lib_a-s_nan.o)
                              y:/coen20/gcc/bin/../lib/gcc/arm-none-eabi/9.3.1/../../../../arm-none-eabi/lib/thumb/v7e-m+fp/hard\libm.a(lib_a-e_pow.o) (nan)
y:/coen20/gcc/bin/../lib/gcc/arm-none-eabi/9.3.1/../../../../arm-none-eabi/lib/thumb/v7e-m+fp/hard\libm.a(lib_a-s_rint.o)
                              y:/coen20/gcc/bin/../lib/gcc/arm-none-eabi/9.3.1/../../../../arm-none-eabi/lib/thumb/v7e-m+fp/hard\libm.a(lib_a-w_pow.o) (rint)
y:/coen20/gcc/bin/../lib/gcc/arm-none-eabi/9.3.1/../../../../arm-none-eabi/lib/thumb/v7e-m+fp/hard\libm.a(lib_a-s_scalbn.o)
                              y:/coen20/gcc/bin/../lib/gcc/arm-none-eabi/9.3.1/../../../../arm-none-eabi/lib/thumb/v7e-m+fp/hard\libm.a(lib_a-e_pow.o) (scalbn)
y:/coen20/gcc/bin/../lib/gcc/arm-none-eabi/9.3.1/../../../../arm-none-eabi/lib/thumb/v7e-m+fp/hard\libc.a(lib_a-errno.o)
[...]
Memory Configuration

Name             Origin             Length             Attributes
ROM              0x08000000         0x00200000         xr
RAM              0x20000000         0x00030000         xrw
CCM              0x10000000         0x00010000         xrw
*default*        0x00000000         0xffffffff

Linker script and memory map

LOAD y:/coen20/gcc/bin/../lib/gcc/arm-none-eabi/9.3.1/thumb/v7e-m+fp/hard/crti.o
LOAD y:/coen20/gcc/bin/../lib/gcc/arm-none-eabi/9.3.1/thumb/v7e-m+fp/hard/crtbegin.o
LOAD y:/coen20/gcc/bin/../lib/gcc/arm-none-eabi/9.3.1/../../../../arm-none-eabi/lib/thumb/v7e-m+fp/hard/crt0.o
LOAD obj/Lab2A-BinaryNumbers-c.o
LOAD obj/Lab2A-Main-c.o
LOAD library.a
LOAD library.a
LOAD y:/coen20/gcc/bin/../lib/gcc/arm-none-eabi/9.3.1/../../../../arm-none-eabi/lib/thumb/v7e-m+fp/hard\libm.a
LOAD y:/coen20/gcc/bin/../lib/gcc/arm-none-eabi/9.3.1/../../../../arm-none-eabi/lib/thumb/v7e-m+fp/hard\libc.a
LOAD y:/coen20/gcc/bin/../lib/gcc/arm-none-eabi/9.3.1/../../../../arm-none-eabi/lib/thumb/v7e-m+fp/hard\libnosys.a
LOAD y:/coen20/gcc/bin/../lib/gcc/arm-none-eabi/9.3.1/../../../../arm-none-eabi/lib/thumb/v7e-m+fp/hard\libc.a
START GROUP
LOAD y:/coen20/gcc/bin/../lib/gcc/arm-none-eabi/9.3.1/thumb/v7e-m+fp/hard\libgcc.a
LOAD y:/coen20/gcc/bin/../lib/gcc/arm-none-eabi/9.3.1/../../../../arm-none-eabi/lib/thumb/v7e-m+fp/hard\libc.a
END GROUP
LOAD y:/coen20/gcc/bin/../lib/gcc/arm-none-eabi/9.3.1/thumb/v7e-m+fp/hard/crtend.o
LOAD y:/coen20/gcc/bin/../lib/gcc/arm-none-eabi/9.3.1/thumb/v7e-m+fp/hard/crtn.o

.text           0x08000000    0x11a44
 *(.isr_vector)
 .isr_vector    0x08000000      0x1ac library.a(startup_stm32f429xx.o)
                0x08000000                __isr_vector
 *(.text*)
 .text          0x080001ac       0x40 y:/coen20/gcc/bin/../lib/gcc/arm-none-eabi/9.3.1/thumb/v7e-m+fp/hard/crtbegin.o
 .text          0x080001ec       0x7c y:/coen20/gcc/bin/../lib/gcc/arm-none-eabi/9.3.1/../../../../arm-none-eabi/lib/thumb/v7e-m+fp/hard/crt0.o
                0x080001ec                _stack_init
                0x080001f4                _start
                0x080001f4                _mainCRTStartup
 .text.Bits2Unsigned
                0x08000268       0x70 obj/Lab2A-BinaryNumbers-c.o
                0x08000268                Bits2Unsigned
 .text.Increment
                0x080002d8       0x64 obj/Lab2A-BinaryNumbers-c.o
                0x080002d8                Increment
 *fill*         0x0800033c        0x4 
 .text.Bits2Signed
                0x08000340      0x1a8 obj/Lab2A-BinaryNumbers-c.o
                0x08000340                Bits2Signed
 .text.Unsigned2Bits
                0x080004e8       0x38 obj/Lab2A-BinaryNumbers-c.o
                0x080004e8                Unsigned2Bits
 .text.PutStringAt
                0x08000520       0x30 obj/Lab2A-Main-c.o
 .text.Error    0x08000550      0x154 obj/Lab2A-Main-c.o
 .text.startup.main
                0x080006a4      0xccc obj/Lab2A-Main-c.o
                0x080006a4                main
 .text.TextRows
                0x08001370       0x12 library.a(initialize.o)
 .text._close   0x08001382        0x2 library.a(initialize.o)
                0x08001382                _close
 .text._fstat   0x08001384        0x2 library.a(initialize.o)
                0x08001384                _fstat
 .text._getpid  0x08001386        0x2 library.a(initialize.o)
                0x08001386                _getpid
 .text._isatty  0x08001388        0x2 library.a(initialize.o)
                0x08001388                _isatty
 .text._kill    0x0800138a        0x2 library.a(initialize.o)
                0x0800138a                _kill
 .text._lseek   0x0800138c        0x2 library.a(initialize.o)
                0x0800138c                _lseek
 .text._read    0x0800138e        0x2 library.a(initialize.o)
                0x0800138e                _read
 .text.ClearDisplay
                0x08001390       0x34 library.a(initialize.o)
                0x08001390                ClearDisplay
 .text.DisplayHeader
                0x080013c4       0x7c library.a(initialize.o)
                0x080013c4                DisplayHeader
 .text.DisplayFooter
                0x08001440       0x58 library.a(initialize.o)
                0x08001440                DisplayFooter
 .text._write   0x08001498      0x104 library.a(initialize.o)
                0x08001498                _write
 .text.InitializeHardware
                0x0800159c      0x124 library.a(initialize.o)
                0x0800159c                InitializeHardware
 .text.WaitForPushButton
                0x080016c0       0x18 library.a(initialize.o)
                0x080016c0                WaitForPushButton
 .text.GetClockCycleCount
                0x080016d8        0xc library.a(initialize.o)
                0x080016d8                GetClockCycleCount
 .text.SPIx_Init
                0x080016e4       0x98 library.a(stm32f429i_discovery.o)
 .text.SPIx_Write
                0x0800177c       0x30 library.a(stm32f429i_discovery.o)
 .text.BSP_PB_Init
                0x080017ac       0x70 library.a(stm32f429i_discovery.o)
                0x080017ac                BSP_PB_Init
 .text.BSP_PB_GetState
                0x0800181c       0x14 library.a(stm32f429i_discovery.o)
                0x0800181c                BSP_PB_GetState
 .text.LCD_IO_Init
                0x08001830       0xb0 library.a(stm32f429i_discovery.o)
                0x08001830                LCD_IO_Init
 .text.LCD_IO_WriteData
                0x080018e0       0x38 library.a(stm32f429i_discovery.o)
                0x080018e0                LCD_IO_WriteData
 .text.LCD_IO_WriteReg
                0x08001918       0x38 library.a(stm32f429i_discovery.o)
                0x08001918                LCD_IO_WriteReg
 .text.LCD_IO_ReadData
                0x08001950       0x6c library.a(stm32f429i_discovery.o)
                0x08001950                LCD_IO_ReadData
 .text.LCD_Delay
                0x080019bc        0x4 library.a(stm32f429i_discovery.o)
                0x080019bc                LCD_Delay
 .text.FillBuffer
                0x080019c0       0x64 library.a(stm32f429i_discovery_lcd.o)
 .text.BSP_LCD_GetXSize
                0x08001a24       0x10 library.a(stm32f429i_discovery_lcd.o)
                0x08001a24                BSP_LCD_GetXSize
 .text.BSP_LCD_GetYSize
                0x08001a34       0x10 library.a(stm32f429i_discovery_lcd.o)
                0x08001a34                BSP_LCD_GetYSize
 .text.BSP_LCD_LayerDefaultInit
                0x08001a44       0x7c library.a(stm32f429i_discovery_lcd.o)
                0x08001a44                BSP_LCD_LayerDefaultInit
 .text.BSP_LCD_SelectLayer
                0x08001ac0        0xc library.a(stm32f429i_discovery_lcd.o)
                0x08001ac0                BSP_LCD_SelectLayer
 .text.BSP_LCD_GetTextColor
                0x08001acc       0x18 library.a(stm32f429i_discovery_lcd.o)
                0x08001acc                BSP_LCD_GetTextColor
 .text.BSP_LCD_GetBackColor
                0x08001ae4       0x18 library.a(stm32f429i_discovery_lcd.o)
                0x08001ae4                BSP_LCD_GetBackColor
 .text.BSP_LCD_SetTextColor
                0x08001afc       0x18 library.a(stm32f429i_discovery_lcd.o)
                0x08001afc                BSP_LCD_SetTextColor
 .text.BSP_LCD_SetBackColor
                0x08001b14       0x18 library.a(stm32f429i_discovery_lcd.o)
                0x08001b14                BSP_LCD_SetBackColor
 .text.BSP_LCD_SetFont
                0x08001b2c       0x18 library.a(stm32f429i_discovery_lcd.o)
                0x08001b2c                BSP_LCD_SetFont
 .text.BSP_LCD_Init
                0x08001b44      0x1bc library.a(stm32f429i_discovery_lcd.o)
                0x08001b44                BSP_LCD_Init
 .text.BSP_LCD_GetFont
                0x08001d00       0x18 library.a(stm32f429i_discovery_lcd.o)
                0x08001d00                BSP_LCD_GetFont
 .text.BSP_LCD_Clear
                0x08001d18       0x40 library.a(stm32f429i_discovery_lcd.o)
                0x08001d18                BSP_LCD_Clear
 .text.BSP_LCD_DrawHLine
                0x08001d58       0x50 library.a(stm32f429i_discovery_lcd.o)
                0x08001d58                BSP_LCD_DrawHLine
 .text.BSP_LCD_DrawVLine
                0x08001da8       0x5c library.a(stm32f429i_discovery_lcd.o)
                0x08001da8                BSP_LCD_DrawVLine
 .text.BSP_LCD_DrawRect
                0x08001e04       0x34 library.a(stm32f429i_discovery_lcd.o)
                0x08001e04                BSP_LCD_DrawRect
 .text.BSP_LCD_FillRect
                0x08001e38       0x78 library.a(stm32f429i_discovery_lcd.o)
                0x08001e38                BSP_LCD_FillRect
 .text.BSP_LCD_DisplayOn
                0x08001eb0       0x10 library.a(stm32f429i_discovery_lcd.o)
                0x08001eb0                BSP_LCD_DisplayOn
 .text.BSP_LCD_DrawPixel
                0x08001ec0       0x2c library.a(stm32f429i_discovery_lcd.o)
                0x08001ec0                BSP_LCD_DrawPixel
 .text.BSP_LCD_DisplayChar
                0x08001eec       0xd4 library.a(stm32f429i_discovery_lcd.o)
                0x08001eec                BSP_LCD_DisplayChar
 .text.BSP_LCD_DisplayStringAt
                0x08001fc0       0x9c library.a(stm32f429i_discovery_lcd.o)
                0x08001fc0                BSP_LCD_DisplayStringAt
 .text.BSP_LCD_DrawLine
                0x0800205c       0xa4 library.a(stm32f429i_discovery_lcd.o)
                0x0800205c                BSP_LCD_DrawLine
 .text.BSP_LCD_FillTriangle
                0x08002100       0xae library.a(stm32f429i_discovery_lcd.o)
                0x08002100                BSP_LCD_FillTriangle
 *fill*         0x080021ae        0x2 
 .text.BSP_LCD_DrawCircle
                0x080021b0      0x120 library.a(stm32f429i_discovery_lcd.o)
                0x080021b0                BSP_LCD_DrawCircle
 .text.BSP_SDRAM_Initialization_sequence
                0x080022d0       0x94 library.a(stm32f429i_discovery_sdram.o)
                0x080022d0                BSP_SDRAM_Initialization_sequence
 .text.BSP_SDRAM_Init
                0x08002364      0x1c8 library.a(stm32f429i_discovery_sdram.o)
                0x08002364                BSP_SDRAM_Init
 .text.HAL_MspInit
                0x0800252c        0x2 library.a(stm32f4xx_hal.o)
                0x0800252c                HAL_MspInit
 .text.HAL_InitTick
                0x0800252e       0x28 library.a(stm32f4xx_hal.o)
                0x0800252e                HAL_InitTick
 *fill*         0x08002556        0x2 
 .text.HAL_Init
                0x08002558       0x34 library.a(stm32f4xx_hal.o)
                0x08002558                HAL_Init
 .text.HAL_IncTick
                0x0800258c       0x10 library.a(stm32f4xx_hal.o)
                0x0800258c                HAL_IncTick
 .text.HAL_GetTick
                0x0800259c        0xc library.a(stm32f4xx_hal.o)
                0x0800259c                HAL_GetTick
 .text.HAL_Delay
                0x080025a8       0x1a library.a(stm32f4xx_hal.o)
                0x080025a8                HAL_Delay
 *fill*         0x080025c2        0x2 
 .text.HAL_NVIC_SetPriorityGrouping
                0x080025c4       0x24 library.a(stm32f4xx_hal_cortex.o)
                0x080025c4                HAL_NVIC_SetPriorityGrouping
 .text.HAL_NVIC_SetPriority
                0x080025e8       0x64 library.a(stm32f4xx_hal_cortex.o)
                0x080025e8                HAL_NVIC_SetPriority
 .text.HAL_NVIC_EnableIRQ
                0x0800264c       0x18 library.a(stm32f4xx_hal_cortex.o)
                0x0800264c                HAL_NVIC_EnableIRQ
 .text.HAL_SYSTICK_Config
                0x08002664       0x28 library.a(stm32f4xx_hal_cortex.o)
                0x08002664                HAL_SYSTICK_Config
 .text.HAL_DMA_Init
                0x0800268c       0x78 library.a(stm32f4xx_hal_dma.o)
                0x0800268c                HAL_DMA_Init
 .text.HAL_DMA_DeInit
                0x08002704      0xacc library.a(stm32f4xx_hal_dma.o)
                0x08002704                HAL_DMA_DeInit
 .text.DMA2D_SetConfig
                0x080031d0       0x80 library.a(stm32f4xx_hal_dma2d.o)
 .text.HAL_DMA2D_MspInit
                0x08003250        0x2 library.a(stm32f4xx_hal_dma2d.o)
                0x08003250                HAL_DMA2D_MspInit
 .text.HAL_DMA2D_Init
                0x08003252       0x5c library.a(stm32f4xx_hal_dma2d.o)
                0x08003252                HAL_DMA2D_Init
 .text.HAL_DMA2D_Start
                0x080032ae       0x40 library.a(stm32f4xx_hal_dma2d.o)
                0x080032ae                HAL_DMA2D_Start
 .text.HAL_DMA2D_PollForTransfer
                0x080032ee       0xc4 library.a(stm32f4xx_hal_dma2d.o)
                0x080032ee                HAL_DMA2D_PollForTransfer
 *fill*         0x080033b2        0x2 
 .text.HAL_DMA2D_ConfigLayer
                0x080033b4       0xdc library.a(stm32f4xx_hal_dma2d.o)
                0x080033b4                HAL_DMA2D_ConfigLayer
 .text.HAL_GPIO_Init
                0x08003490      0x1d0 library.a(stm32f4xx_hal_gpio.o)
                0x08003490                HAL_GPIO_Init
 .text.HAL_GPIO_ReadPin
                0x08003660        0xc library.a(stm32f4xx_hal_gpio.o)
                0x08003660                HAL_GPIO_ReadPin
 .text.HAL_GPIO_WritePin
                0x0800366c        0xa library.a(stm32f4xx_hal_gpio.o)
                0x0800366c                HAL_GPIO_WritePin
 *fill*         0x08003676        0x2 
 .text.LTDC_SetConfig
                0x08003678      0x144 library.a(stm32f4xx_hal_ltdc.o)
 .text.HAL_LTDC_MspInit
                0x080037bc        0x2 library.a(stm32f4xx_hal_ltdc.o)
                0x080037bc                HAL_LTDC_MspInit
 *fill*         0x080037be        0x2 
 .text.HAL_LTDC_Init
                0x080037c0       0xfc library.a(stm32f4xx_hal_ltdc.o)
                0x080037c0                HAL_LTDC_Init
 .text.HAL_LTDC_ConfigLayer
                0x080038bc       0x5c library.a(stm32f4xx_hal_ltdc.o)
                0x080038bc                HAL_LTDC_ConfigLayer
 .text.HAL_LTDC_EnableDither
                0x08003918       0x34 library.a(stm32f4xx_hal_ltdc.o)
                0x08003918                HAL_LTDC_EnableDither
 .text.HAL_RCC_OscConfig
                0x0800394c      0x330 library.a(stm32f4xx_hal_rcc.o)
                0x0800394c                HAL_RCC_OscConfig
 .text.HAL_RCC_ClockConfig
                0x08003c7c      0x1f8 library.a(stm32f4xx_hal_rcc.o)
                0x08003c7c                HAL_RCC_ClockConfig
 .text.HAL_RCC_GetSysClockFreq
                0x08003e74       0x78 library.a(stm32f4xx_hal_rcc.o)
                0x08003e74                HAL_RCC_GetSysClockFreq
 .text.HAL_RCC_GetHCLKFreq
                0x08003eec       0x38 library.a(stm32f4xx_hal_rcc.o)
                0x08003eec                HAL_RCC_GetHCLKFreq
 .text.HAL_RCCEx_PeriphCLKConfig
                0x08003f24      0x2d8 library.a(stm32f4xx_hal_rcc_ex.o)
                0x08003f24                HAL_RCCEx_PeriphCLKConfig
 .text.HAL_SDRAM_MspInit
                0x080041fc        0x2 library.a(stm32f4xx_hal_sdram.o)
                0x080041fc                HAL_SDRAM_MspInit
 .text.HAL_SDRAM_Init
                0x080041fe       0x40 library.a(stm32f4xx_hal_sdram.o)
                0x080041fe                HAL_SDRAM_Init
 .text.HAL_SDRAM_SendCommand
                0x0800423e       0x2e library.a(stm32f4xx_hal_sdram.o)
                0x0800423e                HAL_SDRAM_SendCommand
 .text.HAL_SDRAM_ProgramRefreshRate
                0x0800426c       0x24 library.a(stm32f4xx_hal_sdram.o)
                0x0800426c                HAL_SDRAM_ProgramRefreshRate
 .text.SPI_WaitOnFlagUntilTimeout
                0x08004290       0x94 library.a(stm32f4xx_hal_spi.o)
 .text.HAL_SPI_MspInit
                0x08004324        0x2 library.a(stm32f4xx_hal_spi.o)
                0x08004324                HAL_SPI_MspInit
 .text.HAL_SPI_Init
                0x08004326       0x82 library.a(stm32f4xx_hal_spi.o)
                0x08004326                HAL_SPI_Init
 .text.HAL_SPI_MspDeInit
                0x080043a8        0x2 library.a(stm32f4xx_hal_spi.o)
                0x080043a8                HAL_SPI_MspDeInit
 .text.HAL_SPI_DeInit
                0x080043aa       0x26 library.a(stm32f4xx_hal_spi.o)
                0x080043aa                HAL_SPI_DeInit
 .text.HAL_SPI_Transmit
                0x080043d0      0x164 library.a(stm32f4xx_hal_spi.o)
                0x080043d0                HAL_SPI_Transmit
 .text.HAL_SPI_TransmitReceive
                0x08004534      0x2c2 library.a(stm32f4xx_hal_spi.o)
                0x08004534                HAL_SPI_TransmitReceive
 .text.HAL_SPI_Receive
                0x080047f6      0x1d2 library.a(stm32f4xx_hal_spi.o)
                0x080047f6                HAL_SPI_Receive
 .text.HAL_SPI_GetState
                0x080049c8        0x6 library.a(stm32f4xx_hal_spi.o)
                0x080049c8                HAL_SPI_GetState
 .text.NMI_Handler
                0x080049ce        0x2 library.a(stm32f4xx_it.o)
                0x080049ce                NMI_Handler
 .text.SVC_Handler
                0x080049d0       0x20 library.a(stm32f4xx_it.o)
                0x080049d0                SVC_Handler
 .text.DebugMon_Handler
                0x080049f0        0x2 library.a(stm32f4xx_it.o)
                0x080049f0                DebugMon_Handler
 .text.PendSV_Handler
                0x080049f2        0x2 library.a(stm32f4xx_it.o)
                0x080049f2                PendSV_Handler
 .text.SysTick_Handler
                0x080049f4        0x4 library.a(stm32f4xx_it.o)
                0x080049f4                SysTick_Handler
 .text.FMC_SDRAM_Init
                0x080049f8       0x68 library.a(stm32f4xx_ll_fmc.o)
                0x080049f8                FMC_SDRAM_Init
 .text.FMC_SDRAM_Timing_Init
                0x08004a60       0x72 library.a(stm32f4xx_ll_fmc.o)
                0x08004a60                FMC_SDRAM_Timing_Init
 .text.FMC_SDRAM_SendCommand
                0x08004ad2       0x50 library.a(stm32f4xx_ll_fmc.o)
                0x08004ad2                FMC_SDRAM_SendCommand
 .text.FMC_SDRAM_ProgramRefreshRate
                0x08004b22        0xc library.a(stm32f4xx_ll_fmc.o)
                0x08004b22                FMC_SDRAM_ProgramRefreshRate
 *fill*         0x08004b2e        0x2 
 .text.SVC_Label
                0x08004b30       0x58 library.a(svcHandler.o)
 .text.Preserve
                0x08004b88       0xa8 library.a(svcHandler.o)
 .text.HardStopHandler
                0x08004c30       0x94 library.a(svcHandler.o)
 .text.F32      0x08004cc4       0xc0 library.a(svcHandler.o)
 .text.Restore  0x08004d84       0x5c library.a(svcHandler.o)
 .text.FlPtRegs
                0x08004de0       0x9c library.a(svcHandler.o)
 .text._MemManageHandler
                0x08004e7c       0x10 library.a(svcHandler.o)
                0x08004e7c                _MemManageHandler
 .text.MemManage_Handler
                0x08004e8c        0xc library.a(svcHandler.o)
                0x08004e8c                MemManage_Handler
 .text._BusFault_Handler
                0x08004e98       0x10 library.a(svcHandler.o)
                0x08004e98                _BusFault_Handler
 .text.BusFault_Handler
                0x08004ea8        0xc library.a(svcHandler.o)
                0x08004ea8                BusFault_Handler
 .text._HardFault_Handler
                0x08004eb4       0x10 library.a(svcHandler.o)
                0x08004eb4                _HardFault_Handler
 .text.HardFault_Handler
                0x08004ec4        0xc library.a(svcHandler.o)
                0x08004ec4                HardFault_Handler
 .text._UsageFault_Handler
                0x08004ed0       0x5c library.a(svcHandler.o)
                0x08004ed0                _UsageFault_Handler
 .text.UsageFault_Handler
                0x08004f2c        0xc library.a(svcHandler.o)
                0x08004f2c                UsageFault_Handler
 .text.SVC_Exception
                0x08004f38       0xd8 library.a(svcHandler.o)
                0x08004f38                SVC_Exception
 .text.SystemInit
                0x08005010       0x4c library.a(system_stm32f4xx.o)
                0x08005010                SystemInit
 .text          0x0800505c      0x118 library.a(startup_stm32f429xx.o)
                0x0800505c                Reset_Handler
                0x080050b4                Default_Handler
                0x080050b6                WWDG_IRQHandler
                0x080050b8                PVD_IRQHandler
                0x080050ba                TAMP_STAMP_IRQHandler
                0x080050bc                RTC_WKUP_IRQHandler
                0x080050be                FLASH_IRQHandler
                0x080050c0                RCC_IRQHandler
                0x080050c2                EXTI0_IRQHandler
                0x080050c4                EXTI1_IRQHandler
                0x080050c6                EXTI2_IRQHandler
                0x080050c8                EXTI3_IRQHandler
                0x080050ca                EXTI4_IRQHandler
                0x080050cc                DMA1_Stream0_IRQHandler
                0x080050ce                DMA1_Stream1_IRQHandler
                0x080050d0                DMA1_Stream2_IRQHandler
                0x080050d2                DMA1_Stream3_IRQHandler
                0x080050d4                DMA1_Stream4_IRQHandler
                0x080050d6                DMA1_Stream5_IRQHandler
                0x080050d8                DMA1_Stream6_IRQHandler
                0x080050da                ADC_IRQHandler
                0x080050dc                CAN1_TX_IRQHandler
                0x080050de                CAN1_RX0_IRQHandler
                0x080050e0                CAN1_RX1_IRQHandler
                0x080050e2                CAN1_SCE_IRQHandler
                0x080050e4                EXTI9_5_IRQHandler
                0x080050e6                TIM1_BRK_TIM9_IRQHandler
                0x080050e8                TIM1_UP_TIM10_IRQHandler
                0x080050ea                TIM1_TRG_COM_TIM11_IRQHandler
                0x080050ec                TIM1_CC_IRQHandler
                0x080050ee                TIM2_IRQHandler
                0x080050f0                TIM3_IRQHandler
                0x080050f2                TIM4_IRQHandler
                0x080050f4                I2C1_EV_IRQHandler
                0x080050f6                I2C1_ER_IRQHandler
                0x080050f8                I2C2_EV_IRQHandler
                0x080050fa                I2C2_ER_IRQHandler
                0x080050fc                SPI1_IRQHandler
                0x080050fe                SPI2_IRQHandler
                0x08005100                USART1_IRQHandler
                0x08005102                USART2_IRQHandler
                0x08005104                USART3_IRQHandler
                0x08005106                EXTI15_10_IRQHandler
                0x08005108                RTC_Alarm_IRQHandler
                0x0800510a                OTG_FS_WKUP_IRQHandler
                0x0800510c                TIM8_BRK_TIM12_IRQHandler
                0x0800510e                TIM8_UP_TIM13_IRQHandler
                0x08005110                TIM8_TRG_COM_TIM14_IRQHandler
                0x08005112                TIM8_CC_IRQHandler
                0x08005114                DMA1_Stream7_IRQHandler
                0x08005116                FSMC_IRQHandler
                0x08005118                SDIO_IRQHandler
                0x0800511a                TIM5_IRQHandler
                0x0800511c                SPI3_IRQHandler
                0x0800511e                UART4_IRQHandler
                0x08005120                UART5_IRQHandler
                0x08005122                TIM6_DAC_IRQHandler
                0x08005124                TIM7_IRQHandler
                0x08005126                DMA2_Stream0_IRQHandler
                0x08005128                DMA2_Stream1_IRQHandler
                0x0800512a                DMA2_Stream2_IRQHandler
                0x0800512c                DMA2_Stream3_IRQHandler
                0x0800512e                DMA2_Stream4_IRQHandler
                0x08005130                ETH_IRQHandler
                0x08005132                ETH_WKUP_IRQHandler
                0x08005134                CAN2_TX_IRQHandler
                0x08005136                CAN2_RX0_IRQHandler
                0x08005138                CAN2_RX1_IRQHandler
                0x0800513a                CAN2_SCE_IRQHandler
                0x0800513c                OTG_FS_IRQHandler
                0x0800513e                DMA2_Stream5_IRQHandler
                0x08005140                DMA2_Stream6_IRQHandler
                0x08005142                DMA2_Stream7_IRQHandler
                0x08005144                USART6_IRQHandler
                0x08005146                I2C3_EV_IRQHandler
                0x08005148                I2C3_ER_IRQHandler
                0x0800514a                OTG_HS_EP1_OUT_IRQHandler
                0x0800514c                OTG_HS_EP1_IN_IRQHandler
                0x0800514e                OTG_HS_WKUP_IRQHandler
                0x08005150                OTG_HS_IRQHandler
                0x08005152                DCMI_IRQHandler
                0x08005154                CRYP_IRQHandler
                0x08005156                HASH_RNG_IRQHandler
                0x08005158                FPU_IRQHandler
                0x0800515a                UART7_IRQHandler
                0x0800515c                UART8_IRQHandler
                0x0800515e                SPI4_IRQHandler
                0x08005160                SPI5_IRQHandler
                0x08005162                SPI6_IRQHandler
                0x08005164                SAI1_IRQHandler
                0x08005166                LTDC_IRQHandler
                0x08005168                LTDC_ER_IRQHandler
                0x0800516a                DMA2D_IRQHandler
 .text.ili9341_GetLcdPixelWidth
                0x08005174        0x4 library.a(ili9341.o)
                0x08005174                ili9341_GetLcdPixelWidth
 .text.ili9341_GetLcdPixelHeight
                0x08005178        0x6 library.a(ili9341.o)
                0x08005178                ili9341_GetLcdPixelHeight
 .text.ili9341_DisplayOn
                0x0800517e        0x6 library.a(ili9341.o)
                0x0800517e                ili9341_DisplayOn
 .text.ili9341_DisplayOff
                0x08005184        0x6 library.a(ili9341.o)
                0x08005184                ili9341_DisplayOff
 .text.ili9341_Init
                0x0800518a      0x292 library.a(ili9341.o)
                0x0800518a                ili9341_Init
 .text.ili9341_ReadID
                0x0800541c       0x12 library.a(ili9341.o)
                0x0800541c                ili9341_ReadID
 *fill*         0x0800542e        0x2 
 .text.pow      0x08005430      0x1a4 y:/coen20/gcc/bin/../lib/gcc/arm-none-eabi/9.3.1/../../../../arm-none-eabi/lib/thumb/v7e-m+fp/hard\libm.a(lib_a-w_pow.o)
                0x08005430                pow
 *fill*         0x080055d4        0x4 
 .text.__ieee754_pow
                0x080055d8      0xbb4 y:/coen20/gcc/bin/../lib/gcc/arm-none-eabi/9.3.1/../../../../arm-none-eabi/lib/thumb/v7e-m+fp/hard\libm.a(lib_a-e_pow.o)
                0x080055d8                __ieee754_pow
 .text.__ieee754_sqrt
                0x0800618c      0x188 y:/coen20/gcc/bin/../lib/gcc/arm-none-eabi/9.3.1/../../../../arm-none-eabi/lib/thumb/v7e-m+fp/hard\libm.a(lib_a-e_sqrt.o)
                0x0800618c                __ieee754_sqrt
 .text.fabs     0x08006314       0x14 y:/coen20/gcc/bin/../lib/gcc/arm-none-eabi/9.3.1/../../../../arm-none-eabi/lib/thumb/v7e-m+fp/hard\libm.a(lib_a-s_fabs.o)
                0x08006314                fabs
 .text.finite   0x08006328       0x18 y:/coen20/gcc/bin/../lib/gcc/arm-none-eabi/9.3.1/../../../../arm-none-eabi/lib/thumb/v7e-m+fp/hard\libm.a(lib_a-s_finite.o)
                0x08006328                finite
 .text.nan      0x08006340       0x10 y:/coen20/gcc/bin/../lib/gcc/arm-none-eabi/9.3.1/../../../../arm-none-eabi/lib/thumb/v7e-m+fp/hard\libm.a(lib_a-s_nan.o)
                0x08006340                nan
 .text.rint     0x08006350      0x124 y:/coen20/gcc/bin/../lib/gcc/arm-none-eabi/9.3.1/../../../../arm-none-eabi/lib/thumb/v7e-m+fp/hard\libm.a(lib_a-s_rint.o)
                0x08006350                rint
 *fill*         0x08006474        0x4 
 .text.scalbn   0x08006478      0x124 y:/coen20/gcc/bin/../lib/gcc/arm-none-eabi/9.3.1/../../../../arm-none-eabi/lib/thumb/v7e-m+fp/hard\libm.a(lib_a-s_scalbn.o)
                0x08006478                scalbn
 .text.__errno  0x0800659c        0xc y:/coen20/gcc/bin/../lib/gcc/arm-none-eabi/9.3.1/../../../../arm-none-eabi/lib/thumb/v7e-m+fp/hard\libc.a(lib_a-errno.o)
                0x0800659c                __errno
 .text.exit     0x080065a8       0x20 y:/coen20/gcc/bin/../lib/gcc/arm-none-eabi/9.3.1/../../../../arm-none-eabi/lib/thumb/v7e-m+fp/hard\libc.a(lib_a-exit.o)
                0x080065a8                exit
 .text.__libc_init_array
                0x080065c8       0x48 y:/coen20/gcc/bin/../lib/gcc/arm-none-eabi/9.3.1/../../../../arm-none-eabi/lib/thumb/v7e-m+fp/hard\libc.a(lib_a-init.o)
                0x080065c8                __libc_init_array
 .text          0x08006610      0x134 y:/coen20/gcc/bin/../lib/gcc/arm-none-eabi/9.3.1/../../../../arm-none-eabi/lib/thumb/v7e-m+fp/hard\libc.a(lib_a-memcpy.o)
                0x08006610                memcpy
 .text.memset   0x08006744       0xa0 y:/coen20/gcc/bin/../lib/gcc/arm-none-eabi/9.3.1/../../../../arm-none-eabi/lib/thumb/v7e-m+fp/hard\libc.a(lib_a-memset.o)
                0x08006744                memset
 .text.sprintf  0x080067e4       0x44 y:/coen20/gcc/bin/../lib/gcc/arm-none-eabi/9.3.1/../../../../arm-none-eabi/lib/thumb/v7e-m+fp/hard\libc.a(lib_a-sprintf.o)
                0x080067e4                sprintf
 .text.strcpy   0x08006828       0xbc y:/coen20/gcc/bin/../lib/gcc/arm-none-eabi/9.3.1/../../../../arm-none-eabi/lib/thumb/v7e-m+fp/hard\libc.a(lib_a-strcpy.o)
                0x08006828                strcpy
 *fill*         0x080068e4       0x1c 
 .text          0x08006900       0xdc y:/coen20/gcc/bin/../lib/gcc/arm-none-eabi/9.3.1/../../../../arm-none-eabi/lib/thumb/v7e-m+fp/hard\libc.a(lib_a-strlen.o)
                0x08006900                strlen
 *fill*         0x080069dc        0x4 
 .text._svfprintf_r
                0x080069e0     0x1b38 y:/coen20/gcc/bin/../lib/gcc/arm-none-eabi/9.3.1/../../../../arm-none-eabi/lib/thumb/v7e-m+fp/hard\libc.a(lib_a-svfprintf.o)
                0x080069e0                _svfprintf_r
 .text._vsprintf_r
                0x08008518       0x28 y:/coen20/gcc/bin/../lib/gcc/arm-none-eabi/9.3.1/../../../../arm-none-eabi/lib/thumb/v7e-m+fp/hard\libc.a(lib_a-vsprintf.o)
                0x08008518                _vsprintf_r
 .text.vsprintf
                0x08008540       0x18 y:/coen20/gcc/bin/../lib/gcc/arm-none-eabi/9.3.1/../../../../arm-none-eabi/lib/thumb/v7e-m+fp/hard\libc.a(lib_a-vsprintf.o)
                0x08008540                vsprintf
 .text.__swsetup_r
                0x08008558       0xd0 y:/coen20/gcc/bin/../lib/gcc/arm-none-eabi/9.3.1/../../../../arm-none-eabi/lib/thumb/v7e-m+fp/hard\libc.a(lib_a-wsetup.o)
                0x08008558                __swsetup_r
 .text.startup.register_fini
                0x08008628       0x14 y:/coen20/gcc/bin/../lib/gcc/arm-none-eabi/9.3.1/../../../../arm-none-eabi/lib/thumb/v7e-m+fp/hard\libc.a(lib_a-__call_atexit.o)
 .text.__call_exitprocs
                0x0800863c       0xcc y:/coen20/gcc/bin/../lib/gcc/arm-none-eabi/9.3.1/../../../../arm-none-eabi/lib/thumb/v7e-m+fp/hard\libc.a(lib_a-__call_atexit.o)
                0x0800863c                __call_exitprocs
 .text.atexit   0x08008708        0xc y:/coen20/gcc/bin/../lib/gcc/arm-none-eabi/9.3.1/../../../../arm-none-eabi/lib/thumb/v7e-m+fp/hard\libc.a(lib_a-atexit.o)
                0x08008708                atexit
 .text.quorem   0x08008714      0x11c y:/coen20/gcc/bin/../lib/gcc/arm-none-eabi/9.3.1/../../../../arm-none-eabi/lib/thumb/v7e-m+fp/hard\libc.a(lib_a-dtoa.o)
 .text._dtoa_r  0x08008830      0xf44 y:/coen20/gcc/bin/../lib/gcc/arm-none-eabi/9.3.1/../../../../arm-none-eabi/lib/thumb/v7e-m+fp/hard\libc.a(lib_a-dtoa.o)
                0x08008830                _dtoa_r
 .text.__sflush_r
                0x08009774      0x130 y:/coen20/gcc/bin/../lib/gcc/arm-none-eabi/9.3.1/../../../../arm-none-eabi/lib/thumb/v7e-m+fp/hard\libc.a(lib_a-fflush.o)
                0x08009774                __sflush_r
 .text._fflush_r
                0x080098a4       0x5c y:/coen20/gcc/bin/../lib/gcc/arm-none-eabi/9.3.1/../../../../arm-none-eabi/lib/thumb/v7e-m+fp/hard\libc.a(lib_a-fflush.o)
                0x080098a4                _fflush_r
 .text.std      0x08009900       0x50 y:/coen20/gcc/bin/../lib/gcc/arm-none-eabi/9.3.1/../../../../arm-none-eabi/lib/thumb/v7e-m+fp/hard\libc.a(lib_a-findfp.o)
 .text._cleanup_r
                0x08009950        0xc y:/coen20/gcc/bin/../lib/gcc/arm-none-eabi/9.3.1/../../../../arm-none-eabi/lib/thumb/v7e-m+fp/hard\libc.a(lib_a-findfp.o)
                0x08009950                _cleanup_r
 .text.__sinit  0x0800995c       0x54 y:/coen20/gcc/bin/../lib/gcc/arm-none-eabi/9.3.1/../../../../arm-none-eabi/lib/thumb/v7e-m+fp/hard\libc.a(lib_a-findfp.o)
                0x0800995c                __sinit
 .text.__sfp_lock_acquire
                0x080099b0        0xc y:/coen20/gcc/bin/../lib/gcc/arm-none-eabi/9.3.1/../../../../arm-none-eabi/lib/thumb/v7e-m+fp/hard\libc.a(lib_a-findfp.o)
                0x080099b0                __sfp_lock_acquire
 .text.__sfp_lock_release
                0x080099bc        0xc y:/coen20/gcc/bin/../lib/gcc/arm-none-eabi/9.3.1/../../../../arm-none-eabi/lib/thumb/v7e-m+fp/hard\libc.a(lib_a-findfp.o)
                0x080099bc                __sfp_lock_release
 .text.__libc_fini_array
                0x080099c8       0x2c y:/coen20/gcc/bin/../lib/gcc/arm-none-eabi/9.3.1/../../../../arm-none-eabi/lib/thumb/v7e-m+fp/hard\libc.a(lib_a-fini.o)
                0x080099c8                __libc_fini_array
 .text._malloc_trim_r
                0x080099f4       0xa0 y:/coen20/gcc/bin/../lib/gcc/arm-none-eabi/9.3.1/../../../../arm-none-eabi/lib/thumb/v7e-m+fp/hard\libc.a(lib_a-freer.o)
                0x080099f4                _malloc_trim_r
 .text._free_r  0x08009a94      0x208 y:/coen20/gcc/bin/../lib/gcc/arm-none-eabi/9.3.1/../../../../arm-none-eabi/lib/thumb/v7e-m+fp/hard\libc.a(lib_a-freer.o)
                0x08009a94                _free_r
 .text._fwalk_reent
                0x08009c9c       0x48 y:/coen20/gcc/bin/../lib/gcc/arm-none-eabi/9.3.1/../../../../arm-none-eabi/lib/thumb/v7e-m+fp/hard\libc.a(lib_a-fwalk.o)
                0x08009c9c                _fwalk_reent
 .text._localeconv_r
                0x08009ce4        0x8 y:/coen20/gcc/bin/../lib/gcc/arm-none-eabi/9.3.1/../../../../arm-none-eabi/lib/thumb/v7e-m+fp/hard\libc.a(lib_a-localeconv.o)
                0x08009ce4                _localeconv_r
 .text.__retarget_lock_init_recursive
                0x08009cec        0x4 y:/coen20/gcc/bin/../lib/gcc/arm-none-eabi/9.3.1/../../../../arm-none-eabi/lib/thumb/v7e-m+fp/hard\libc.a(lib_a-lock.o)
                0x08009cec                __retarget_lock_init_recursive
 .text.__retarget_lock_close_recursive
                0x08009cf0        0x4 y:/coen20/gcc/bin/../lib/gcc/arm-none-eabi/9.3.1/../../../../arm-none-eabi/lib/thumb/v7e-m+fp/hard\libc.a(lib_a-lock.o)
                0x08009cf0                __retarget_lock_close_recursive
 .text.__retarget_lock_acquire_recursive
                0x08009cf4        0x4 y:/coen20/gcc/bin/../lib/gcc/arm-none-eabi/9.3.1/../../../../arm-none-eabi/lib/thumb/v7e-m+fp/hard\libc.a(lib_a-lock.o)
                0x08009cf4                __retarget_lock_acquire_recursive
 .text.__retarget_lock_release_recursive
                0x08009cf8        0x4 y:/coen20/gcc/bin/../lib/gcc/arm-none-eabi/9.3.1/../../../../arm-none-eabi/lib/thumb/v7e-m+fp/hard\libc.a(lib_a-lock.o)
                0x08009cf8                __retarget_lock_release_recursive
 .text.__swhatbuf_r
                0x08009cfc       0x5c y:/coen20/gcc/bin/../lib/gcc/arm-none-eabi/9.3.1/../../../../arm-none-eabi/lib/thumb/v7e-m+fp/hard\libc.a(lib_a-makebuf.o)
                0x08009cfc                __swhatbuf_r
 .text.__smakebuf_r
                0x08009d58       0x98 y:/coen20/gcc/bin/../lib/gcc/arm-none-eabi/9.3.1/../../../../arm-none-eabi/lib/thumb/v7e-m+fp/hard\libc.a(lib_a-makebuf.o)
                0x08009d58                __smakebuf_r
 .text._malloc_r
                0x08009df0      0x574 y:/coen20/gcc/bin/../lib/gcc/arm-none-eabi/9.3.1/../../../../arm-none-eabi/lib/thumb/v7e-m+fp/hard\libc.a(lib_a-mallocr.o)
                0x08009df0                _malloc_r
 *fill*         0x0800a364        0xc 
 .text          0x0800a370       0xa0 y:/coen20/gcc/bin/../lib/gcc/arm-none-eabi/9.3.1/../../../../arm-none-eabi/lib/thumb/v7e-m+fp/hard\libc.a(lib_a-memchr.o)
                0x0800a370                memchr
 .text.__malloc_lock
                0x0800a410        0xc y:/coen20/gcc/bin/../lib/gcc/arm-none-eabi/9.3.1/../../../../arm-none-eabi/lib/thumb/v7e-m+fp/hard\libc.a(lib_a-mlock.o)
                0x0800a410                __malloc_lock
 .text.__malloc_unlock
                0x0800a41c        0xc y:/coen20/gcc/bin/../lib/gcc/arm-none-eabi/9.3.1/../../../../arm-none-eabi/lib/thumb/v7e-m+fp/hard\libc.a(lib_a-mlock.o)
                0x0800a41c                __malloc_unlock
 .text._Balloc  0x0800a428       0x4c y:/coen20/gcc/bin/../lib/gcc/arm-none-eabi/9.3.1/../../../../arm-none-eabi/lib/thumb/v7e-m+fp/hard\libc.a(lib_a-mprec.o)
                0x0800a428                _Balloc
 .text._Bfree   0x0800a474       0x14 y:/coen20/gcc/bin/../lib/gcc/arm-none-eabi/9.3.1/../../../../arm-none-eabi/lib/thumb/v7e-m+fp/hard\libc.a(lib_a-mprec.o)
                0x0800a474                _Bfree
 .text.__multadd
                0x0800a488       0xac y:/coen20/gcc/bin/../lib/gcc/arm-none-eabi/9.3.1/../../../../arm-none-eabi/lib/thumb/v7e-m+fp/hard\libc.a(lib_a-mprec.o)
                0x0800a488                __multadd
 .text.__hi0bits
                0x0800a534       0x40 y:/coen20/gcc/bin/../lib/gcc/arm-none-eabi/9.3.1/../../../../arm-none-eabi/lib/thumb/v7e-m+fp/hard\libc.a(lib_a-mprec.o)
                0x0800a534                __hi0bits
 .text.__lo0bits
                0x0800a574       0x60 y:/coen20/gcc/bin/../lib/gcc/arm-none-eabi/9.3.1/../../../../arm-none-eabi/lib/thumb/v7e-m+fp/hard\libc.a(lib_a-mprec.o)
                0x0800a574                __lo0bits
 .text.__i2b    0x0800a5d4       0x2c y:/coen20/gcc/bin/../lib/gcc/arm-none-eabi/9.3.1/../../../../arm-none-eabi/lib/thumb/v7e-m+fp/hard\libc.a(lib_a-mprec.o)
                0x0800a5d4                __i2b
 .text.__multiply
                0x0800a600      0x160 y:/coen20/gcc/bin/../lib/gcc/arm-none-eabi/9.3.1/../../../../arm-none-eabi/lib/thumb/v7e-m+fp/hard\libc.a(lib_a-mprec.o)
                0x0800a600                __multiply
 .text.__pow5mult
                0x0800a760       0x98 y:/coen20/gcc/bin/../lib/gcc/arm-none-eabi/9.3.1/../../../../arm-none-eabi/lib/thumb/v7e-m+fp/hard\libc.a(lib_a-mprec.o)
                0x0800a760                __pow5mult
 .text.__lshift
                0x0800a7f8       0xe8 y:/coen20/gcc/bin/../lib/gcc/arm-none-eabi/9.3.1/../../../../arm-none-eabi/lib/thumb/v7e-m+fp/hard\libc.a(lib_a-mprec.o)
                0x0800a7f8                __lshift
 .text.__mcmp   0x0800a8e0       0x3c y:/coen20/gcc/bin/../lib/gcc/arm-none-eabi/9.3.1/../../../../arm-none-eabi/lib/thumb/v7e-m+fp/hard\libc.a(lib_a-mprec.o)
                0x0800a8e0                __mcmp
 .text.__mdiff  0x0800a91c      0x148 y:/coen20/gcc/bin/../lib/gcc/arm-none-eabi/9.3.1/../../../../arm-none-eabi/lib/thumb/v7e-m+fp/hard\libc.a(lib_a-mprec.o)
                0x0800a91c                __mdiff
 .text.__d2b    0x0800aa64       0xd0 y:/coen20/gcc/bin/../lib/gcc/arm-none-eabi/9.3.1/../../../../arm-none-eabi/lib/thumb/v7e-m+fp/hard\libc.a(lib_a-mprec.o)
                0x0800aa64                __d2b
 .text.frexp    0x0800ab34       0x6c y:/coen20/gcc/bin/../lib/gcc/arm-none-eabi/9.3.1/../../../../arm-none-eabi/lib/thumb/v7e-m+fp/hard\libc.a(lib_a-s_frexp.o)
                0x0800ab34                frexp
 .text._sbrk_r  0x0800aba0       0x24 y:/coen20/gcc/bin/../lib/gcc/arm-none-eabi/9.3.1/../../../../arm-none-eabi/lib/thumb/v7e-m+fp/hard\libc.a(lib_a-sbrkr.o)
                0x0800aba0                _sbrk_r
 .text.__sread  0x0800abc4       0x24 y:/coen20/gcc/bin/../lib/gcc/arm-none-eabi/9.3.1/../../../../arm-none-eabi/lib/thumb/v7e-m+fp/hard\libc.a(lib_a-stdio.o)
                0x0800abc4                __sread
 .text.__swrite
                0x0800abe8       0x40 y:/coen20/gcc/bin/../lib/gcc/arm-none-eabi/9.3.1/../../../../arm-none-eabi/lib/thumb/v7e-m+fp/hard\libc.a(lib_a-stdio.o)
                0x0800abe8                __swrite
 .text.__sseek  0x0800ac28       0x20 y:/coen20/gcc/bin/../lib/gcc/arm-none-eabi/9.3.1/../../../../arm-none-eabi/lib/thumb/v7e-m+fp/hard\libc.a(lib_a-stdio.o)
                0x0800ac28                __sseek
 .text.__sclose
                0x0800ac48        0x8 y:/coen20/gcc/bin/../lib/gcc/arm-none-eabi/9.3.1/../../../../arm-none-eabi/lib/thumb/v7e-m+fp/hard\libc.a(lib_a-stdio.o)
                0x0800ac48                __sclose
 .text.strncpy  0x0800ac50       0x68 y:/coen20/gcc/bin/../lib/gcc/arm-none-eabi/9.3.1/../../../../arm-none-eabi/lib/thumb/v7e-m+fp/hard\libc.a(lib_a-strncpy.o)
                0x0800ac50                strncpy
 .text.__ssprint_r
                0x0800acb8       0xf8 y:/coen20/gcc/bin/../lib/gcc/arm-none-eabi/9.3.1/../../../../arm-none-eabi/lib/thumb/v7e-m+fp/hard\libc.a(lib_a-svfiprintf.o)
                0x0800acb8                __ssprint_r
 .text.__sprint_r.part.0
                0x0800adb0       0x78 y:/coen20/gcc/bin/../lib/gcc/arm-none-eabi/9.3.1/../../../../arm-none-eabi/lib/thumb/v7e-m+fp/hard\libc.a(lib_a-vfiprintf.o)
 .text._vfiprintf_r
                0x0800ae28      0xd4c y:/coen20/gcc/bin/../lib/gcc/arm-none-eabi/9.3.1/../../../../arm-none-eabi/lib/thumb/v7e-m+fp/hard\libc.a(lib_a-vfiprintf.o)
                0x0800ae28                _vfiprintf_r
 .text.__sbprintf
                0x0800bb74       0x84 y:/coen20/gcc/bin/../lib/gcc/arm-none-eabi/9.3.1/../../../../arm-none-eabi/lib/thumb/v7e-m+fp/hard\libc.a(lib_a-vfiprintf.o)
 .text._write_r
                0x0800bbf8       0x2c y:/coen20/gcc/bin/../lib/gcc/arm-none-eabi/9.3.1/../../../../arm-none-eabi/lib/thumb/v7e-m+fp/hard\libc.a(lib_a-writer.o)
                0x0800bbf8                _write_r
 .text.__register_exitproc
                0x0800bc24       0x8c y:/coen20/gcc/bin/../lib/gcc/arm-none-eabi/9.3.1/../../../../arm-none-eabi/lib/thumb/v7e-m+fp/hard\libc.a(lib_a-__atexit.o)
                0x0800bc24                __register_exitproc
 .text.__assert_func
                0x0800bcb0       0x3c y:/coen20/gcc/bin/../lib/gcc/arm-none-eabi/9.3.1/../../../../arm-none-eabi/lib/thumb/v7e-m+fp/hard\libc.a(lib_a-assert.o)
                0x0800bcb0                __assert_func
 .text._calloc_r
                0x0800bcec       0x60 y:/coen20/gcc/bin/../lib/gcc/arm-none-eabi/9.3.1/../../../../arm-none-eabi/lib/thumb/v7e-m+fp/hard\libc.a(lib_a-callocr.o)
                0x0800bcec                _calloc_r
 .text._close_r
                0x0800bd4c       0x24 y:/coen20/gcc/bin/../lib/gcc/arm-none-eabi/9.3.1/../../../../arm-none-eabi/lib/thumb/v7e-m+fp/hard\libc.a(lib_a-closer.o)
                0x0800bd4c                _close_r
 .text._fclose_r
                0x0800bd70       0xcc y:/coen20/gcc/bin/../lib/gcc/arm-none-eabi/9.3.1/../../../../arm-none-eabi/lib/thumb/v7e-m+fp/hard\libc.a(lib_a-fclose.o)
                0x0800bd70                _fclose_r
 .text.fiprintf
                0x0800be3c       0x28 y:/coen20/gcc/bin/../lib/gcc/arm-none-eabi/9.3.1/../../../../arm-none-eabi/lib/thumb/v7e-m+fp/hard\libc.a(lib_a-fiprintf.o)
                0x0800be3c                fiprintf
 .text.__fputwc
                0x0800be64       0xa8 y:/coen20/gcc/bin/../lib/gcc/arm-none-eabi/9.3.1/../../../../arm-none-eabi/lib/thumb/v7e-m+fp/hard\libc.a(lib_a-fputwc.o)
                0x0800be64                __fputwc
 .text._fputwc_r
                0x0800bf0c       0x68 y:/coen20/gcc/bin/../lib/gcc/arm-none-eabi/9.3.1/../../../../arm-none-eabi/lib/thumb/v7e-m+fp/hard\libc.a(lib_a-fputwc.o)
                0x0800bf0c                _fputwc_r
 .text._fstat_r
                0x0800bf74       0x2c y:/coen20/gcc/bin/../lib/gcc/arm-none-eabi/9.3.1/../../../../arm-none-eabi/lib/thumb/v7e-m+fp/hard\libc.a(lib_a-fstatr.o)
                0x0800bf74                _fstat_r
 .text.__sfvwrite_r
                0x0800bfa0      0x2e0 y:/coen20/gcc/bin/../lib/gcc/arm-none-eabi/9.3.1/../../../../arm-none-eabi/lib/thumb/v7e-m+fp/hard\libc.a(lib_a-fvwrite.o)
                0x0800bfa0                __sfvwrite_r
 .text._isatty_r
                0x0800c280       0x24 y:/coen20/gcc/bin/../lib/gcc/arm-none-eabi/9.3.1/../../../../arm-none-eabi/lib/thumb/v7e-m+fp/hard\libc.a(lib_a-isattyr.o)
                0x0800c280                _isatty_r
 .text.__locale_mb_cur_max
                0x0800c2a4        0xc y:/coen20/gcc/bin/../lib/gcc/arm-none-eabi/9.3.1/../../../../arm-none-eabi/lib/thumb/v7e-m+fp/hard\libc.a(lib_a-locale.o)
                0x0800c2a4                __locale_mb_cur_max
 .text._lseek_r
                0x0800c2b0       0x2c y:/coen20/gcc/bin/../lib/gcc/arm-none-eabi/9.3.1/../../../../arm-none-eabi/lib/thumb/v7e-m+fp/hard\libc.a(lib_a-lseekr.o)
                0x0800c2b0                _lseek_r
 .text.__ascii_mbtowc
                0x0800c2dc       0x2c y:/coen20/gcc/bin/../lib/gcc/arm-none-eabi/9.3.1/../../../../arm-none-eabi/lib/thumb/v7e-m+fp/hard\libc.a(lib_a-mbtowc_r.o)
                0x0800c2dc                __ascii_mbtowc
 .text.memmove  0x0800c308       0xd8 y:/coen20/gcc/bin/../lib/gcc/arm-none-eabi/9.3.1/../../../../arm-none-eabi/lib/thumb/v7e-m+fp/hard\libc.a(lib_a-memmove.o)
                0x0800c308                memmove
 .text._read_r  0x0800c3e0       0x2c y:/coen20/gcc/bin/../lib/gcc/arm-none-eabi/9.3.1/../../../../arm-none-eabi/lib/thumb/v7e-m+fp/hard\libc.a(lib_a-readr.o)
                0x0800c3e0                _read_r
 .text._realloc_r
                0x0800c40c      0x3e0 y:/coen20/gcc/bin/../lib/gcc/arm-none-eabi/9.3.1/../../../../arm-none-eabi/lib/thumb/v7e-m+fp/hard\libc.a(lib_a-reallocr.o)
                0x0800c40c                _realloc_r
 .text.__swbuf_r
                0x0800c7ec       0xb0 y:/coen20/gcc/bin/../lib/gcc/arm-none-eabi/9.3.1/../../../../arm-none-eabi/lib/thumb/v7e-m+fp/hard\libc.a(lib_a-wbuf.o)
                0x0800c7ec                __swbuf_r
 .text._wcrtomb_r
                0x0800c89c       0x3c y:/coen20/gcc/bin/../lib/gcc/arm-none-eabi/9.3.1/../../../../arm-none-eabi/lib/thumb/v7e-m+fp/hard\libc.a(lib_a-wcrtomb.o)
                0x0800c89c                _wcrtomb_r
 .text.__ascii_wctomb
                0x0800c8d8       0x1c y:/coen20/gcc/bin/../lib/gcc/arm-none-eabi/9.3.1/../../../../arm-none-eabi/lib/thumb/v7e-m+fp/hard\libc.a(lib_a-wctomb_r.o)
                0x0800c8d8                __ascii_wctomb
 .text.abort    0x0800c8f4       0x10 y:/coen20/gcc/bin/../lib/gcc/arm-none-eabi/9.3.1/../../../../arm-none-eabi/lib/thumb/v7e-m+fp/hard\libc.a(lib_a-abort.o)
                0x0800c8f4                abort
 .text._raise_r
                0x0800c904       0x58 y:/coen20/gcc/bin/../lib/gcc/arm-none-eabi/9.3.1/../../../../arm-none-eabi/lib/thumb/v7e-m+fp/hard\libc.a(lib_a-signal.o)
                0x0800c904                _raise_r
 .text.raise    0x0800c95c       0x10 y:/coen20/gcc/bin/../lib/gcc/arm-none-eabi/9.3.1/../../../../arm-none-eabi/lib/thumb/v7e-m+fp/hard\libc.a(lib_a-signal.o)
                0x0800c95c                raise
 .text._kill_r  0x0800c96c       0x2c y:/coen20/gcc/bin/../lib/gcc/arm-none-eabi/9.3.1/../../../../arm-none-eabi/lib/thumb/v7e-m+fp/hard\libc.a(lib_a-signalr.o)
                0x0800c96c                _kill_r
 .text._getpid_r
                0x0800c998        0x4 y:/coen20/gcc/bin/../lib/gcc/arm-none-eabi/9.3.1/../../../../arm-none-eabi/lib/thumb/v7e-m+fp/hard\libc.a(lib_a-signalr.o)
                0x0800c998                _getpid_r
 .text._sbrk    0x0800c99c       0x1c y:/coen20/gcc/bin/../lib/gcc/arm-none-eabi/9.3.1/../../../../arm-none-eabi/lib/thumb/v7e-m+fp/hard\libnosys.a(sbrk.o)
                0x0800c99c                _sbrk
 .text._exit    0x0800c9b8        0x4 y:/coen20/gcc/bin/../lib/gcc/arm-none-eabi/9.3.1/../../../../arm-none-eabi/lib/thumb/v7e-m+fp/hard\libnosys.a(_exit.o)
                0x0800c9b8                _exit
 .text          0x0800c9bc      0x378 y:/coen20/gcc/bin/../lib/gcc/arm-none-eabi/9.3.1/thumb/v7e-m+fp/hard\libgcc.a(_arm_addsubdf3.o)
                0x0800c9bc                __aeabi_drsub
                0x0800c9c4                __aeabi_dsub
                0x0800c9c4                __subdf3
                0x0800c9c8                __aeabi_dadd
                0x0800c9c8                __adddf3
                0x0800cc40                __floatunsidf
                0x0800cc40                __aeabi_ui2d
                0x0800cc60                __floatsidf
                0x0800cc60                __aeabi_i2d
                0x0800cc84                __aeabi_f2d
                0x0800cc84                __extendsfdf2
                0x0800ccc8                __floatundidf
                0x0800ccc8                __aeabi_ul2d
                0x0800ccd8                __floatdidf
                0x0800ccd8                __aeabi_l2d
 .text          0x0800cd34      0x424 y:/coen20/gcc/bin/../lib/gcc/arm-none-eabi/9.3.1/thumb/v7e-m+fp/hard\libgcc.a(_arm_muldivdf3.o)
                0x0800cd34                __aeabi_dmul
                0x0800cd34                __muldf3
                0x0800cf88                __divdf3
                0x0800cf88                __aeabi_ddiv
 .text          0x0800d158      0x110 y:/coen20/gcc/bin/../lib/gcc/arm-none-eabi/9.3.1/thumb/v7e-m+fp/hard\libgcc.a(_arm_cmpdf2.o)
                0x0800d158                __gtdf2
                0x0800d158                __gedf2
                0x0800d160                __ltdf2
                0x0800d160                __ledf2
                0x0800d168                __nedf2
                0x0800d168                __eqdf2
                0x0800d168                __cmpdf2
                0x0800d1e4                __aeabi_cdrcmple
                0x0800d1f4                __aeabi_cdcmpeq
                0x0800d1f4                __aeabi_cdcmple
                0x0800d204                __aeabi_dcmpeq
                0x0800d218                __aeabi_dcmplt
                0x0800d22c                __aeabi_dcmple
                0x0800d240                __aeabi_dcmpge
                0x0800d254                __aeabi_dcmpgt
 .text          0x0800d268       0x2c y:/coen20/gcc/bin/../lib/gcc/arm-none-eabi/9.3.1/thumb/v7e-m+fp/hard\libgcc.a(_arm_unorddf2.o)
                0x0800d268                __unorddf2
                0x0800d268                __aeabi_dcmpun
 .text          0x0800d294       0x50 y:/coen20/gcc/bin/../lib/gcc/arm-none-eabi/9.3.1/thumb/v7e-m+fp/hard\libgcc.a(_arm_fixdfsi.o)
                0x0800d294                __aeabi_d2iz
                0x0800d294                __fixdfsi
 .text          0x0800d2e4       0x30 y:/coen20/gcc/bin/../lib/gcc/arm-none-eabi/9.3.1/thumb/v7e-m+fp/hard\libgcc.a(_aeabi_uldivmod.o)
                0x0800d2e4                __aeabi_uldivmod
 .text          0x0800d314      0x2c4 y:/coen20/gcc/bin/../lib/gcc/arm-none-eabi/9.3.1/thumb/v7e-m+fp/hard\libgcc.a(_udivmoddi4.o)
                0x0800d314                __udivmoddi4
 .text          0x0800d5d8        0x4 y:/coen20/gcc/bin/../lib/gcc/arm-none-eabi/9.3.1/thumb/v7e-m+fp/hard\libgcc.a(_dvmd_tls.o)
                0x0800d5d8                __aeabi_idiv0
                0x0800d5d8                __aeabi_ldiv0
 *(.init)
 .init          0x0800d5dc        0x4 y:/coen20/gcc/bin/../lib/gcc/arm-none-eabi/9.3.1/thumb/v7e-m+fp/hard/crti.o
                0x0800d5dc                _init
 .init          0x0800d5e0        0x8 y:/coen20/gcc/bin/../lib/gcc/arm-none-eabi/9.3.1/thumb/v7e-m+fp/hard/crtn.o
 *(.fini)
 .fini          0x0800d5e8        0x4 y:/coen20/gcc/bin/../lib/gcc/arm-none-eabi/9.3.1/thumb/v7e-m+fp/hard/crti.o
                0x0800d5e8                _fini
 .fini          0x0800d5ec        0x8 y:/coen20/gcc/bin/../lib/gcc/arm-none-eabi/9.3.1/thumb/v7e-m+fp/hard/crtn.o
 *crtbegin.o(.ctors)
 *crtbegin?.o(.ctors)
 *(EXCLUDE_FILE(*crtend.o *crtend?.o) .ctors)
 *(SORT_BY_NAME(.ctors.*))
 *(.ctors)
 *crtbegin.o(.dtors)
 *crtbegin?.o(.dtors)
 *(EXCLUDE_FILE(*crtend.o *crtend?.o) .dtors)
 *(SORT_BY_NAME(.dtors.*))
 *(.dtors)
 *(.rodata*)
 .rodata.Error.str1.4
                0x0800d5f4       0x3d obj/Lab2A-Main-c.o
 *fill*         0x0800d631        0x3 
 .rodata.main.str1.4
                0x0800d634       0xd0 obj/Lab2A-Main-c.o
 .rodata.DisplayHeader.str1.1
                0x0800d704       0x27 library.a(initialize.o)
 .rodata._write.str1.1
                0x0800d72b       0x27 library.a(initialize.o)
                                  0x1 (size before relaxing)
 .rodata.Font12_Table
                0x0800d72b      0x474 library.a(stm32f429i_discovery_lcd.o)
                0x0800d72b                Font12_Table
 .rodata.Font16_Table
                0x0800db9f      0xbe0 library.a(stm32f429i_discovery_lcd.o)
                0x0800db9f                Font16_Table
 .rodata.Font20_Table
                0x0800e77f      0xed8 library.a(stm32f429i_discovery_lcd.o)
                0x0800e77f                Font20_Table
 .rodata.Font24_Table
                0x0800f657     0x1ab8 library.a(stm32f429i_discovery_lcd.o)
                0x0800f657                Font24_Table
 .rodata.Font8_Table
                0x0801110f      0x2f8 library.a(stm32f429i_discovery_lcd.o)
                0x0801110f                Font8_Table
 .rodata.CSWTCH.4
                0x08011407        0x7 library.a(stm32f4xx_hal_ltdc.o)
 .rodata.APBAHBPrescTable
                0x0801140e       0x10 library.a(stm32f4xx_hal_rcc.o)
                0x0801140e                APBAHBPrescTable
 .rodata.SVC_Label.str1.1
                0x0801141e        0xe library.a(svcHandler.o)
 .rodata.F32.str1.1
                0x0801142c       0x20 library.a(svcHandler.o)
 .rodata.FlPtRegs.str1.1
                0x0801144c       0x1a library.a(svcHandler.o)
 .rodata._MemManageHandler.str1.1
                0x08011466       0x10 library.a(svcHandler.o)
 .rodata._BusFault_Handler.str1.1
                0x08011476        0xb library.a(svcHandler.o)
 .rodata._HardFault_Handler.str1.1
                0x08011481        0xc library.a(svcHandler.o)
 .rodata._UsageFault_Handler.str1.1
                0x0801148d       0x76 library.a(svcHandler.o)
 .rodata.SVC_Exception.str1.1
                0x08011503       0x15 library.a(svcHandler.o)
 .rodata.str1.1
                0x08011518      0x11e library.a(svcHandler.o)
 .rodata.__ieee754_pow.str1.4
                0x08011636       0xd0 y:/coen20/gcc/bin/../lib/gcc/arm-none-eabi/9.3.1/../../../../arm-none-eabi/lib/thumb/v7e-m+fp/hard\libm.a(lib_a-e_pow.o)
                                  0x1 (size before relaxing)
 *fill*         0x08011636        0x2 
 .rodata.TWO52  0x08011638       0x10 y:/coen20/gcc/bin/../lib/gcc/arm-none-eabi/9.3.1/../../../../arm-none-eabi/lib/thumb/v7e-m+fp/hard\libm.a(lib_a-s_rint.o)
 .rodata._global_impure_ptr
                0x08011648        0x4 y:/coen20/gcc/bin/../lib/gcc/arm-none-eabi/9.3.1/../../../../arm-none-eabi/lib/thumb/v7e-m+fp/hard\libc.a(lib_a-impure.o)
                0x08011648                _global_impure_ptr
 .rodata._svfprintf_r.str1.4
                0x0801164c       0x3f y:/coen20/gcc/bin/../lib/gcc/arm-none-eabi/9.3.1/../../../../arm-none-eabi/lib/thumb/v7e-m+fp/hard\libc.a(lib_a-svfprintf.o)
                                 0x42 (size before relaxing)
 *fill*         0x0801168b        0x1 
 .rodata.blanks.8698
                0x0801168c       0x10 y:/coen20/gcc/bin/../lib/gcc/arm-none-eabi/9.3.1/../../../../arm-none-eabi/lib/thumb/v7e-m+fp/hard\libc.a(lib_a-svfprintf.o)
 .rodata.zeroes.8699
                0x0801169c       0x10 y:/coen20/gcc/bin/../lib/gcc/arm-none-eabi/9.3.1/../../../../arm-none-eabi/lib/thumb/v7e-m+fp/hard\libc.a(lib_a-svfprintf.o)
 .rodata._dtoa_r.str1.4
                0x080116ac       0xa0 y:/coen20/gcc/bin/../lib/gcc/arm-none-eabi/9.3.1/../../../../arm-none-eabi/lib/thumb/v7e-m+fp/hard\libc.a(lib_a-dtoa.o)
                                 0xa4 (size before relaxing)
 .rodata.__multadd.str1.4
                0x0801174c       0x7d y:/coen20/gcc/bin/../lib/gcc/arm-none-eabi/9.3.1/../../../../arm-none-eabi/lib/thumb/v7e-m+fp/hard\libc.a(lib_a-mprec.o)
                                 0x91 (size before relaxing)
 *fill*         0x080117c9        0x7 
 .rodata.__mprec_bigtens
                0x080117d0       0x28 y:/coen20/gcc/bin/../lib/gcc/arm-none-eabi/9.3.1/../../../../arm-none-eabi/lib/thumb/v7e-m+fp/hard\libc.a(lib_a-mprec.o)
                0x080117d0                __mprec_bigtens
 .rodata.__mprec_tens
                0x080117f8       0xc8 y:/coen20/gcc/bin/../lib/gcc/arm-none-eabi/9.3.1/../../../../arm-none-eabi/lib/thumb/v7e-m+fp/hard\libc.a(lib_a-mprec.o)
                0x080117f8                __mprec_tens
 .rodata.p05.7485
                0x080118c0        0xc y:/coen20/gcc/bin/../lib/gcc/arm-none-eabi/9.3.1/../../../../arm-none-eabi/lib/thumb/v7e-m+fp/hard\libc.a(lib_a-mprec.o)
 .rodata._vfiprintf_r.str1.4
                0x080118cc       0x2f y:/coen20/gcc/bin/../lib/gcc/arm-none-eabi/9.3.1/../../../../arm-none-eabi/lib/thumb/v7e-m+fp/hard\libc.a(lib_a-vfiprintf.o)
 .rodata.blanks.8691
                0x080118cc       0x10 y:/coen20/gcc/bin/../lib/gcc/arm-none-eabi/9.3.1/../../../../arm-none-eabi/lib/thumb/v7e-m+fp/hard\libc.a(lib_a-vfiprintf.o)
 .rodata.zeroes.8692
                0x080118dc       0x10 y:/coen20/gcc/bin/../lib/gcc/arm-none-eabi/9.3.1/../../../../arm-none-eabi/lib/thumb/v7e-m+fp/hard\libc.a(lib_a-vfiprintf.o)
 .rodata.__assert_func.str1.4
                0x080118ec       0x3f y:/coen20/gcc/bin/../lib/gcc/arm-none-eabi/9.3.1/../../../../arm-none-eabi/lib/thumb/v7e-m+fp/hard\libc.a(lib_a-assert.o)
                                 0x43 (size before relaxing)
 *fill*         0x0801192b        0x1 
 .rodata._setlocale_r.str1.4
                0x0801192c        0xa y:/coen20/gcc/bin/../lib/gcc/arm-none-eabi/9.3.1/../../../../arm-none-eabi/lib/thumb/v7e-m+fp/hard\libc.a(lib_a-locale.o)
                                  0xd (size before relaxing)
 *fill*         0x08011936        0x2 
 .rodata.str1.4
                0x08011938        0x2 y:/coen20/gcc/bin/../lib/gcc/arm-none-eabi/9.3.1/../../../../arm-none-eabi/lib/thumb/v7e-m+fp/hard\libc.a(lib_a-locale.o)
 *fill*         0x0801193a        0x2 
 .rodata._ctype_
                0x0801193c      0x101 y:/coen20/gcc/bin/../lib/gcc/arm-none-eabi/9.3.1/../../../../arm-none-eabi/lib/thumb/v7e-m+fp/hard\libc.a(lib_a-ctype_.o)
                0x0801193c                _ctype_
 *(.eh_frame*)
 *fill*         0x08011a3d        0x3 
 .eh_frame      0x08011a40        0x0 y:/coen20/gcc/bin/../lib/gcc/arm-none-eabi/9.3.1/thumb/v7e-m+fp/hard/crtbegin.o
 .eh_frame      0x08011a40        0x4 y:/coen20/gcc/bin/../lib/gcc/arm-none-eabi/9.3.1/thumb/v7e-m+fp/hard/crtend.o

.glue_7         0x08011a44        0x0
 .glue_7        0x08011a44        0x0 linker stubs

.glue_7t        0x08011a44        0x0
 .glue_7t       0x08011a44        0x0 linker stubs

.vfp11_veneer   0x08011a44        0x0
 .vfp11_veneer  0x08011a44        0x0 linker stubs

.v4_bx          0x08011a44        0x0
 .v4_bx         0x08011a44        0x0 linker stubs

.iplt           0x08011a44        0x0
 .iplt          0x08011a44        0x0 y:/coen20/gcc/bin/../lib/gcc/arm-none-eabi/9.3.1/thumb/v7e-m+fp/hard/crtbegin.o

.ARM.extab
 *(.ARM.extab* .gnu.linkonce.armextab.*)
                0x08011a44                __exidx_start = .

.ARM.exidx      0x08011a44        0x8
 *(.ARM.exidx* .gnu.linkonce.armexidx.*)
 .ARM.exidx     0x08011a44        0x8 y:/coen20/gcc/bin/../lib/gcc/arm-none-eabi/9.3.1/../../../../arm-none-eabi/lib/thumb/v7e-m+fp/hard/crt0.o
                                 0x10 (size before relaxing)
 .ARM.exidx     0x08011a4c        0x0 y:/coen20/gcc/bin/../lib/gcc/arm-none-eabi/9.3.1/thumb/v7e-m+fp/hard\libgcc.a(_udivmoddi4.o)
                                  0x8 (size before relaxing)
                0x08011a4c                __exidx_end = .
                0x08011a4c                __etext = .

.rel.dyn        0x08011a4c        0x0
 .rel.iplt      0x08011a4c        0x0 y:/coen20/gcc/bin/../lib/gcc/arm-none-eabi/9.3.1/thumb/v7e-m+fp/hard/crtbegin.o

.data           0x20000000      0xb48 load address 0x08011a4c
                0x20000000                __data_start__ = .
 *(vtable)
 *(.data*)
 .data.coef.6893
                0x20000000       0x20 obj/Lab2A-Main-c.o
 .data.oldY.6830
                0x20000020        0x4 obj/Lab2A-Main-c.o
 .data.oldY.6841
                0x20000024        0x4 obj/Lab2A-Main-c.o
 .data.BUTTON_PORT
                0x20000028        0x4 library.a(stm32f429i_discovery.o)
                0x20000028                BUTTON_PORT
 .data.SpixTimeout
                0x2000002c        0x4 library.a(stm32f429i_discovery.o)
                0x2000002c                SpixTimeout
 .data.Font12   0x20000030        0x8 library.a(stm32f429i_discovery_lcd.o)
                0x20000030                Font12
 .data.Font16   0x20000038        0x8 library.a(stm32f429i_discovery_lcd.o)
                0x20000038                Font16
 .data.Font20   0x20000040        0x8 library.a(stm32f429i_discovery_lcd.o)
                0x20000040                Font20
 .data.Font24   0x20000048        0x8 library.a(stm32f429i_discovery_lcd.o)
                0x20000048                Font24
 .data.Font8    0x20000050        0x8 library.a(stm32f429i_discovery_lcd.o)
                0x20000050                Font8
 .data.context.0
                0x20000058       0x20 library.a(svcHandler.o)
 .data.context.1
                0x20000078       0x20 library.a(svcHandler.o)
 .data.context.3
                0x20000098       0x20 library.a(svcHandler.o)
 .data.context.6
                0x200000b8       0x20 library.a(svcHandler.o)
 .data.lines.2  0x200000d8       0x30 library.a(svcHandler.o)
 .data.lines.5  0x20000108       0x40 library.a(svcHandler.o)
 .data.SystemCoreClock
                0x20000148        0x4 library.a(system_stm32f4xx.o)
                0x20000148                SystemCoreClock
 .data.ili9341_drv
                0x2000014c       0x38 library.a(ili9341.o)
                0x2000014c                ili9341_drv
 .data.__fdlib_version
                0x20000184        0x1 y:/coen20/gcc/bin/../lib/gcc/arm-none-eabi/9.3.1/../../../../arm-none-eabi/lib/thumb/v7e-m+fp/hard\libm.a(lib_a-s_lib_ver.o)
                0x20000184                __fdlib_version
 *fill*         0x20000185        0x3 
 .data._impure_ptr
                0x20000188        0x4 y:/coen20/gcc/bin/../lib/gcc/arm-none-eabi/9.3.1/../../../../arm-none-eabi/lib/thumb/v7e-m+fp/hard\libc.a(lib_a-impure.o)
                0x20000188                _impure_ptr
 *fill*         0x2000018c        0x4 
 .data.impure_data
                0x20000190      0x428 y:/coen20/gcc/bin/../lib/gcc/arm-none-eabi/9.3.1/../../../../arm-none-eabi/lib/thumb/v7e-m+fp/hard\libc.a(lib_a-impure.o)
 .data.__atexit_recursive_mutex
                0x200005b8        0x4 y:/coen20/gcc/bin/../lib/gcc/arm-none-eabi/9.3.1/../../../../arm-none-eabi/lib/thumb/v7e-m+fp/hard\libc.a(lib_a-__call_atexit.o)
                0x200005b8                __atexit_recursive_mutex
 .data.__malloc_av_
                0x200005bc      0x408 y:/coen20/gcc/bin/../lib/gcc/arm-none-eabi/9.3.1/../../../../arm-none-eabi/lib/thumb/v7e-m+fp/hard\libc.a(lib_a-mallocr.o)
                0x200005bc                __malloc_av_
 .data.__malloc_sbrk_base
                0x200009c4        0x4 y:/coen20/gcc/bin/../lib/gcc/arm-none-eabi/9.3.1/../../../../arm-none-eabi/lib/thumb/v7e-m+fp/hard\libc.a(lib_a-mallocr.o)
                0x200009c4                __malloc_sbrk_base
 .data.__malloc_trim_threshold
                0x200009c8        0x4 y:/coen20/gcc/bin/../lib/gcc/arm-none-eabi/9.3.1/../../../../arm-none-eabi/lib/thumb/v7e-m+fp/hard\libc.a(lib_a-mallocr.o)
                0x200009c8                __malloc_trim_threshold
 .data.__global_locale
                0x200009cc      0x16c y:/coen20/gcc/bin/../lib/gcc/arm-none-eabi/9.3.1/../../../../arm-none-eabi/lib/thumb/v7e-m+fp/hard\libc.a(lib_a-locale.o)
                0x200009cc                __global_locale
                0x20000b38                . = ALIGN (0x4)
                0x20000b38                PROVIDE (__preinit_array_start = .)
 *(.preinit_array)
                0x20000b38                PROVIDE (__preinit_array_end = .)
                0x20000b38                . = ALIGN (0x4)
                0x20000b38                PROVIDE (__init_array_start = .)
 *(SORT_BY_NAME(.init_array.*))
 .init_array.00000
                0x20000b38        0x4 y:/coen20/gcc/bin/../lib/gcc/arm-none-eabi/9.3.1/../../../../arm-none-eabi/lib/thumb/v7e-m+fp/hard\libc.a(lib_a-__call_atexit.o)
 *(.init_array)
 .init_array    0x20000b3c        0x4 y:/coen20/gcc/bin/../lib/gcc/arm-none-eabi/9.3.1/thumb/v7e-m+fp/hard/crtbegin.o
                0x20000b40                PROVIDE (__init_array_end = .)
                0x20000b40                . = ALIGN (0x8)
                0x20000b40                PROVIDE (__fini_array_start = .)
 *(SORT_BY_NAME(.fini_array.*))
 *(.fini_array)
 .fini_array    0x20000b40        0x4 y:/coen20/gcc/bin/../lib/gcc/arm-none-eabi/9.3.1/thumb/v7e-m+fp/hard/crtbegin.o
                0x20000b44                PROVIDE (__fini_array_end = .)
                0x20000b48                . = ALIGN (0x8)
 *fill*         0x20000b44        0x4 
                0x20000b48                __data_end__ = .

.igot.plt       0x20000b48        0x0 load address 0x08012594
 .igot.plt      0x20000b48        0x0 y:/coen20/gcc/bin/../lib/gcc/arm-none-eabi/9.3.1/thumb/v7e-m+fp/hard/crtbegin.o

.bss            0x20000b48    0x1cb84 load address 0x08012594
                0x20000b48                __bss_start__ = .
 *(.bss*)
 .bss           0x20000b48       0x1c y:/coen20/gcc/bin/../lib/gcc/arm-none-eabi/9.3.1/thumb/v7e-m+fp/hard/crtbegin.o
 .bss.bfr.6852  0x20000b64        0x9 obj/Lab2A-Main-c.o
 *fill*         0x20000b6d        0x3 
 .bss.erase.6886
                0x20000b70        0x4 obj/Lab2A-Main-c.o
 .bss.step.6962
                0x20000b74        0x4 obj/Lab2A-Main-c.o
 .bss.timeout.6831
                0x20000b78        0x4 obj/Lab2A-Main-c.o
 .bss.timeout.6842
                0x20000b7c        0x4 obj/Lab2A-Main-c.o
 .bss.x1.6880   0x20000b80        0x4 obj/Lab2A-Main-c.o
 .bss.x2.6881   0x20000b84        0x4 obj/Lab2A-Main-c.o
 .bss.x3.6882   0x20000b88        0x4 obj/Lab2A-Main-c.o
 .bss.y1.6883   0x20000b8c        0x4 obj/Lab2A-Main-c.o
 .bss.y2.6884   0x20000b90        0x4 obj/Lab2A-Main-c.o
 .bss.y3.6885   0x20000b94        0x4 obj/Lab2A-Main-c.o
 .bss.buffer    0x20000b98      0x620 library.a(initialize.o)
 .bss.txtCol    0x200011b8        0x4 library.a(initialize.o)
 .bss.txtRow    0x200011bc        0x4 library.a(initialize.o)
 .bss.Is_LCD_IO_Initialized
                0x200011c0        0x1 library.a(stm32f429i_discovery.o)
 *fill*         0x200011c1        0x3 
 .bss.SpiHandle
                0x200011c4       0x58 library.a(stm32f429i_discovery.o)
 .bss.ActiveLayer
                0x2000121c        0x4 library.a(stm32f429i_discovery_lcd.o)
 .bss.Dma2dHandler
                0x20001220       0x40 library.a(stm32f429i_discovery_lcd.o)
 .bss.DrawProp  0x20001260       0x18 library.a(stm32f429i_discovery_lcd.o)
 .bss.LcdDrv    0x20001278        0x4 library.a(stm32f429i_discovery_lcd.o)
                0x20001278                LcdDrv
 .bss.LtdcHandler
                0x2000127c       0xa8 library.a(stm32f429i_discovery_lcd.o)
 .bss.PeriphClkInitStruct
                0x20001324       0x30 library.a(stm32f429i_discovery_lcd.o)
 .bss.Command   0x20001354       0x10 library.a(stm32f429i_discovery_sdram.o)
 .bss.SdramHandle
                0x20001364       0x34 library.a(stm32f429i_discovery_sdram.o)
 .bss.Timing    0x20001398       0x1c library.a(stm32f429i_discovery_sdram.o)
 .bss.dmaHandle.0
                0x200013b4       0x50 library.a(stm32f429i_discovery_sdram.o)
 .bss.uwTick    0x20001404        0x4 library.a(stm32f4xx_hal.o)
 .bss.rgb       0x20001408    0x1c200 library.a(svcHandler.o)
                0x20001408                rgb
 .bss.text.4    0x2001d608       0x64 library.a(svcHandler.o)
 .bss.__malloc_current_mallinfo
                0x2001d66c       0x28 y:/coen20/gcc/bin/../lib/gcc/arm-none-eabi/9.3.1/../../../../arm-none-eabi/lib/thumb/v7e-m+fp/hard\libc.a(lib_a-mallocr.o)
                0x2001d66c                __malloc_current_mallinfo
 .bss.__malloc_max_sbrked_mem
                0x2001d694        0x4 y:/coen20/gcc/bin/../lib/gcc/arm-none-eabi/9.3.1/../../../../arm-none-eabi/lib/thumb/v7e-m+fp/hard\libc.a(lib_a-mallocr.o)
                0x2001d694                __malloc_max_sbrked_mem
 .bss.__malloc_max_total_mem
                0x2001d698        0x4 y:/coen20/gcc/bin/../lib/gcc/arm-none-eabi/9.3.1/../../../../arm-none-eabi/lib/thumb/v7e-m+fp/hard\libc.a(lib_a-mallocr.o)
                0x2001d698                __malloc_max_total_mem
 .bss.__malloc_top_pad
                0x2001d69c        0x4 y:/coen20/gcc/bin/../lib/gcc/arm-none-eabi/9.3.1/../../../../arm-none-eabi/lib/thumb/v7e-m+fp/hard\libc.a(lib_a-mallocr.o)
                0x2001d69c                __malloc_top_pad
 .bss.heap_end.5507
                0x2001d6a0        0x4 y:/coen20/gcc/bin/../lib/gcc/arm-none-eabi/9.3.1/../../../../arm-none-eabi/lib/thumb/v7e-m+fp/hard\libnosys.a(sbrk.o)
 *(COMMON)
 COMMON         0x2001d6a4       0x21 y:/coen20/gcc/bin/../lib/gcc/arm-none-eabi/9.3.1/../../../../arm-none-eabi/lib/thumb/v7e-m+fp/hard\libc.a(lib_a-lock.o)
                0x2001d6a4                __lock___atexit_recursive_mutex
                0x2001d6a8                __lock___arc4random_mutex
                0x2001d6ac                __lock___env_recursive_mutex
                0x2001d6b0                __lock___sinit_recursive_mutex
                0x2001d6b4                __lock___malloc_recursive_mutex
                0x2001d6b8                __lock___at_quick_exit_mutex
                0x2001d6bc                __lock___dd_hash_mutex
                0x2001d6c0                __lock___tz_mutex
                0x2001d6c4                __lock___sfp_recursive_mutex
 *fill*         0x2001d6c5        0x3 
 COMMON         0x2001d6c8        0x4 y:/coen20/gcc/bin/../lib/gcc/arm-none-eabi/9.3.1/../../../../arm-none-eabi/lib/thumb/v7e-m+fp/hard\libc.a(lib_a-reent.o)
                0x2001d6c8                errno
                0x2001d6cc                __bss_end__ = .

.ccm            0x10000000        0x0
                0x10000000                . = ALIGN (0x4)
                0x10000000                __ccm_start__ = .
 *(.ccm*)
                0x10000000                . = ALIGN (0x4)
                0x10000000                __ccm_end__ = .

.heap           0x10000000      0xc00
                0x10000000                __end__ = .
                0x10000000                end = __end__
 *(.heap*)
 .heap          0x10000000      0xc00 library.a(startup_stm32f429xx.o)
                0x10000000                __HeapBase
                0x10000c00                __HeapLimit = .

.stack_dummy    0x10000000     0x1000
 *(.stack)
 .stack         0x10000000     0x1000 library.a(startup_stm32f429xx.o)
                0x10010000                __StackTop = (ORIGIN (CCM) + LENGTH (CCM))
                0x1000f000                __StackLimit = (__StackTop - SIZEOF (.stack_dummy))
                0x10010000                PROVIDE (__stack = __StackTop)
                0x00000001                ASSERT ((__StackLimit >= __HeapLimit), region CCM overflowed with stack)
OUTPUT(output.elf elf32-littlearm)
LOAD linker stubs

.ARM.attributes
                0x00000000       0x30
 .ARM.attributes
                0x00000000       0x1e y:/coen20/gcc/bin/../lib/gcc/arm-none-eabi/9.3.1/thumb/v7e-m+fp/hard/crti.o
 .ARM.attributes
                0x0000001e       0x34 y:/coen20/gcc/bin/../lib/gcc/arm-none-eabi/9.3.1/thumb/v7e-m+fp/hard/crtbegin.o
 .ARM.attributes
                0x00000052       0x1c y:/coen20/gcc/bin/../lib/gcc/arm-none-eabi/9.3.1/../../../../arm-none-eabi/lib/thumb/v7e-m+fp/hard/crt0.o
 .ARM.attributes
                0x0000006e       0x34 obj/Lab2A-BinaryNumbers-c.o
 .ARM.attributes
                0x000000a2       0x34 obj/Lab2A-Main-c.o
 .ARM.attributes
                0x000000d6       0x34 library.a(initialize.o)
 .ARM.attributes
                0x0000010a       0x34 library.a(stm32f429i_discovery.o)
 .ARM.attributes
                0x0000013e       0x34 library.a(stm32f429i_discovery_lcd.o)
 .ARM.attributes
                0x00000172       0x34 library.a(stm32f429i_discovery_sdram.o)
 .ARM.attributes
                0x000001a6       0x34 library.a(stm32f4xx_hal.o)
 .ARM.attributes
                0x000001da       0x34 library.a(stm32f4xx_hal_cortex.o)
 .ARM.attributes
                0x0000020e       0x34 library.a(stm32f4xx_hal_dma.o)
 .ARM.attributes
                0x00000242       0x34 library.a(stm32f4xx_hal_dma2d.o)
 .ARM.attributes
                0x00000276       0x34 library.a(stm32f4xx_hal_gpio.o)
 .ARM.attributes
                0x000002aa       0x34 library.a(stm32f4xx_hal_ltdc.o)
 .ARM.attributes
                0x000002de       0x34 library.a(stm32f4xx_hal_rcc.o)
 .ARM.attributes
                0x00000312       0x34 library.a(stm32f4xx_hal_rcc_ex.o)
 .ARM.attributes
                0x00000346       0x34 library.a(stm32f4xx_hal_sdram.o)
 .ARM.attributes
                0x0000037a       0x34 library.a(stm32f4xx_hal_spi.o)
 .ARM.attributes
                0x000003ae       0x34 library.a(stm32f4xx_it.o)
 .ARM.attributes
                0x000003e2       0x34 library.a(stm32f4xx_ll_fmc.o)
 .ARM.attributes
                0x00000416       0x34 library.a(svcHandler.o)
 .ARM.attributes
                0x0000044a       0x34 library.a(system_stm32f4xx.o)
 .ARM.attributes
                0x0000047e       0x1f library.a(startup_stm32f429xx.o)
 .ARM.attributes
                0x0000049d       0x34 library.a(ili9341.o)
 .ARM.attributes
                0x000004d1       0x34 y:/coen20/gcc/bin/../lib/gcc/arm-none-eabi/9.3.1/../../../../arm-none-eabi/lib/thumb/v7e-m+fp/hard\libm.a(lib_a-w_pow.o)
 .ARM.attributes
                0x00000505       0x34 y:/coen20/gcc/bin/../lib/gcc/arm-none-eabi/9.3.1/../../../../arm-none-eabi/lib/thumb/v7e-m+fp/hard\libm.a(lib_a-e_pow.o)
 .ARM.attributes
                0x00000539       0x34 y:/coen20/gcc/bin/../lib/gcc/arm-none-eabi/9.3.1/../../../../arm-none-eabi/lib/thumb/v7e-m+fp/hard\libm.a(lib_a-e_sqrt.o)
 .ARM.attributes
                0x0000056d       0x34 y:/coen20/gcc/bin/../lib/gcc/arm-none-eabi/9.3.1/../../../../arm-none-eabi/lib/thumb/v7e-m+fp/hard\libm.a(lib_a-s_fabs.o)
 .ARM.attributes
                0x000005a1       0x34 y:/coen20/gcc/bin/../lib/gcc/arm-none-eabi/9.3.1/../../../../arm-none-eabi/lib/thumb/v7e-m+fp/hard\libm.a(lib_a-s_finite.o)
 .ARM.attributes
                0x000005d5       0x32 y:/coen20/gcc/bin/../lib/gcc/arm-none-eabi/9.3.1/../../../../arm-none-eabi/lib/thumb/v7e-m+fp/hard\libm.a(lib_a-s_lib_ver.o)
 .ARM.attributes
                0x00000607       0x34 y:/coen20/gcc/bin/../lib/gcc/arm-none-eabi/9.3.1/../../../../arm-none-eabi/lib/thumb/v7e-m+fp/hard\libm.a(lib_a-s_nan.o)
 .ARM.attributes
                0x0000063b       0x34 y:/coen20/gcc/bin/../lib/gcc/arm-none-eabi/9.3.1/../../../../arm-none-eabi/lib/thumb/v7e-m+fp/hard\libm.a(lib_a-s_rint.o)
 .ARM.attributes
                0x0000066f       0x34 y:/coen20/gcc/bin/../lib/gcc/arm-none-eabi/9.3.1/../../../../arm-none-eabi/lib/thumb/v7e-m+fp/hard\libm.a(lib_a-s_scalbn.o)
 .ARM.attributes
                0x000006a3       0x34 y:/coen20/gcc/bin/../lib/gcc/arm-none-eabi/9.3.1/../../../../arm-none-eabi/lib/thumb/v7e-m+fp/hard\libc.a(lib_a-errno.o)
 .ARM.attributes
                0x000006d7       0x34 y:/coen20/gcc/bin/../lib/gcc/arm-none-eabi/9.3.1/../../../../arm-none-eabi/lib/thumb/v7e-m+fp/hard\libc.a(lib_a-exit.o)
 .ARM.attributes
                0x0000070b       0x32 y:/coen20/gcc/bin/../lib/gcc/arm-none-eabi/9.3.1/../../../../arm-none-eabi/lib/thumb/v7e-m+fp/hard\libc.a(lib_a-impure.o)
 .ARM.attributes
                0x0000073d       0x34 y:/coen20/gcc/bin/../lib/gcc/arm-none-eabi/9.3.1/../../../../arm-none-eabi/lib/thumb/v7e-m+fp/hard\libc.a(lib_a-init.o)
 .ARM.attributes
                0x00000771       0x1c y:/coen20/gcc/bin/../lib/gcc/arm-none-eabi/9.3.1/../../../../arm-none-eabi/lib/thumb/v7e-m+fp/hard\libc.a(lib_a-memcpy.o)
 .ARM.attributes
                0x0000078d       0x34 y:/coen20/gcc/bin/../lib/gcc/arm-none-eabi/9.3.1/../../../../arm-none-eabi/lib/thumb/v7e-m+fp/hard\libc.a(lib_a-memset.o)
 .ARM.attributes
                0x000007c1       0x34 y:/coen20/gcc/bin/../lib/gcc/arm-none-eabi/9.3.1/../../../../arm-none-eabi/lib/thumb/v7e-m+fp/hard\libc.a(lib_a-sprintf.o)
 .ARM.attributes
                0x000007f5       0x34 y:/coen20/gcc/bin/../lib/gcc/arm-none-eabi/9.3.1/../../../../arm-none-eabi/lib/thumb/v7e-m+fp/hard\libc.a(lib_a-strcpy.o)
 .ARM.attributes
                0x00000829       0x1c y:/coen20/gcc/bin/../lib/gcc/arm-none-eabi/9.3.1/../../../../arm-none-eabi/lib/thumb/v7e-m+fp/hard\libc.a(lib_a-strlen.o)
 .ARM.attributes
                0x00000845       0x34 y:/coen20/gcc/bin/../lib/gcc/arm-none-eabi/9.3.1/../../../../arm-none-eabi/lib/thumb/v7e-m+fp/hard\libc.a(lib_a-svfprintf.o)
 .ARM.attributes
                0x00000879       0x34 y:/coen20/gcc/bin/../lib/gcc/arm-none-eabi/9.3.1/../../../../arm-none-eabi/lib/thumb/v7e-m+fp/hard\libc.a(lib_a-vsprintf.o)
 .ARM.attributes
                0x000008ad       0x34 y:/coen20/gcc/bin/../lib/gcc/arm-none-eabi/9.3.1/../../../../arm-none-eabi/lib/thumb/v7e-m+fp/hard\libc.a(lib_a-wsetup.o)
 .ARM.attributes
                0x000008e1       0x34 y:/coen20/gcc/bin/../lib/gcc/arm-none-eabi/9.3.1/../../../../arm-none-eabi/lib/thumb/v7e-m+fp/hard\libc.a(lib_a-__call_atexit.o)
 .ARM.attributes
                0x00000915       0x34 y:/coen20/gcc/bin/../lib/gcc/arm-none-eabi/9.3.1/../../../../arm-none-eabi/lib/thumb/v7e-m+fp/hard\libc.a(lib_a-atexit.o)
 .ARM.attributes
                0x00000949       0x34 y:/coen20/gcc/bin/../lib/gcc/arm-none-eabi/9.3.1/../../../../arm-none-eabi/lib/thumb/v7e-m+fp/hard\libc.a(lib_a-dtoa.o)
 .ARM.attributes
                0x0000097d       0x34 y:/coen20/gcc/bin/../lib/gcc/arm-none-eabi/9.3.1/../../../../arm-none-eabi/lib/thumb/v7e-m+fp/hard\libc.a(lib_a-fflush.o)
 .ARM.attributes
                0x000009b1       0x34 y:/coen20/gcc/bin/../lib/gcc/arm-none-eabi/9.3.1/../../../../arm-none-eabi/lib/thumb/v7e-m+fp/hard\libc.a(lib_a-findfp.o)
 .ARM.attributes
                0x000009e5       0x34 y:/coen20/gcc/bin/../lib/gcc/arm-none-eabi/9.3.1/../../../../arm-none-eabi/lib/thumb/v7e-m+fp/hard\libc.a(lib_a-fini.o)
 .ARM.attributes
                0x00000a19       0x34 y:/coen20/gcc/bin/../lib/gcc/arm-none-eabi/9.3.1/../../../../arm-none-eabi/lib/thumb/v7e-m+fp/hard\libc.a(lib_a-freer.o)
 .ARM.attributes
                0x00000a4d       0x34 y:/coen20/gcc/bin/../lib/gcc/arm-none-eabi/9.3.1/../../../../arm-none-eabi/lib/thumb/v7e-m+fp/hard\libc.a(lib_a-fwalk.o)
 .ARM.attributes
                0x00000a81       0x34 y:/coen20/gcc/bin/../lib/gcc/arm-none-eabi/9.3.1/../../../../arm-none-eabi/lib/thumb/v7e-m+fp/hard\libc.a(lib_a-localeconv.o)
 .ARM.attributes
                0x00000ab5       0x34 y:/coen20/gcc/bin/../lib/gcc/arm-none-eabi/9.3.1/../../../../arm-none-eabi/lib/thumb/v7e-m+fp/hard\libc.a(lib_a-lock.o)
 .ARM.attributes
                0x00000ae9       0x34 y:/coen20/gcc/bin/../lib/gcc/arm-none-eabi/9.3.1/../../../../arm-none-eabi/lib/thumb/v7e-m+fp/hard\libc.a(lib_a-makebuf.o)
 .ARM.attributes
                0x00000b1d       0x34 y:/coen20/gcc/bin/../lib/gcc/arm-none-eabi/9.3.1/../../../../arm-none-eabi/lib/thumb/v7e-m+fp/hard\libc.a(lib_a-mallocr.o)
 .ARM.attributes
                0x00000b51       0x1c y:/coen20/gcc/bin/../lib/gcc/arm-none-eabi/9.3.1/../../../../arm-none-eabi/lib/thumb/v7e-m+fp/hard\libc.a(lib_a-memchr.o)
 .ARM.attributes
                0x00000b6d       0x34 y:/coen20/gcc/bin/../lib/gcc/arm-none-eabi/9.3.1/../../../../arm-none-eabi/lib/thumb/v7e-m+fp/hard\libc.a(lib_a-mlock.o)
 .ARM.attributes
                0x00000ba1       0x34 y:/coen20/gcc/bin/../lib/gcc/arm-none-eabi/9.3.1/../../../../arm-none-eabi/lib/thumb/v7e-m+fp/hard\libc.a(lib_a-mprec.o)
 .ARM.attributes
                0x00000bd5       0x34 y:/coen20/gcc/bin/../lib/gcc/arm-none-eabi/9.3.1/../../../../arm-none-eabi/lib/thumb/v7e-m+fp/hard\libc.a(lib_a-s_frexp.o)
 .ARM.attributes
                0x00000c09       0x34 y:/coen20/gcc/bin/../lib/gcc/arm-none-eabi/9.3.1/../../../../arm-none-eabi/lib/thumb/v7e-m+fp/hard\libc.a(lib_a-sbrkr.o)
 .ARM.attributes
                0x00000c3d       0x34 y:/coen20/gcc/bin/../lib/gcc/arm-none-eabi/9.3.1/../../../../arm-none-eabi/lib/thumb/v7e-m+fp/hard\libc.a(lib_a-stdio.o)
 .ARM.attributes
                0x00000c71       0x34 y:/coen20/gcc/bin/../lib/gcc/arm-none-eabi/9.3.1/../../../../arm-none-eabi/lib/thumb/v7e-m+fp/hard\libc.a(lib_a-strncpy.o)
 .ARM.attributes
                0x00000ca5       0x34 y:/coen20/gcc/bin/../lib/gcc/arm-none-eabi/9.3.1/../../../../arm-none-eabi/lib/thumb/v7e-m+fp/hard\libc.a(lib_a-svfiprintf.o)
 .ARM.attributes
                0x00000cd9       0x34 y:/coen20/gcc/bin/../lib/gcc/arm-none-eabi/9.3.1/../../../../arm-none-eabi/lib/thumb/v7e-m+fp/hard\libc.a(lib_a-vfiprintf.o)
 .ARM.attributes
                0x00000d0d       0x34 y:/coen20/gcc/bin/../lib/gcc/arm-none-eabi/9.3.1/../../../../arm-none-eabi/lib/thumb/v7e-m+fp/hard\libc.a(lib_a-writer.o)
 .ARM.attributes
                0x00000d41       0x34 y:/coen20/gcc/bin/../lib/gcc/arm-none-eabi/9.3.1/../../../../arm-none-eabi/lib/thumb/v7e-m+fp/hard\libc.a(lib_a-__atexit.o)
 .ARM.attributes
                0x00000d75       0x34 y:/coen20/gcc/bin/../lib/gcc/arm-none-eabi/9.3.1/../../../../arm-none-eabi/lib/thumb/v7e-m+fp/hard\libc.a(lib_a-assert.o)
 .ARM.attributes
                0x00000da9       0x34 y:/coen20/gcc/bin/../lib/gcc/arm-none-eabi/9.3.1/../../../../arm-none-eabi/lib/thumb/v7e-m+fp/hard\libc.a(lib_a-callocr.o)
 .ARM.attributes
                0x00000ddd       0x34 y:/coen20/gcc/bin/../lib/gcc/arm-none-eabi/9.3.1/../../../../arm-none-eabi/lib/thumb/v7e-m+fp/hard\libc.a(lib_a-closer.o)
 .ARM.attributes
                0x00000e11       0x34 y:/coen20/gcc/bin/../lib/gcc/arm-none-eabi/9.3.1/../../../../arm-none-eabi/lib/thumb/v7e-m+fp/hard\libc.a(lib_a-fclose.o)
 .ARM.attributes
                0x00000e45       0x34 y:/coen20/gcc/bin/../lib/gcc/arm-none-eabi/9.3.1/../../../../arm-none-eabi/lib/thumb/v7e-m+fp/hard\libc.a(lib_a-fiprintf.o)
 .ARM.attributes
                0x00000e79       0x34 y:/coen20/gcc/bin/../lib/gcc/arm-none-eabi/9.3.1/../../../../arm-none-eabi/lib/thumb/v7e-m+fp/hard\libc.a(lib_a-fputwc.o)
 .ARM.attributes
                0x00000ead       0x34 y:/coen20/gcc/bin/../lib/gcc/arm-none-eabi/9.3.1/../../../../arm-none-eabi/lib/thumb/v7e-m+fp/hard\libc.a(lib_a-fstatr.o)
 .ARM.attributes
                0x00000ee1       0x34 y:/coen20/gcc/bin/../lib/gcc/arm-none-eabi/9.3.1/../../../../arm-none-eabi/lib/thumb/v7e-m+fp/hard\libc.a(lib_a-fvwrite.o)
 .ARM.attributes
                0x00000f15       0x34 y:/coen20/gcc/bin/../lib/gcc/arm-none-eabi/9.3.1/../../../../arm-none-eabi/lib/thumb/v7e-m+fp/hard\libc.a(lib_a-isattyr.o)
 .ARM.attributes
                0x00000f49       0x34 y:/coen20/gcc/bin/../lib/gcc/arm-none-eabi/9.3.1/../../../../arm-none-eabi/lib/thumb/v7e-m+fp/hard\libc.a(lib_a-locale.o)
 .ARM.attributes
                0x00000f7d       0x34 y:/coen20/gcc/bin/../lib/gcc/arm-none-eabi/9.3.1/../../../../arm-none-eabi/lib/thumb/v7e-m+fp/hard\libc.a(lib_a-lseekr.o)
 .ARM.attributes
                0x00000fb1       0x34 y:/coen20/gcc/bin/../lib/gcc/arm-none-eabi/9.3.1/../../../../arm-none-eabi/lib/thumb/v7e-m+fp/hard\libc.a(lib_a-mbtowc_r.o)
 .ARM.attributes
                0x00000fe5       0x34 y:/coen20/gcc/bin/../lib/gcc/arm-none-eabi/9.3.1/../../../../arm-none-eabi/lib/thumb/v7e-m+fp/hard\libc.a(lib_a-memmove.o)
 .ARM.attributes
                0x00001019       0x34 y:/coen20/gcc/bin/../lib/gcc/arm-none-eabi/9.3.1/../../../../arm-none-eabi/lib/thumb/v7e-m+fp/hard\libc.a(lib_a-readr.o)
 .ARM.attributes
                0x0000104d       0x34 y:/coen20/gcc/bin/../lib/gcc/arm-none-eabi/9.3.1/../../../../arm-none-eabi/lib/thumb/v7e-m+fp/hard\libc.a(lib_a-reallocr.o)
 .ARM.attributes
                0x00001081       0x34 y:/coen20/gcc/bin/../lib/gcc/arm-none-eabi/9.3.1/../../../../arm-none-eabi/lib/thumb/v7e-m+fp/hard\libc.a(lib_a-reent.o)
 .ARM.attributes
                0x000010b5       0x34 y:/coen20/gcc/bin/../lib/gcc/arm-none-eabi/9.3.1/../../../../arm-none-eabi/lib/thumb/v7e-m+fp/hard\libc.a(lib_a-wbuf.o)
 .ARM.attributes
                0x000010e9       0x34 y:/coen20/gcc/bin/../lib/gcc/arm-none-eabi/9.3.1/../../../../arm-none-eabi/lib/thumb/v7e-m+fp/hard\libc.a(lib_a-wcrtomb.o)
 .ARM.attributes
                0x0000111d       0x34 y:/coen20/gcc/bin/../lib/gcc/arm-none-eabi/9.3.1/../../../../arm-none-eabi/lib/thumb/v7e-m+fp/hard\libc.a(lib_a-wctomb_r.o)
 .ARM.attributes
                0x00001151       0x34 y:/coen20/gcc/bin/../lib/gcc/arm-none-eabi/9.3.1/../../../../arm-none-eabi/lib/thumb/v7e-m+fp/hard\libc.a(lib_a-abort.o)
 .ARM.attributes
                0x00001185       0x32 y:/coen20/gcc/bin/../lib/gcc/arm-none-eabi/9.3.1/../../../../arm-none-eabi/lib/thumb/v7e-m+fp/hard\libc.a(lib_a-ctype_.o)
 .ARM.attributes
                0x000011b7       0x34 y:/coen20/gcc/bin/../lib/gcc/arm-none-eabi/9.3.1/../../../../arm-none-eabi/lib/thumb/v7e-m+fp/hard\libc.a(lib_a-signal.o)
 .ARM.attributes
                0x000011eb       0x34 y:/coen20/gcc/bin/../lib/gcc/arm-none-eabi/9.3.1/../../../../arm-none-eabi/lib/thumb/v7e-m+fp/hard\libc.a(lib_a-signalr.o)
 .ARM.attributes
                0x0000121f       0x34 y:/coen20/gcc/bin/../lib/gcc/arm-none-eabi/9.3.1/../../../../arm-none-eabi/lib/thumb/v7e-m+fp/hard\libnosys.a(sbrk.o)
 .ARM.attributes
                0x00001253       0x34 y:/coen20/gcc/bin/../lib/gcc/arm-none-eabi/9.3.1/../../../../arm-none-eabi/lib/thumb/v7e-m+fp/hard\libnosys.a(_exit.o)
 .ARM.attributes
                0x00001287       0x1e y:/coen20/gcc/bin/../lib/gcc/arm-none-eabi/9.3.1/thumb/v7e-m+fp/hard\libgcc.a(_arm_addsubdf3.o)
 .ARM.attributes
                0x000012a5       0x1e y:/coen20/gcc/bin/../lib/gcc/arm-none-eabi/9.3.1/thumb/v7e-m+fp/hard\libgcc.a(_arm_muldivdf3.o)
 .ARM.attributes
                0x000012c3       0x1e y:/coen20/gcc/bin/../lib/gcc/arm-none-eabi/9.3.1/thumb/v7e-m+fp/hard\libgcc.a(_arm_cmpdf2.o)
 .ARM.attributes
                0x000012e1       0x1e y:/coen20/gcc/bin/../lib/gcc/arm-none-eabi/9.3.1/thumb/v7e-m+fp/hard\libgcc.a(_arm_unorddf2.o)
 .ARM.attributes
                0x000012ff       0x1e y:/coen20/gcc/bin/../lib/gcc/arm-none-eabi/9.3.1/thumb/v7e-m+fp/hard\libgcc.a(_arm_fixdfsi.o)
 .ARM.attributes
                0x0000131d       0x1e y:/coen20/gcc/bin/../lib/gcc/arm-none-eabi/9.3.1/thumb/v7e-m+fp/hard\libgcc.a(_aeabi_uldivmod.o)
 .ARM.attributes
                0x0000133b       0x34 y:/coen20/gcc/bin/../lib/gcc/arm-none-eabi/9.3.1/thumb/v7e-m+fp/hard\libgcc.a(_udivmoddi4.o)
 .ARM.attributes
                0x0000136f       0x1e y:/coen20/gcc/bin/../lib/gcc/arm-none-eabi/9.3.1/thumb/v7e-m+fp/hard\libgcc.a(_dvmd_tls.o)
 .ARM.attributes
                0x0000138d       0x32 y:/coen20/gcc/bin/../lib/gcc/arm-none-eabi/9.3.1/thumb/v7e-m+fp/hard/crtend.o
 .ARM.attributes
                0x000013bf       0x1e y:/coen20/gcc/bin/../lib/gcc/arm-none-eabi/9.3.1/thumb/v7e-m+fp/hard/crtn.o

.comment        0x00000000       0x7f
 .comment       0x00000000       0x4c obj/Lab2A-BinaryNumbers-c.o
                                 0x4d (size before relaxing)
 .comment       0x0000004c       0x4d obj/Lab2A-Main-c.o
 .comment       0x0000004c       0x33 library.a(initialize.o)
                                 0x34 (size before relaxing)
 .comment       0x0000007f       0x34 library.a(stm32f429i_discovery.o)
 .comment       0x0000007f       0x34 library.a(stm32f429i_discovery_lcd.o)
 .comment       0x0000007f       0x34 library.a(stm32f429i_discovery_sdram.o)
 .comment       0x0000007f       0x34 library.a(stm32f4xx_hal.o)
 .comment       0x0000007f       0x34 library.a(stm32f4xx_hal_cortex.o)
 .comment       0x0000007f       0x34 library.a(stm32f4xx_hal_dma.o)
 .comment       0x0000007f       0x34 library.a(stm32f4xx_hal_dma2d.o)
 .comment       0x0000007f       0x34 library.a(stm32f4xx_hal_gpio.o)
 .comment       0x0000007f       0x34 library.a(stm32f4xx_hal_ltdc.o)
 .comment       0x0000007f       0x34 library.a(stm32f4xx_hal_rcc.o)
 .comment       0x0000007f       0x34 library.a(stm32f4xx_hal_rcc_ex.o)
 .comment       0x0000007f       0x34 library.a(stm32f4xx_hal_sdram.o)
 .comment       0x0000007f       0x34 library.a(stm32f4xx_hal_spi.o)
 .comment       0x0000007f       0x34 library.a(stm32f4xx_it.o)
 .comment       0x0000007f       0x34 library.a(stm32f4xx_ll_fmc.o)
 .comment       0x0000007f       0x34 library.a(svcHandler.o)
 .comment       0x0000007f       0x34 library.a(system_stm32f4xx.o)
 .comment       0x0000007f       0x34 library.a(ili9341.o)

.debug_frame    0x00000000     0x18d4
 .debug_frame   0x00000000       0x50 y:/coen20/gcc/bin/../lib/gcc/arm-none-eabi/9.3.1/../../../../arm-none-eabi/lib/thumb/v7e-m+fp/hard\libm.a(lib_a-w_pow.o)
 .debug_frame   0x00000050       0xc8 y:/coen20/gcc/bin/../lib/gcc/arm-none-eabi/9.3.1/../../../../arm-none-eabi/lib/thumb/v7e-m+fp/hard\libm.a(lib_a-e_pow.o)
 .debug_frame   0x00000118       0x30 y:/coen20/gcc/bin/../lib/gcc/arm-none-eabi/9.3.1/../../../../arm-none-eabi/lib/thumb/v7e-m+fp/hard\libm.a(lib_a-e_sqrt.o)
 .debug_frame   0x00000148       0x20 y:/coen20/gcc/bin/../lib/gcc/arm-none-eabi/9.3.1/../../../../arm-none-eabi/lib/thumb/v7e-m+fp/hard\libm.a(lib_a-s_fabs.o)
 .debug_frame   0x00000168       0x28 y:/coen20/gcc/bin/../lib/gcc/arm-none-eabi/9.3.1/../../../../arm-none-eabi/lib/thumb/v7e-m+fp/hard\libm.a(lib_a-s_finite.o)
 .debug_frame   0x00000190       0x20 y:/coen20/gcc/bin/../lib/gcc/arm-none-eabi/9.3.1/../../../../arm-none-eabi/lib/thumb/v7e-m+fp/hard\libm.a(lib_a-s_nan.o)
 .debug_frame   0x000001b0       0x44 y:/coen20/gcc/bin/../lib/gcc/arm-none-eabi/9.3.1/../../../../arm-none-eabi/lib/thumb/v7e-m+fp/hard\libm.a(lib_a-s_rint.o)
 .debug_frame   0x000001f4       0x2c y:/coen20/gcc/bin/../lib/gcc/arm-none-eabi/9.3.1/../../../../arm-none-eabi/lib/thumb/v7e-m+fp/hard\libm.a(lib_a-s_scalbn.o)
 .debug_frame   0x00000220       0x20 y:/coen20/gcc/bin/../lib/gcc/arm-none-eabi/9.3.1/../../../../arm-none-eabi/lib/thumb/v7e-m+fp/hard\libc.a(lib_a-errno.o)
 .debug_frame   0x00000240       0x28 y:/coen20/gcc/bin/../lib/gcc/arm-none-eabi/9.3.1/../../../../arm-none-eabi/lib/thumb/v7e-m+fp/hard\libc.a(lib_a-exit.o)
 .debug_frame   0x00000268       0x2c y:/coen20/gcc/bin/../lib/gcc/arm-none-eabi/9.3.1/../../../../arm-none-eabi/lib/thumb/v7e-m+fp/hard\libc.a(lib_a-init.o)
 .debug_frame   0x00000294       0x38 y:/coen20/gcc/bin/../lib/gcc/arm-none-eabi/9.3.1/../../../../arm-none-eabi/lib/thumb/v7e-m+fp/hard\libc.a(lib_a-memset.o)
 .debug_frame   0x000002cc       0x7c y:/coen20/gcc/bin/../lib/gcc/arm-none-eabi/9.3.1/../../../../arm-none-eabi/lib/thumb/v7e-m+fp/hard\libc.a(lib_a-sprintf.o)
 .debug_frame   0x00000348       0x20 y:/coen20/gcc/bin/../lib/gcc/arm-none-eabi/9.3.1/../../../../arm-none-eabi/lib/thumb/v7e-m+fp/hard\libc.a(lib_a-strcpy.o)
 .debug_frame   0x00000368       0x68 y:/coen20/gcc/bin/../lib/gcc/arm-none-eabi/9.3.1/../../../../arm-none-eabi/lib/thumb/v7e-m+fp/hard\libc.a(lib_a-svfprintf.o)
 .debug_frame   0x000003d0       0x4c y:/coen20/gcc/bin/../lib/gcc/arm-none-eabi/9.3.1/../../../../arm-none-eabi/lib/thumb/v7e-m+fp/hard\libc.a(lib_a-vsprintf.o)
 .debug_frame   0x0000041c       0x2c y:/coen20/gcc/bin/../lib/gcc/arm-none-eabi/9.3.1/../../../../arm-none-eabi/lib/thumb/v7e-m+fp/hard\libc.a(lib_a-wsetup.o)
 .debug_frame   0x00000448       0x68 y:/coen20/gcc/bin/../lib/gcc/arm-none-eabi/9.3.1/../../../../arm-none-eabi/lib/thumb/v7e-m+fp/hard\libc.a(lib_a-__call_atexit.o)