Archive member included to satisfy reference by file (symbol)

library.a(initialize.o)       obj/Lab1A-Main-c.o (ClearDisplay)
library.a(stm32f429i_discovery.o)
                              library.a(initialize.o) (BSP_PB_Init)
library.a(stm32f429i_discovery_lcd.o)
                              library.a(initialize.o) (BSP_LCD_LayerDefaultInit)
library.a(stm32f429i_discovery_sdram.o)
                              library.a(stm32f429i_discovery_lcd.o) (BSP_SDRAM_Init)
library.a(stm32f4xx_hal.o)    library.a(initialize.o) (HAL_Init)
library.a(stm32f4xx_hal_cortex.o)
                              library.a(stm32f4xx_hal.o) (HAL_NVIC_SetPriorityGrouping)
library.a(stm32f4xx_hal_dma.o)
                              library.a(stm32f429i_discovery_sdram.o) (HAL_DMA_Init)
library.a(stm32f4xx_hal_dma2d.o)
                              library.a(stm32f429i_discovery_lcd.o) (HAL_DMA2D_Init)
library.a(stm32f4xx_hal_gpio.o)
                              library.a(stm32f429i_discovery.o) (HAL_GPIO_Init)
library.a(stm32f4xx_hal_i2c.o)
                              library.a(stm32f429i_discovery.o) (HAL_I2C_Init)
library.a(stm32f4xx_hal_ltdc.o)
                              library.a(stm32f429i_discovery_lcd.o) (HAL_LTDC_Init)
library.a(stm32f4xx_hal_rcc.o)
                              library.a(initialize.o) (HAL_RCC_OscConfig)
library.a(stm32f4xx_hal_rcc_ex.o)
                              library.a(stm32f429i_discovery_lcd.o) (HAL_RCCEx_PeriphCLKConfig)
library.a(stm32f4xx_hal_sdram.o)
                              library.a(stm32f429i_discovery_sdram.o) (HAL_SDRAM_Init)
library.a(stm32f4xx_hal_spi.o)
                              library.a(stm32f429i_discovery.o) (HAL_SPI_Init)
library.a(stm32f4xx_it.o)     library.a(initialize.o) (IncludeThis)
library.a(stm32f4xx_ll_fmc.o)
                              library.a(stm32f4xx_hal_sdram.o) (FMC_SDRAM_Init)
library.a(svcHandler.o)       library.a(stm32f4xx_it.o) (SVC_Exception)
library.a(system_stm32f4xx.o)
                              library.a(stm32f4xx_hal_rcc.o) (SystemCoreClock)
library.a(touch.o)            obj/Lab1A-Main-c.o (TS_Init)
library.a(startup_stm32f429xx.o)
                              library.a(initialize.o) (Reset_Handler)
library.a(ili9341.o)          library.a(stm32f429i_discovery_lcd.o) (ili9341_drv)
library.a(stm32f429i_discovery_ts.o)
                              library.a(touch.o) (BSP_TS_Init)
library.a(stmpe811.o)         library.a(stm32f429i_discovery_ts.o) (stmpe811_ts_drv)
y:/coen20/gcc/bin/../lib/gcc/arm-none-eabi/9.3.1/../../../../arm-none-eabi/lib/thumb/v7e-m+fp/hard\libc.a(lib_a-exit.o)
                              y:/coen20/gcc/bin/../lib/gcc/arm-none-eabi/9.3.1/../../../../arm-none-eabi/lib/thumb/v7e-m+fp/hard/crt0.o (exit)
y:/coen20/gcc/bin/../lib/gcc/arm-none-eabi/9.3.1/../../../../arm-none-eabi/lib/thumb/v7e-m+fp/hard\libc.a(lib_a-impure.o)
                              y:/coen20/gcc/bin/../lib/gcc/arm-none-eabi/9.3.1/../../../../arm-none-eabi/lib/thumb/v7e-m+fp/hard\libc.a(lib_a-exit.o) (_global_impure_ptr)
y:/coen20/gcc/bin/../lib/gcc/arm-none-eabi/9.3.1/../../../../arm-none-eabi/lib/thumb/v7e-m+fp/hard\libc.a(lib_a-init.o)
                              y:/coen20/gcc/bin/../lib/gcc/arm-none-eabi/9.3.1/../../../../arm-none-eabi/lib/thumb/v7e-m+fp/hard/crt0.o (__libc_init_array)
y:/coen20/gcc/bin/../lib/gcc/arm-none-eabi/9.3.1/../../../../arm-none-eabi/lib/thumb/v7e-m+fp/hard\libc.a(lib_a-memcpy.o)
                              library.a(svcHandler.o) (memcpy)
y:/coen20/gcc/bin/../lib/gcc/arm-none-eabi/9.3.1/../../../../arm-none-eabi/lib/thumb/v7e-m+fp/hard\libc.a(lib_a-memset.o)
                              y:/coen20/gcc/bin/../lib/gcc/arm-none-eabi/9.3.1/../../../../arm-none-eabi/lib/thumb/v7e-m+fp/hard/crt0.o (memset)
y:/coen20/gcc/bin/../lib/gcc/arm-none-eabi/9.3.1/../../../../arm-none-eabi/lib/thumb/v7e-m+fp/hard\libc.a(lib_a-printf.o)
                              library.a(initialize.o) (printf)
y:/coen20/gcc/bin/../lib/gcc/arm-none-eabi/9.3.1/../../../../arm-none-eabi/lib/thumb/v7e-m+fp/hard\libc.a(lib_a-sprintf.o)
                              library.a(svcHandler.o) (sprintf)
y:/coen20/gcc/bin/../lib/gcc/arm-none-eabi/9.3.1/../../../../arm-none-eabi/lib/thumb/v7e-m+fp/hard\libc.a(lib_a-strcat.o)
                              obj/Lab1A-Main-c.o (strcat)
y:/coen20/gcc/bin/../lib/gcc/arm-none-eabi/9.3.1/../../../../arm-none-eabi/lib/thumb/v7e-m+fp/hard\libc.a(lib_a-strcpy.o)
                              obj/Lab1A-Main-c.o (strcpy)
y:/coen20/gcc/bin/../lib/gcc/arm-none-eabi/9.3.1/../../../../arm-none-eabi/lib/thumb/v7e-m+fp/hard\libc.a(lib_a-strlen.o)
                              obj/Lab1A-Main-c.o (strlen)
y:/coen20/gcc/bin/../lib/gcc/arm-none-eabi/9.3.1/../../../../arm-none-eabi/lib/thumb/v7e-m+fp/hard\libc.a(lib_a-svfprintf.o)
[...]
Memory Configuration

Name             Origin             Length             Attributes
ROM              0x08000000         0x00200000         xr
RAM              0x20000000         0x00030000         xrw
CCM              0x10000000         0x00010000         xrw
*default*        0x00000000         0xffffffff

Linker script and memory map

LOAD y:/coen20/gcc/bin/../lib/gcc/arm-none-eabi/9.3.1/thumb/v7e-m+fp/hard/crti.o
LOAD y:/coen20/gcc/bin/../lib/gcc/arm-none-eabi/9.3.1/thumb/v7e-m+fp/hard/crtbegin.o
LOAD y:/coen20/gcc/bin/../lib/gcc/arm-none-eabi/9.3.1/../../../../arm-none-eabi/lib/thumb/v7e-m+fp/hard/crt0.o
LOAD obj/Lab1A-Main-c.o
LOAD obj/Lab1A-Calculator-s.o
LOAD library.a
LOAD library.a
LOAD y:/coen20/gcc/bin/../lib/gcc/arm-none-eabi/9.3.1/../../../../arm-none-eabi/lib/thumb/v7e-m+fp/hard\libm.a
LOAD y:/coen20/gcc/bin/../lib/gcc/arm-none-eabi/9.3.1/../../../../arm-none-eabi/lib/thumb/v7e-m+fp/hard\libc.a
LOAD y:/coen20/gcc/bin/../lib/gcc/arm-none-eabi/9.3.1/../../../../arm-none-eabi/lib/thumb/v7e-m+fp/hard\libnosys.a
LOAD y:/coen20/gcc/bin/../lib/gcc/arm-none-eabi/9.3.1/../../../../arm-none-eabi/lib/thumb/v7e-m+fp/hard\libc.a
START GROUP
LOAD y:/coen20/gcc/bin/../lib/gcc/arm-none-eabi/9.3.1/thumb/v7e-m+fp/hard\libgcc.a
LOAD y:/coen20/gcc/bin/../lib/gcc/arm-none-eabi/9.3.1/../../../../arm-none-eabi/lib/thumb/v7e-m+fp/hard\libc.a
END GROUP
LOAD y:/coen20/gcc/bin/../lib/gcc/arm-none-eabi/9.3.1/thumb/v7e-m+fp/hard/crtend.o
LOAD y:/coen20/gcc/bin/../lib/gcc/arm-none-eabi/9.3.1/thumb/v7e-m+fp/hard/crtn.o

.text           0x08000000    0x10948
 *(.isr_vector)
 .isr_vector    0x08000000      0x1ac library.a(startup_stm32f429xx.o)
                0x08000000                __isr_vector
 *(.text*)
 .text          0x080001ac       0x40 y:/coen20/gcc/bin/../lib/gcc/arm-none-eabi/9.3.1/thumb/v7e-m+fp/hard/crtbegin.o
 .text          0x080001ec       0x7c y:/coen20/gcc/bin/../lib/gcc/arm-none-eabi/9.3.1/../../../../arm-none-eabi/lib/thumb/v7e-m+fp/hard/crt0.o
                0x080001ec                _stack_init
                0x080001f4                _start
                0x080001f4                _mainCRTStartup
 .text.Null     0x08000268        0xc obj/Lab1A-Main-c.o
 .text.BtnDigit
                0x08000274       0x2c obj/Lab1A-Main-c.o
 .text.BtnBackSpace
                0x080002a0       0x1c obj/Lab1A-Main-c.o
 .text.BtnEquals
                0x080002bc       0x38 obj/Lab1A-Main-c.o
 .text.Num2Text
                0x080002f4      0x1d0 obj/Lab1A-Main-c.o
 .text.BtnDIV   0x080004c4       0x60 obj/Lab1A-Main-c.o
 .text.DrawButton
                0x08000524       0xb4 obj/Lab1A-Main-c.o
 .text.UpdateDisplay
                0x080005d8      0x148 obj/Lab1A-Main-c.o
 .text.DrawButton.constprop.0
                0x08000720       0xa0 obj/Lab1A-Main-c.o
 .text.BtnRadix
                0x080007c0       0x34 obj/Lab1A-Main-c.o
 .text.BtnADD   0x080007f4       0x60 obj/Lab1A-Main-c.o
 .text.BtnSUB   0x08000854       0x60 obj/Lab1A-Main-c.o
 .text.BtnMUL   0x080008b4       0x60 obj/Lab1A-Main-c.o
 .text.startup.main
                0x08000914      0x1f0 obj/Lab1A-Main-c.o
                0x08000914                main
 .text          0x08000b04       0x1c obj/Lab1A-Calculator-s.o
                0x08000b04                Addition
                0x08000b08                Subtraction
                0x08000b10                Multiplication
                0x08000b18                Division
 .text.TextRows
                0x08000b20       0x12 library.a(initialize.o)
 .text._close   0x08000b32        0x2 library.a(initialize.o)
                0x08000b32                _close
 .text._fstat   0x08000b34        0x2 library.a(initialize.o)
                0x08000b34                _fstat
 .text._getpid  0x08000b36        0x2 library.a(initialize.o)
                0x08000b36                _getpid
 .text._isatty  0x08000b38        0x2 library.a(initialize.o)
                0x08000b38                _isatty
 .text._kill    0x08000b3a        0x2 library.a(initialize.o)
                0x08000b3a                _kill
 .text._lseek   0x08000b3c        0x2 library.a(initialize.o)
                0x08000b3c                _lseek
 .text._read    0x08000b3e        0x2 library.a(initialize.o)
                0x08000b3e                _read
 .text.ClearDisplay
                0x08000b40       0x34 library.a(initialize.o)
                0x08000b40                ClearDisplay
 .text.DisplayHeader
                0x08000b74       0x7c library.a(initialize.o)
                0x08000b74                DisplayHeader
 .text.DisplayFooter
                0x08000bf0       0x58 library.a(initialize.o)
                0x08000bf0                DisplayFooter
 .text._write   0x08000c48      0x104 library.a(initialize.o)
                0x08000c48                _write
 .text.InitializeHardware
                0x08000d4c      0x124 library.a(initialize.o)
                0x08000d4c                InitializeHardware
 .text.WaitForPushButton
                0x08000e70       0x18 library.a(initialize.o)
                0x08000e70                WaitForPushButton
 .text.GetClockCycleCount
                0x08000e88        0xc library.a(initialize.o)
                0x08000e88                GetClockCycleCount
 .text.SPIx_Init
                0x08000e94       0x98 library.a(stm32f429i_discovery.o)
 .text.SPIx_Write
                0x08000f2c       0x30 library.a(stm32f429i_discovery.o)
 .text.I2Cx_Init
                0x08000f5c       0xe8 library.a(stm32f429i_discovery.o)
 .text.I2Cx_Error
                0x08001044       0x14 library.a(stm32f429i_discovery.o)
 .text.SPIx_WriteRead
                0x08001058       0x40 library.a(stm32f429i_discovery.o)
 .text.BSP_PB_Init
                0x08001098       0x70 library.a(stm32f429i_discovery.o)
                0x08001098                BSP_PB_Init
 .text.BSP_PB_GetState
                0x08001108       0x14 library.a(stm32f429i_discovery.o)
                0x08001108                BSP_PB_GetState
 .text.LCD_IO_Init
                0x0800111c       0xb0 library.a(stm32f429i_discovery.o)
                0x0800111c                LCD_IO_Init
 .text.LCD_IO_WriteData
                0x080011cc       0x38 library.a(stm32f429i_discovery.o)
                0x080011cc                LCD_IO_WriteData
 .text.LCD_IO_WriteReg
                0x08001204       0x38 library.a(stm32f429i_discovery.o)
                0x08001204                LCD_IO_WriteReg
 .text.LCD_IO_ReadData
                0x0800123c       0x6c library.a(stm32f429i_discovery.o)
                0x0800123c                LCD_IO_ReadData
 .text.LCD_Delay
                0x080012a8        0x4 library.a(stm32f429i_discovery.o)
                0x080012a8                LCD_Delay
 .text.IOE_Init
                0x080012ac        0x4 library.a(stm32f429i_discovery.o)
                0x080012ac                IOE_Init
 .text.IOE_ITConfig
                0x080012b0       0x54 library.a(stm32f429i_discovery.o)
                0x080012b0                IOE_ITConfig
 .text.IOE_Write
                0x08001304       0x34 library.a(stm32f429i_discovery.o)
                0x08001304                IOE_Write
 .text.IOE_Read
                0x08001338       0x3c library.a(stm32f429i_discovery.o)
                0x08001338                IOE_Read
 .text.IOE_ReadMultiple
                0x08001374       0x30 library.a(stm32f429i_discovery.o)
                0x08001374                IOE_ReadMultiple
 .text.IOE_Delay
                0x080013a4        0x4 library.a(stm32f429i_discovery.o)
                0x080013a4                IOE_Delay
 .text.GYRO_IO_Init
                0x080013a8       0x6c library.a(stm32f429i_discovery.o)
                0x080013a8                GYRO_IO_Init
 .text.GYRO_IO_Read
                0x08001414       0x48 library.a(stm32f429i_discovery.o)
                0x08001414                GYRO_IO_Read
 .text.FillBuffer
                0x0800145c       0x64 library.a(stm32f429i_discovery_lcd.o)
 .text.BSP_LCD_GetXSize
                0x080014c0       0x10 library.a(stm32f429i_discovery_lcd.o)
                0x080014c0                BSP_LCD_GetXSize
 .text.BSP_LCD_GetYSize
                0x080014d0       0x10 library.a(stm32f429i_discovery_lcd.o)
                0x080014d0                BSP_LCD_GetYSize
 .text.BSP_LCD_LayerDefaultInit
                0x080014e0       0x7c library.a(stm32f429i_discovery_lcd.o)
                0x080014e0                BSP_LCD_LayerDefaultInit
 .text.BSP_LCD_SelectLayer
                0x0800155c        0xc library.a(stm32f429i_discovery_lcd.o)
                0x0800155c                BSP_LCD_SelectLayer
 .text.BSP_LCD_GetTextColor
                0x08001568       0x18 library.a(stm32f429i_discovery_lcd.o)
                0x08001568                BSP_LCD_GetTextColor
 .text.BSP_LCD_GetBackColor
                0x08001580       0x18 library.a(stm32f429i_discovery_lcd.o)
                0x08001580                BSP_LCD_GetBackColor
 .text.BSP_LCD_SetTextColor
                0x08001598       0x18 library.a(stm32f429i_discovery_lcd.o)
                0x08001598                BSP_LCD_SetTextColor
 .text.BSP_LCD_SetBackColor
                0x080015b0       0x18 library.a(stm32f429i_discovery_lcd.o)
                0x080015b0                BSP_LCD_SetBackColor
 .text.BSP_LCD_SetFont
                0x080015c8       0x18 library.a(stm32f429i_discovery_lcd.o)
                0x080015c8                BSP_LCD_SetFont
 .text.BSP_LCD_Init
                0x080015e0      0x1bc library.a(stm32f429i_discovery_lcd.o)
                0x080015e0                BSP_LCD_Init
 .text.BSP_LCD_GetFont
                0x0800179c       0x18 library.a(stm32f429i_discovery_lcd.o)
                0x0800179c                BSP_LCD_GetFont
 .text.BSP_LCD_Clear
                0x080017b4       0x40 library.a(stm32f429i_discovery_lcd.o)
                0x080017b4                BSP_LCD_Clear
 .text.BSP_LCD_DrawHLine
                0x080017f4       0x50 library.a(stm32f429i_discovery_lcd.o)
                0x080017f4                BSP_LCD_DrawHLine
 .text.BSP_LCD_DrawVLine
                0x08001844       0x5c library.a(stm32f429i_discovery_lcd.o)
                0x08001844                BSP_LCD_DrawVLine
 .text.BSP_LCD_DrawRect
                0x080018a0       0x34 library.a(stm32f429i_discovery_lcd.o)
                0x080018a0                BSP_LCD_DrawRect
 .text.BSP_LCD_FillRect
                0x080018d4       0x78 library.a(stm32f429i_discovery_lcd.o)
                0x080018d4                BSP_LCD_FillRect
 .text.BSP_LCD_DisplayOn
                0x0800194c       0x10 library.a(stm32f429i_discovery_lcd.o)
                0x0800194c                BSP_LCD_DisplayOn
 .text.BSP_LCD_DrawPixel
                0x0800195c       0x2c library.a(stm32f429i_discovery_lcd.o)
                0x0800195c                BSP_LCD_DrawPixel
 .text.BSP_LCD_DisplayChar
                0x08001988       0xd4 library.a(stm32f429i_discovery_lcd.o)
                0x08001988                BSP_LCD_DisplayChar
 .text.BSP_LCD_DisplayStringAt
                0x08001a5c       0x9c library.a(stm32f429i_discovery_lcd.o)
                0x08001a5c                BSP_LCD_DisplayStringAt
 .text.BSP_SDRAM_Initialization_sequence
                0x08001af8       0x94 library.a(stm32f429i_discovery_sdram.o)
                0x08001af8                BSP_SDRAM_Initialization_sequence
 .text.BSP_SDRAM_Init
                0x08001b8c      0x1c8 library.a(stm32f429i_discovery_sdram.o)
                0x08001b8c                BSP_SDRAM_Init
 .text.HAL_MspInit
                0x08001d54        0x2 library.a(stm32f4xx_hal.o)
                0x08001d54                HAL_MspInit
 .text.HAL_InitTick
                0x08001d56       0x28 library.a(stm32f4xx_hal.o)
                0x08001d56                HAL_InitTick
 *fill*         0x08001d7e        0x2 
 .text.HAL_Init
                0x08001d80       0x34 library.a(stm32f4xx_hal.o)
                0x08001d80                HAL_Init
 .text.HAL_IncTick
                0x08001db4       0x10 library.a(stm32f4xx_hal.o)
                0x08001db4                HAL_IncTick
 .text.HAL_GetTick
                0x08001dc4        0xc library.a(stm32f4xx_hal.o)
                0x08001dc4                HAL_GetTick
 .text.HAL_Delay
                0x08001dd0       0x1a library.a(stm32f4xx_hal.o)
                0x08001dd0                HAL_Delay
 *fill*         0x08001dea        0x2 
 .text.HAL_NVIC_SetPriorityGrouping
                0x08001dec       0x24 library.a(stm32f4xx_hal_cortex.o)
                0x08001dec                HAL_NVIC_SetPriorityGrouping
 .text.HAL_NVIC_SetPriority
                0x08001e10       0x64 library.a(stm32f4xx_hal_cortex.o)
                0x08001e10                HAL_NVIC_SetPriority
 .text.HAL_NVIC_EnableIRQ
                0x08001e74       0x18 library.a(stm32f4xx_hal_cortex.o)
                0x08001e74                HAL_NVIC_EnableIRQ
 .text.HAL_SYSTICK_Config
                0x08001e8c       0x28 library.a(stm32f4xx_hal_cortex.o)
                0x08001e8c                HAL_SYSTICK_Config
 .text.HAL_DMA_Init
                0x08001eb4       0x78 library.a(stm32f4xx_hal_dma.o)
                0x08001eb4                HAL_DMA_Init
 .text.HAL_DMA_DeInit
                0x08001f2c      0xacc library.a(stm32f4xx_hal_dma.o)
                0x08001f2c                HAL_DMA_DeInit
 .text.DMA2D_SetConfig
                0x080029f8       0x80 library.a(stm32f4xx_hal_dma2d.o)
 .text.HAL_DMA2D_MspInit
                0x08002a78        0x2 library.a(stm32f4xx_hal_dma2d.o)
                0x08002a78                HAL_DMA2D_MspInit
 .text.HAL_DMA2D_Init
                0x08002a7a       0x5c library.a(stm32f4xx_hal_dma2d.o)
                0x08002a7a                HAL_DMA2D_Init
 .text.HAL_DMA2D_Start
                0x08002ad6       0x40 library.a(stm32f4xx_hal_dma2d.o)
                0x08002ad6                HAL_DMA2D_Start
 .text.HAL_DMA2D_PollForTransfer
                0x08002b16       0xc4 library.a(stm32f4xx_hal_dma2d.o)
                0x08002b16                HAL_DMA2D_PollForTransfer
 *fill*         0x08002bda        0x2 
 .text.HAL_DMA2D_ConfigLayer
                0x08002bdc       0xdc library.a(stm32f4xx_hal_dma2d.o)
                0x08002bdc                HAL_DMA2D_ConfigLayer
 .text.HAL_GPIO_Init
                0x08002cb8      0x1d0 library.a(stm32f4xx_hal_gpio.o)
                0x08002cb8                HAL_GPIO_Init
 .text.HAL_GPIO_ReadPin
                0x08002e88        0xc library.a(stm32f4xx_hal_gpio.o)
                0x08002e88                HAL_GPIO_ReadPin
 .text.HAL_GPIO_WritePin
                0x08002e94        0xa library.a(stm32f4xx_hal_gpio.o)
                0x08002e94                HAL_GPIO_WritePin
 .text.I2C_WaitOnMasterAddressFlagUntilTimeout
                0x08002e9e       0x66 library.a(stm32f4xx_hal_i2c.o)
 .text.I2C_WaitOnFlagUntilTimeout
                0x08002f04       0x90 library.a(stm32f4xx_hal_i2c.o)
 .text.I2C_RequestMemoryWrite
                0x08002f94       0x98 library.a(stm32f4xx_hal_i2c.o)
 .text.I2C_RequestMemoryRead
                0x0800302c       0xe8 library.a(stm32f4xx_hal_i2c.o)
 .text.HAL_I2C_MspInit
                0x08003114        0x2 library.a(stm32f4xx_hal_i2c.o)
                0x08003114                HAL_I2C_MspInit
 *fill*         0x08003116        0x2 
 .text.HAL_I2C_Init
                0x08003118       0xe0 library.a(stm32f4xx_hal_i2c.o)
                0x08003118                HAL_I2C_Init
 .text.HAL_I2C_MspDeInit
                0x080031f8        0x2 library.a(stm32f4xx_hal_i2c.o)
                0x080031f8                HAL_I2C_MspDeInit
 .text.HAL_I2C_DeInit
                0x080031fa       0x2c library.a(stm32f4xx_hal_i2c.o)
                0x080031fa                HAL_I2C_DeInit
 *fill*         0x08003226        0x2 
 .text.HAL_I2C_Mem_Write
                0x08003228       0xe8 library.a(stm32f4xx_hal_i2c.o)
                0x08003228                HAL_I2C_Mem_Write
 .text.HAL_I2C_Mem_Read
                0x08003310      0x1bc library.a(stm32f4xx_hal_i2c.o)
                0x08003310                HAL_I2C_Mem_Read
 .text.HAL_I2C_GetState
                0x080034cc        0x6 library.a(stm32f4xx_hal_i2c.o)
                0x080034cc                HAL_I2C_GetState
 *fill*         0x080034d2        0x2 
 .text.LTDC_SetConfig
                0x080034d4      0x144 library.a(stm32f4xx_hal_ltdc.o)
 .text.HAL_LTDC_MspInit
                0x08003618        0x2 library.a(stm32f4xx_hal_ltdc.o)
                0x08003618                HAL_LTDC_MspInit
 *fill*         0x0800361a        0x2 
 .text.HAL_LTDC_Init
                0x0800361c       0xfc library.a(stm32f4xx_hal_ltdc.o)
                0x0800361c                HAL_LTDC_Init
 .text.HAL_LTDC_ConfigLayer
                0x08003718       0x5c library.a(stm32f4xx_hal_ltdc.o)
                0x08003718                HAL_LTDC_ConfigLayer
 .text.HAL_LTDC_EnableDither
                0x08003774       0x34 library.a(stm32f4xx_hal_ltdc.o)
                0x08003774                HAL_LTDC_EnableDither
 .text.HAL_RCC_OscConfig
                0x080037a8      0x330 library.a(stm32f4xx_hal_rcc.o)
                0x080037a8                HAL_RCC_OscConfig
 .text.HAL_RCC_ClockConfig
                0x08003ad8      0x1f8 library.a(stm32f4xx_hal_rcc.o)
                0x08003ad8                HAL_RCC_ClockConfig
 .text.HAL_RCC_GetSysClockFreq
                0x08003cd0       0x78 library.a(stm32f4xx_hal_rcc.o)
                0x08003cd0                HAL_RCC_GetSysClockFreq
 .text.HAL_RCC_GetHCLKFreq
                0x08003d48       0x38 library.a(stm32f4xx_hal_rcc.o)
                0x08003d48                HAL_RCC_GetHCLKFreq
 .text.HAL_RCC_GetPCLK1Freq
                0x08003d80       0x30 library.a(stm32f4xx_hal_rcc.o)
                0x08003d80                HAL_RCC_GetPCLK1Freq
 .text.HAL_RCCEx_PeriphCLKConfig
                0x08003db0      0x2d8 library.a(stm32f4xx_hal_rcc_ex.o)
                0x08003db0                HAL_RCCEx_PeriphCLKConfig
 .text.HAL_SDRAM_MspInit
                0x08004088        0x2 library.a(stm32f4xx_hal_sdram.o)
                0x08004088                HAL_SDRAM_MspInit
 .text.HAL_SDRAM_Init
                0x0800408a       0x40 library.a(stm32f4xx_hal_sdram.o)
                0x0800408a                HAL_SDRAM_Init
 .text.HAL_SDRAM_SendCommand
                0x080040ca       0x2e library.a(stm32f4xx_hal_sdram.o)
                0x080040ca                HAL_SDRAM_SendCommand
 .text.HAL_SDRAM_ProgramRefreshRate
                0x080040f8       0x24 library.a(stm32f4xx_hal_sdram.o)
                0x080040f8                HAL_SDRAM_ProgramRefreshRate
 .text.SPI_WaitOnFlagUntilTimeout
                0x0800411c       0x94 library.a(stm32f4xx_hal_spi.o)
 .text.HAL_SPI_MspInit
                0x080041b0        0x2 library.a(stm32f4xx_hal_spi.o)
                0x080041b0                HAL_SPI_MspInit
 .text.HAL_SPI_Init
                0x080041b2       0x82 library.a(stm32f4xx_hal_spi.o)
                0x080041b2                HAL_SPI_Init
 .text.HAL_SPI_MspDeInit
                0x08004234        0x2 library.a(stm32f4xx_hal_spi.o)
                0x08004234                HAL_SPI_MspDeInit
 .text.HAL_SPI_DeInit
                0x08004236       0x26 library.a(stm32f4xx_hal_spi.o)
                0x08004236                HAL_SPI_DeInit
 .text.HAL_SPI_Transmit
                0x0800425c      0x164 library.a(stm32f4xx_hal_spi.o)
                0x0800425c                HAL_SPI_Transmit
 .text.HAL_SPI_TransmitReceive
                0x080043c0      0x2c2 library.a(stm32f4xx_hal_spi.o)
                0x080043c0                HAL_SPI_TransmitReceive
 .text.HAL_SPI_Receive
                0x08004682      0x1d2 library.a(stm32f4xx_hal_spi.o)
                0x08004682                HAL_SPI_Receive
 .text.HAL_SPI_GetState
                0x08004854        0x6 library.a(stm32f4xx_hal_spi.o)
                0x08004854                HAL_SPI_GetState
 .text.NMI_Handler
                0x0800485a        0x2 library.a(stm32f4xx_it.o)
                0x0800485a                NMI_Handler
 .text.SVC_Handler
                0x0800485c       0x20 library.a(stm32f4xx_it.o)
                0x0800485c                SVC_Handler
 .text.DebugMon_Handler
                0x0800487c        0x2 library.a(stm32f4xx_it.o)
                0x0800487c                DebugMon_Handler
 .text.PendSV_Handler
                0x0800487e        0x2 library.a(stm32f4xx_it.o)
                0x0800487e                PendSV_Handler
 .text.SysTick_Handler
                0x08004880        0x4 library.a(stm32f4xx_it.o)
                0x08004880                SysTick_Handler
 .text.FMC_SDRAM_Init
                0x08004884       0x68 library.a(stm32f4xx_ll_fmc.o)
                0x08004884                FMC_SDRAM_Init
 .text.FMC_SDRAM_Timing_Init
                0x080048ec       0x72 library.a(stm32f4xx_ll_fmc.o)
                0x080048ec                FMC_SDRAM_Timing_Init
 .text.FMC_SDRAM_SendCommand
                0x0800495e       0x50 library.a(stm32f4xx_ll_fmc.o)
                0x0800495e                FMC_SDRAM_SendCommand
 .text.FMC_SDRAM_ProgramRefreshRate
                0x080049ae        0xc library.a(stm32f4xx_ll_fmc.o)
                0x080049ae                FMC_SDRAM_ProgramRefreshRate
 *fill*         0x080049ba        0x2 
 .text.SVC_Label
                0x080049bc       0x58 library.a(svcHandler.o)
 .text.Preserve
                0x08004a14       0xa8 library.a(svcHandler.o)
 .text.HardStopHandler
                0x08004abc       0x94 library.a(svcHandler.o)
 .text.F32      0x08004b50       0xc0 library.a(svcHandler.o)
 .text.Restore  0x08004c10       0x5c library.a(svcHandler.o)
 .text.FlPtRegs
                0x08004c6c       0x9c library.a(svcHandler.o)
 .text._MemManageHandler
                0x08004d08       0x10 library.a(svcHandler.o)
                0x08004d08                _MemManageHandler
 .text.MemManage_Handler
                0x08004d18        0xc library.a(svcHandler.o)
                0x08004d18                MemManage_Handler
 .text._BusFault_Handler
                0x08004d24       0x10 library.a(svcHandler.o)
                0x08004d24                _BusFault_Handler
 .text.BusFault_Handler
                0x08004d34        0xc library.a(svcHandler.o)
                0x08004d34                BusFault_Handler
 .text._HardFault_Handler
                0x08004d40       0x10 library.a(svcHandler.o)
                0x08004d40                _HardFault_Handler
 .text.HardFault_Handler
                0x08004d50        0xc library.a(svcHandler.o)
                0x08004d50                HardFault_Handler
 .text._UsageFault_Handler
                0x08004d5c       0x5c library.a(svcHandler.o)
                0x08004d5c                _UsageFault_Handler
 .text.UsageFault_Handler
                0x08004db8        0xc library.a(svcHandler.o)
                0x08004db8                UsageFault_Handler
 .text.SVC_Exception
                0x08004dc4       0xd8 library.a(svcHandler.o)
                0x08004dc4                SVC_Exception
 .text.SystemInit
                0x08004e9c       0x4c library.a(system_stm32f4xx.o)
                0x08004e9c                SystemInit
 .text.TS_Init  0x08004ee8       0x2c library.a(touch.o)
                0x08004ee8                TS_Init
 .text.TS_Touched
                0x08004f14       0x30 library.a(touch.o)
                0x08004f14                TS_Touched
 .text.TS_GetX  0x08004f44        0xc library.a(touch.o)
                0x08004f44                TS_GetX
 .text.TS_GetY  0x08004f50        0xc library.a(touch.o)
                0x08004f50                TS_GetY
 .text          0x08004f5c      0x118 library.a(startup_stm32f429xx.o)
                0x08004f5c                Reset_Handler
                0x08004fb4                Default_Handler
                0x08004fb6                WWDG_IRQHandler
                0x08004fb8                PVD_IRQHandler
                0x08004fba                TAMP_STAMP_IRQHandler
                0x08004fbc                RTC_WKUP_IRQHandler
                0x08004fbe                FLASH_IRQHandler
                0x08004fc0                RCC_IRQHandler
                0x08004fc2                EXTI0_IRQHandler
                0x08004fc4                EXTI1_IRQHandler
                0x08004fc6                EXTI2_IRQHandler
                0x08004fc8                EXTI3_IRQHandler
                0x08004fca                EXTI4_IRQHandler
                0x08004fcc                DMA1_Stream0_IRQHandler
                0x08004fce                DMA1_Stream1_IRQHandler
                0x08004fd0                DMA1_Stream2_IRQHandler
                0x08004fd2                DMA1_Stream3_IRQHandler
                0x08004fd4                DMA1_Stream4_IRQHandler
                0x08004fd6                DMA1_Stream5_IRQHandler
                0x08004fd8                DMA1_Stream6_IRQHandler
                0x08004fda                ADC_IRQHandler
                0x08004fdc                CAN1_TX_IRQHandler
                0x08004fde                CAN1_RX0_IRQHandler
                0x08004fe0                CAN1_RX1_IRQHandler
                0x08004fe2                CAN1_SCE_IRQHandler
                0x08004fe4                EXTI9_5_IRQHandler
                0x08004fe6                TIM1_BRK_TIM9_IRQHandler
                0x08004fe8                TIM1_UP_TIM10_IRQHandler
                0x08004fea                TIM1_TRG_COM_TIM11_IRQHandler
                0x08004fec                TIM1_CC_IRQHandler
                0x08004fee                TIM2_IRQHandler
                0x08004ff0                TIM3_IRQHandler
                0x08004ff2                TIM4_IRQHandler
                0x08004ff4                I2C1_EV_IRQHandler
                0x08004ff6                I2C1_ER_IRQHandler
                0x08004ff8                I2C2_EV_IRQHandler
                0x08004ffa                I2C2_ER_IRQHandler
                0x08004ffc                SPI1_IRQHandler
                0x08004ffe                SPI2_IRQHandler
                0x08005000                USART1_IRQHandler
                0x08005002                USART2_IRQHandler
                0x08005004                USART3_IRQHandler
                0x08005006                EXTI15_10_IRQHandler
                0x08005008                RTC_Alarm_IRQHandler
                0x0800500a                OTG_FS_WKUP_IRQHandler
                0x0800500c                TIM8_BRK_TIM12_IRQHandler
                0x0800500e                TIM8_UP_TIM13_IRQHandler
                0x08005010                TIM8_TRG_COM_TIM14_IRQHandler
                0x08005012                TIM8_CC_IRQHandler
                0x08005014                DMA1_Stream7_IRQHandler
                0x08005016                FSMC_IRQHandler
                0x08005018                SDIO_IRQHandler
                0x0800501a                TIM5_IRQHandler
                0x0800501c                SPI3_IRQHandler
                0x0800501e                UART4_IRQHandler
                0x08005020                UART5_IRQHandler
                0x08005022                TIM6_DAC_IRQHandler
                0x08005024                TIM7_IRQHandler
                0x08005026                DMA2_Stream0_IRQHandler
                0x08005028                DMA2_Stream1_IRQHandler
                0x0800502a                DMA2_Stream2_IRQHandler
                0x0800502c                DMA2_Stream3_IRQHandler
                0x0800502e                DMA2_Stream4_IRQHandler
                0x08005030                ETH_IRQHandler
                0x08005032                ETH_WKUP_IRQHandler
                0x08005034                CAN2_TX_IRQHandler
                0x08005036                CAN2_RX0_IRQHandler
                0x08005038                CAN2_RX1_IRQHandler
                0x0800503a                CAN2_SCE_IRQHandler
                0x0800503c                OTG_FS_IRQHandler
                0x0800503e                DMA2_Stream5_IRQHandler
                0x08005040                DMA2_Stream6_IRQHandler
                0x08005042                DMA2_Stream7_IRQHandler
                0x08005044                USART6_IRQHandler
                0x08005046                I2C3_EV_IRQHandler
                0x08005048                I2C3_ER_IRQHandler
                0x0800504a                OTG_HS_EP1_OUT_IRQHandler
                0x0800504c                OTG_HS_EP1_IN_IRQHandler
                0x0800504e                OTG_HS_WKUP_IRQHandler
                0x08005050                OTG_HS_IRQHandler
                0x08005052                DCMI_IRQHandler
                0x08005054                CRYP_IRQHandler
                0x08005056                HASH_RNG_IRQHandler
                0x08005058                FPU_IRQHandler
                0x0800505a                UART7_IRQHandler
                0x0800505c                UART8_IRQHandler
                0x0800505e                SPI4_IRQHandler
                0x08005060                SPI5_IRQHandler
                0x08005062                SPI6_IRQHandler
                0x08005064                SAI1_IRQHandler
                0x08005066                LTDC_IRQHandler
                0x08005068                LTDC_ER_IRQHandler
                0x0800506a                DMA2D_IRQHandler
 .text.ili9341_GetLcdPixelWidth
                0x08005074        0x4 library.a(ili9341.o)
                0x08005074                ili9341_GetLcdPixelWidth
 .text.ili9341_GetLcdPixelHeight
                0x08005078        0x6 library.a(ili9341.o)
                0x08005078                ili9341_GetLcdPixelHeight
 .text.ili9341_DisplayOn
                0x0800507e        0x6 library.a(ili9341.o)
                0x0800507e                ili9341_DisplayOn
 .text.ili9341_DisplayOff
                0x08005084        0x6 library.a(ili9341.o)
                0x08005084                ili9341_DisplayOff
 .text.ili9341_Init
                0x0800508a      0x292 library.a(ili9341.o)
                0x0800508a                ili9341_Init
 .text.ili9341_ReadID
                0x0800531c       0x12 library.a(ili9341.o)
                0x0800531c                ili9341_ReadID
 *fill*         0x0800532e        0x2 
 .text.BSP_TS_Init
                0x08005330       0x44 library.a(stm32f429i_discovery_ts.o)
                0x08005330                BSP_TS_Init
 .text.BSP_TS_GetState
                0x08005374      0x138 library.a(stm32f429i_discovery_ts.o)
                0x08005374                BSP_TS_GetState
 .text.stmpe811_Reset
                0x080054ac       0x28 library.a(stmpe811.o)
                0x080054ac                stmpe811_Reset
 .text.stmpe811_ReadID
                0x080054d4       0x24 library.a(stmpe811.o)
                0x080054d4                stmpe811_ReadID
 .text.stmpe811_TS_DetectTouch
                0x080054f8       0x38 library.a(stmpe811.o)
                0x080054f8                stmpe811_TS_DetectTouch
 .text.stmpe811_TS_GetXY
                0x08005530       0x3c library.a(stmpe811.o)
                0x08005530                stmpe811_TS_GetXY
 .text.stmpe811_Init
                0x0800556c       0x30 library.a(stmpe811.o)
                0x0800556c                stmpe811_Init
 .text.stmpe811_EnableGlobalIT
                0x0800559c       0x1e library.a(stmpe811.o)
                0x0800559c                stmpe811_EnableGlobalIT
 .text.stmpe811_DisableGlobalIT
                0x080055ba       0x1c library.a(stmpe811.o)
                0x080055ba                stmpe811_DisableGlobalIT
 .text.stmpe811_EnableITSource
                0x080055d6       0x20 library.a(stmpe811.o)
                0x080055d6                stmpe811_EnableITSource
 .text.stmpe811_TS_EnableIT
                0x080055f6       0x1c library.a(stmpe811.o)
                0x080055f6                stmpe811_TS_EnableIT
 .text.stmpe811_DisableITSource
                0x08005612       0x20 library.a(stmpe811.o)
                0x08005612                stmpe811_DisableITSource
 .text.stmpe811_TS_DisableIT
                0x08005632       0x14 library.a(stmpe811.o)
                0x08005632                stmpe811_TS_DisableIT
 .text.stmpe811_ReadGITStatus
                0x08005646       0x10 library.a(stmpe811.o)
                0x08005646                stmpe811_ReadGITStatus
 .text.stmpe811_TS_ITStatus
                0x08005656        0x6 library.a(stmpe811.o)
                0x08005656                stmpe811_TS_ITStatus
 .text.stmpe811_ClearGlobalIT
                0x0800565c        0xa library.a(stmpe811.o)
                0x0800565c                stmpe811_ClearGlobalIT
 .text.stmpe811_TS_ClearIT
                0x08005666        0x6 library.a(stmpe811.o)
                0x08005666                stmpe811_TS_ClearIT
 .text.stmpe811_IO_EnableAF
                0x0800566c       0x20 library.a(stmpe811.o)
                0x0800566c                stmpe811_IO_EnableAF
 .text.stmpe811_TS_Start
                0x0800568c       0xa4 library.a(stmpe811.o)
                0x0800568c                stmpe811_TS_Start
 .text.exit     0x08005730       0x20 y:/coen20/gcc/bin/../lib/gcc/arm-none-eabi/9.3.1/../../../../arm-none-eabi/lib/thumb/v7e-m+fp/hard\libc.a(lib_a-exit.o)
                0x08005730                exit
 .text.__libc_init_array
                0x08005750       0x48 y:/coen20/gcc/bin/../lib/gcc/arm-none-eabi/9.3.1/../../../../arm-none-eabi/lib/thumb/v7e-m+fp/hard\libc.a(lib_a-init.o)
                0x08005750                __libc_init_array
 .text          0x08005798      0x134 y:/coen20/gcc/bin/../lib/gcc/arm-none-eabi/9.3.1/../../../../arm-none-eabi/lib/thumb/v7e-m+fp/hard\libc.a(lib_a-memcpy.o)
                0x08005798                memcpy
 .text.memset   0x080058cc       0xa0 y:/coen20/gcc/bin/../lib/gcc/arm-none-eabi/9.3.1/../../../../arm-none-eabi/lib/thumb/v7e-m+fp/hard\libc.a(lib_a-memset.o)
                0x080058cc                memset
 .text.sprintf  0x0800596c       0x44 y:/coen20/gcc/bin/../lib/gcc/arm-none-eabi/9.3.1/../../../../arm-none-eabi/lib/thumb/v7e-m+fp/hard\libc.a(lib_a-sprintf.o)
                0x0800596c                sprintf
 .text.strcat   0x080059b0       0x40 y:/coen20/gcc/bin/../lib/gcc/arm-none-eabi/9.3.1/../../../../arm-none-eabi/lib/thumb/v7e-m+fp/hard\libc.a(lib_a-strcat.o)
                0x080059b0                strcat
 .text.strcpy   0x080059f0       0xbc y:/coen20/gcc/bin/../lib/gcc/arm-none-eabi/9.3.1/../../../../arm-none-eabi/lib/thumb/v7e-m+fp/hard\libc.a(lib_a-strcpy.o)
                0x080059f0                strcpy
 *fill*         0x08005aac       0x14 
 .text          0x08005ac0       0xdc y:/coen20/gcc/bin/../lib/gcc/arm-none-eabi/9.3.1/../../../../arm-none-eabi/lib/thumb/v7e-m+fp/hard\libc.a(lib_a-strlen.o)
                0x08005ac0                strlen
 *fill*         0x08005b9c        0x4 
 .text._svfprintf_r
                0x08005ba0     0x1b38 y:/coen20/gcc/bin/../lib/gcc/arm-none-eabi/9.3.1/../../../../arm-none-eabi/lib/thumb/v7e-m+fp/hard\libc.a(lib_a-svfprintf.o)
                0x08005ba0                _svfprintf_r
 .text.__swsetup_r
                0x080076d8       0xd0 y:/coen20/gcc/bin/../lib/gcc/arm-none-eabi/9.3.1/../../../../arm-none-eabi/lib/thumb/v7e-m+fp/hard\libc.a(lib_a-wsetup.o)
                0x080076d8                __swsetup_r
 .text.startup.register_fini
                0x080077a8       0x14 y:/coen20/gcc/bin/../lib/gcc/arm-none-eabi/9.3.1/../../../../arm-none-eabi/lib/thumb/v7e-m+fp/hard\libc.a(lib_a-__call_atexit.o)
 .text.__call_exitprocs
                0x080077bc       0xcc y:/coen20/gcc/bin/../lib/gcc/arm-none-eabi/9.3.1/../../../../arm-none-eabi/lib/thumb/v7e-m+fp/hard\libc.a(lib_a-__call_atexit.o)
                0x080077bc                __call_exitprocs
 .text.atexit   0x08007888        0xc y:/coen20/gcc/bin/../lib/gcc/arm-none-eabi/9.3.1/../../../../arm-none-eabi/lib/thumb/v7e-m+fp/hard\libc.a(lib_a-atexit.o)
                0x08007888                atexit
 .text.quorem   0x08007894      0x11c y:/coen20/gcc/bin/../lib/gcc/arm-none-eabi/9.3.1/../../../../arm-none-eabi/lib/thumb/v7e-m+fp/hard\libc.a(lib_a-dtoa.o)
 .text._dtoa_r  0x080079b0      0xf44 y:/coen20/gcc/bin/../lib/gcc/arm-none-eabi/9.3.1/../../../../arm-none-eabi/lib/thumb/v7e-m+fp/hard\libc.a(lib_a-dtoa.o)
                0x080079b0                _dtoa_r
 .text.__sflush_r
                0x080088f4      0x130 y:/coen20/gcc/bin/../lib/gcc/arm-none-eabi/9.3.1/../../../../arm-none-eabi/lib/thumb/v7e-m+fp/hard\libc.a(lib_a-fflush.o)
                0x080088f4                __sflush_r
 .text._fflush_r
                0x08008a24       0x5c y:/coen20/gcc/bin/../lib/gcc/arm-none-eabi/9.3.1/../../../../arm-none-eabi/lib/thumb/v7e-m+fp/hard\libc.a(lib_a-fflush.o)
                0x08008a24                _fflush_r
 .text.std      0x08008a80       0x50 y:/coen20/gcc/bin/../lib/gcc/arm-none-eabi/9.3.1/../../../../arm-none-eabi/lib/thumb/v7e-m+fp/hard\libc.a(lib_a-findfp.o)
 .text._cleanup_r
                0x08008ad0        0xc y:/coen20/gcc/bin/../lib/gcc/arm-none-eabi/9.3.1/../../../../arm-none-eabi/lib/thumb/v7e-m+fp/hard\libc.a(lib_a-findfp.o)
                0x08008ad0                _cleanup_r
 .text.__sinit  0x08008adc       0x54 y:/coen20/gcc/bin/../lib/gcc/arm-none-eabi/9.3.1/../../../../arm-none-eabi/lib/thumb/v7e-m+fp/hard\libc.a(lib_a-findfp.o)
                0x08008adc                __sinit
 .text.__sfp_lock_acquire
                0x08008b30        0xc y:/coen20/gcc/bin/../lib/gcc/arm-none-eabi/9.3.1/../../../../arm-none-eabi/lib/thumb/v7e-m+fp/hard\libc.a(lib_a-findfp.o)
                0x08008b30                __sfp_lock_acquire
 .text.__sfp_lock_release
                0x08008b3c        0xc y:/coen20/gcc/bin/../lib/gcc/arm-none-eabi/9.3.1/../../../../arm-none-eabi/lib/thumb/v7e-m+fp/hard\libc.a(lib_a-findfp.o)
                0x08008b3c                __sfp_lock_release
 .text.__libc_fini_array
                0x08008b48       0x2c y:/coen20/gcc/bin/../lib/gcc/arm-none-eabi/9.3.1/../../../../arm-none-eabi/lib/thumb/v7e-m+fp/hard\libc.a(lib_a-fini.o)
                0x08008b48                __libc_fini_array
 .text._malloc_trim_r
                0x08008b74       0xa0 y:/coen20/gcc/bin/../lib/gcc/arm-none-eabi/9.3.1/../../../../arm-none-eabi/lib/thumb/v7e-m+fp/hard\libc.a(lib_a-freer.o)
                0x08008b74                _malloc_trim_r
 .text._free_r  0x08008c14      0x208 y:/coen20/gcc/bin/../lib/gcc/arm-none-eabi/9.3.1/../../../../arm-none-eabi/lib/thumb/v7e-m+fp/hard\libc.a(lib_a-freer.o)
                0x08008c14                _free_r
 .text._fwalk_reent
                0x08008e1c       0x48 y:/coen20/gcc/bin/../lib/gcc/arm-none-eabi/9.3.1/../../../../arm-none-eabi/lib/thumb/v7e-m+fp/hard\libc.a(lib_a-fwalk.o)
                0x08008e1c                _fwalk_reent
 .text._localeconv_r
                0x08008e64        0x8 y:/coen20/gcc/bin/../lib/gcc/arm-none-eabi/9.3.1/../../../../arm-none-eabi/lib/thumb/v7e-m+fp/hard\libc.a(lib_a-localeconv.o)
                0x08008e64                _localeconv_r
 .text.__retarget_lock_init_recursive
                0x08008e6c        0x4 y:/coen20/gcc/bin/../lib/gcc/arm-none-eabi/9.3.1/../../../../arm-none-eabi/lib/thumb/v7e-m+fp/hard\libc.a(lib_a-lock.o)
                0x08008e6c                __retarget_lock_init_recursive
 .text.__retarget_lock_close_recursive
                0x08008e70        0x4 y:/coen20/gcc/bin/../lib/gcc/arm-none-eabi/9.3.1/../../../../arm-none-eabi/lib/thumb/v7e-m+fp/hard\libc.a(lib_a-lock.o)
                0x08008e70                __retarget_lock_close_recursive
 .text.__retarget_lock_acquire_recursive
                0x08008e74        0x4 y:/coen20/gcc/bin/../lib/gcc/arm-none-eabi/9.3.1/../../../../arm-none-eabi/lib/thumb/v7e-m+fp/hard\libc.a(lib_a-lock.o)
                0x08008e74                __retarget_lock_acquire_recursive
 .text.__retarget_lock_release_recursive
                0x08008e78        0x4 y:/coen20/gcc/bin/../lib/gcc/arm-none-eabi/9.3.1/../../../../arm-none-eabi/lib/thumb/v7e-m+fp/hard\libc.a(lib_a-lock.o)
                0x08008e78                __retarget_lock_release_recursive
 .text.__swhatbuf_r
                0x08008e7c       0x5c y:/coen20/gcc/bin/../lib/gcc/arm-none-eabi/9.3.1/../../../../arm-none-eabi/lib/thumb/v7e-m+fp/hard\libc.a(lib_a-makebuf.o)
                0x08008e7c                __swhatbuf_r
 .text.__smakebuf_r
                0x08008ed8       0x98 y:/coen20/gcc/bin/../lib/gcc/arm-none-eabi/9.3.1/../../../../arm-none-eabi/lib/thumb/v7e-m+fp/hard\libc.a(lib_a-makebuf.o)
                0x08008ed8                __smakebuf_r
 .text._malloc_r
                0x08008f70      0x574 y:/coen20/gcc/bin/../lib/gcc/arm-none-eabi/9.3.1/../../../../arm-none-eabi/lib/thumb/v7e-m+fp/hard\libc.a(lib_a-mallocr.o)
                0x08008f70                _malloc_r
 *fill*         0x080094e4        0xc 
 .text          0x080094f0       0xa0 y:/coen20/gcc/bin/../lib/gcc/arm-none-eabi/9.3.1/../../../../arm-none-eabi/lib/thumb/v7e-m+fp/hard\libc.a(lib_a-memchr.o)
                0x080094f0                memchr
 .text.__malloc_lock
                0x08009590        0xc y:/coen20/gcc/bin/../lib/gcc/arm-none-eabi/9.3.1/../../../../arm-none-eabi/lib/thumb/v7e-m+fp/hard\libc.a(lib_a-mlock.o)
                0x08009590                __malloc_lock
 .text.__malloc_unlock
                0x0800959c        0xc y:/coen20/gcc/bin/../lib/gcc/arm-none-eabi/9.3.1/../../../../arm-none-eabi/lib/thumb/v7e-m+fp/hard\libc.a(lib_a-mlock.o)
                0x0800959c                __malloc_unlock
 .text._Balloc  0x080095a8       0x4c y:/coen20/gcc/bin/../lib/gcc/arm-none-eabi/9.3.1/../../../../arm-none-eabi/lib/thumb/v7e-m+fp/hard\libc.a(lib_a-mprec.o)
                0x080095a8                _Balloc
 .text._Bfree   0x080095f4       0x14 y:/coen20/gcc/bin/../lib/gcc/arm-none-eabi/9.3.1/../../../../arm-none-eabi/lib/thumb/v7e-m+fp/hard\libc.a(lib_a-mprec.o)
                0x080095f4                _Bfree
 .text.__multadd
                0x08009608       0xac y:/coen20/gcc/bin/../lib/gcc/arm-none-eabi/9.3.1/../../../../arm-none-eabi/lib/thumb/v7e-m+fp/hard\libc.a(lib_a-mprec.o)
                0x08009608                __multadd
 .text.__hi0bits
                0x080096b4       0x40 y:/coen20/gcc/bin/../lib/gcc/arm-none-eabi/9.3.1/../../../../arm-none-eabi/lib/thumb/v7e-m+fp/hard\libc.a(lib_a-mprec.o)
                0x080096b4                __hi0bits
 .text.__lo0bits
                0x080096f4       0x60 y:/coen20/gcc/bin/../lib/gcc/arm-none-eabi/9.3.1/../../../../arm-none-eabi/lib/thumb/v7e-m+fp/hard\libc.a(lib_a-mprec.o)
                0x080096f4                __lo0bits
 .text.__i2b    0x08009754       0x2c y:/coen20/gcc/bin/../lib/gcc/arm-none-eabi/9.3.1/../../../../arm-none-eabi/lib/thumb/v7e-m+fp/hard\libc.a(lib_a-mprec.o)
                0x08009754                __i2b
 .text.__multiply
                0x08009780      0x160 y:/coen20/gcc/bin/../lib/gcc/arm-none-eabi/9.3.1/../../../../arm-none-eabi/lib/thumb/v7e-m+fp/hard\libc.a(lib_a-mprec.o)
                0x08009780                __multiply
 .text.__pow5mult
                0x080098e0       0x98 y:/coen20/gcc/bin/../lib/gcc/arm-none-eabi/9.3.1/../../../../arm-none-eabi/lib/thumb/v7e-m+fp/hard\libc.a(lib_a-mprec.o)
                0x080098e0                __pow5mult
 .text.__lshift
                0x08009978       0xe8 y:/coen20/gcc/bin/../lib/gcc/arm-none-eabi/9.3.1/../../../../arm-none-eabi/lib/thumb/v7e-m+fp/hard\libc.a(lib_a-mprec.o)
                0x08009978                __lshift
 .text.__mcmp   0x08009a60       0x3c y:/coen20/gcc/bin/../lib/gcc/arm-none-eabi/9.3.1/../../../../arm-none-eabi/lib/thumb/v7e-m+fp/hard\libc.a(lib_a-mprec.o)
                0x08009a60                __mcmp
 .text.__mdiff  0x08009a9c      0x148 y:/coen20/gcc/bin/../lib/gcc/arm-none-eabi/9.3.1/../../../../arm-none-eabi/lib/thumb/v7e-m+fp/hard\libc.a(lib_a-mprec.o)
                0x08009a9c                __mdiff
 .text.__d2b    0x08009be4       0xd0 y:/coen20/gcc/bin/../lib/gcc/arm-none-eabi/9.3.1/../../../../arm-none-eabi/lib/thumb/v7e-m+fp/hard\libc.a(lib_a-mprec.o)
                0x08009be4                __d2b
 .text.frexp    0x08009cb4       0x6c y:/coen20/gcc/bin/../lib/gcc/arm-none-eabi/9.3.1/../../../../arm-none-eabi/lib/thumb/v7e-m+fp/hard\libc.a(lib_a-s_frexp.o)
                0x08009cb4                frexp
 .text._sbrk_r  0x08009d20       0x24 y:/coen20/gcc/bin/../lib/gcc/arm-none-eabi/9.3.1/../../../../arm-none-eabi/lib/thumb/v7e-m+fp/hard\libc.a(lib_a-sbrkr.o)
                0x08009d20                _sbrk_r
 .text.__sread  0x08009d44       0x24 y:/coen20/gcc/bin/../lib/gcc/arm-none-eabi/9.3.1/../../../../arm-none-eabi/lib/thumb/v7e-m+fp/hard\libc.a(lib_a-stdio.o)
                0x08009d44                __sread
 .text.__swrite
                0x08009d68       0x40 y:/coen20/gcc/bin/../lib/gcc/arm-none-eabi/9.3.1/../../../../arm-none-eabi/lib/thumb/v7e-m+fp/hard\libc.a(lib_a-stdio.o)
                0x08009d68                __swrite
 .text.__sseek  0x08009da8       0x20 y:/coen20/gcc/bin/../lib/gcc/arm-none-eabi/9.3.1/../../../../arm-none-eabi/lib/thumb/v7e-m+fp/hard\libc.a(lib_a-stdio.o)
                0x08009da8                __sseek
 .text.__sclose
                0x08009dc8        0x8 y:/coen20/gcc/bin/../lib/gcc/arm-none-eabi/9.3.1/../../../../arm-none-eabi/lib/thumb/v7e-m+fp/hard\libc.a(lib_a-stdio.o)
                0x08009dc8                __sclose
 .text.strncpy  0x08009dd0       0x68 y:/coen20/gcc/bin/../lib/gcc/arm-none-eabi/9.3.1/../../../../arm-none-eabi/lib/thumb/v7e-m+fp/hard\libc.a(lib_a-strncpy.o)
                0x08009dd0                strncpy
 .text.__ssprint_r
                0x08009e38       0xf8 y:/coen20/gcc/bin/../lib/gcc/arm-none-eabi/9.3.1/../../../../arm-none-eabi/lib/thumb/v7e-m+fp/hard\libc.a(lib_a-svfiprintf.o)
                0x08009e38                __ssprint_r
 .text.__sprint_r.part.0
                0x08009f30       0x78 y:/coen20/gcc/bin/../lib/gcc/arm-none-eabi/9.3.1/../../../../arm-none-eabi/lib/thumb/v7e-m+fp/hard\libc.a(lib_a-vfiprintf.o)
 .text._vfiprintf_r
                0x08009fa8      0xd4c y:/coen20/gcc/bin/../lib/gcc/arm-none-eabi/9.3.1/../../../../arm-none-eabi/lib/thumb/v7e-m+fp/hard\libc.a(lib_a-vfiprintf.o)
                0x08009fa8                _vfiprintf_r
 .text.__sbprintf
                0x0800acf4       0x84 y:/coen20/gcc/bin/../lib/gcc/arm-none-eabi/9.3.1/../../../../arm-none-eabi/lib/thumb/v7e-m+fp/hard\libc.a(lib_a-vfiprintf.o)
 .text._write_r
                0x0800ad78       0x2c y:/coen20/gcc/bin/../lib/gcc/arm-none-eabi/9.3.1/../../../../arm-none-eabi/lib/thumb/v7e-m+fp/hard\libc.a(lib_a-writer.o)
                0x0800ad78                _write_r
 .text.__register_exitproc
                0x0800ada4       0x8c y:/coen20/gcc/bin/../lib/gcc/arm-none-eabi/9.3.1/../../../../arm-none-eabi/lib/thumb/v7e-m+fp/hard\libc.a(lib_a-__atexit.o)
                0x0800ada4                __register_exitproc
 .text.__assert_func
                0x0800ae30       0x3c y:/coen20/gcc/bin/../lib/gcc/arm-none-eabi/9.3.1/../../../../arm-none-eabi/lib/thumb/v7e-m+fp/hard\libc.a(lib_a-assert.o)
                0x0800ae30                __assert_func
 .text._calloc_r
                0x0800ae6c       0x60 y:/coen20/gcc/bin/../lib/gcc/arm-none-eabi/9.3.1/../../../../arm-none-eabi/lib/thumb/v7e-m+fp/hard\libc.a(lib_a-callocr.o)
                0x0800ae6c                _calloc_r
 .text._close_r
                0x0800aecc       0x24 y:/coen20/gcc/bin/../lib/gcc/arm-none-eabi/9.3.1/../../../../arm-none-eabi/lib/thumb/v7e-m+fp/hard\libc.a(lib_a-closer.o)
                0x0800aecc                _close_r
 .text._fclose_r
                0x0800aef0       0xcc y:/coen20/gcc/bin/../lib/gcc/arm-none-eabi/9.3.1/../../../../arm-none-eabi/lib/thumb/v7e-m+fp/hard\libc.a(lib_a-fclose.o)
                0x0800aef0                _fclose_r
 .text.fiprintf
                0x0800afbc       0x28 y:/coen20/gcc/bin/../lib/gcc/arm-none-eabi/9.3.1/../../../../arm-none-eabi/lib/thumb/v7e-m+fp/hard\libc.a(lib_a-fiprintf.o)
                0x0800afbc                fiprintf
 .text.__fputwc
                0x0800afe4       0xa8 y:/coen20/gcc/bin/../lib/gcc/arm-none-eabi/9.3.1/../../../../arm-none-eabi/lib/thumb/v7e-m+fp/hard\libc.a(lib_a-fputwc.o)
                0x0800afe4                __fputwc
 .text._fputwc_r
                0x0800b08c       0x68 y:/coen20/gcc/bin/../lib/gcc/arm-none-eabi/9.3.1/../../../../arm-none-eabi/lib/thumb/v7e-m+fp/hard\libc.a(lib_a-fputwc.o)
                0x0800b08c                _fputwc_r
 .text._fstat_r
                0x0800b0f4       0x2c y:/coen20/gcc/bin/../lib/gcc/arm-none-eabi/9.3.1/../../../../arm-none-eabi/lib/thumb/v7e-m+fp/hard\libc.a(lib_a-fstatr.o)
                0x0800b0f4                _fstat_r
 .text.__sfvwrite_r
                0x0800b120      0x2e0 y:/coen20/gcc/bin/../lib/gcc/arm-none-eabi/9.3.1/../../../../arm-none-eabi/lib/thumb/v7e-m+fp/hard\libc.a(lib_a-fvwrite.o)
                0x0800b120                __sfvwrite_r
 .text._isatty_r
                0x0800b400       0x24 y:/coen20/gcc/bin/../lib/gcc/arm-none-eabi/9.3.1/../../../../arm-none-eabi/lib/thumb/v7e-m+fp/hard\libc.a(lib_a-isattyr.o)
                0x0800b400                _isatty_r
 .text.__locale_mb_cur_max
                0x0800b424        0xc y:/coen20/gcc/bin/../lib/gcc/arm-none-eabi/9.3.1/../../../../arm-none-eabi/lib/thumb/v7e-m+fp/hard\libc.a(lib_a-locale.o)
                0x0800b424                __locale_mb_cur_max
 .text._lseek_r
                0x0800b430       0x2c y:/coen20/gcc/bin/../lib/gcc/arm-none-eabi/9.3.1/../../../../arm-none-eabi/lib/thumb/v7e-m+fp/hard\libc.a(lib_a-lseekr.o)
                0x0800b430                _lseek_r
 .text.__ascii_mbtowc
                0x0800b45c       0x2c y:/coen20/gcc/bin/../lib/gcc/arm-none-eabi/9.3.1/../../../../arm-none-eabi/lib/thumb/v7e-m+fp/hard\libc.a(lib_a-mbtowc_r.o)
                0x0800b45c                __ascii_mbtowc
 .text.memmove  0x0800b488       0xd8 y:/coen20/gcc/bin/../lib/gcc/arm-none-eabi/9.3.1/../../../../arm-none-eabi/lib/thumb/v7e-m+fp/hard\libc.a(lib_a-memmove.o)
                0x0800b488                memmove
 .text._read_r  0x0800b560       0x2c y:/coen20/gcc/bin/../lib/gcc/arm-none-eabi/9.3.1/../../../../arm-none-eabi/lib/thumb/v7e-m+fp/hard\libc.a(lib_a-readr.o)
                0x0800b560                _read_r
 .text._realloc_r
                0x0800b58c      0x3e0 y:/coen20/gcc/bin/../lib/gcc/arm-none-eabi/9.3.1/../../../../arm-none-eabi/lib/thumb/v7e-m+fp/hard\libc.a(lib_a-reallocr.o)
                0x0800b58c                _realloc_r
 .text.__swbuf_r
                0x0800b96c       0xb0 y:/coen20/gcc/bin/../lib/gcc/arm-none-eabi/9.3.1/../../../../arm-none-eabi/lib/thumb/v7e-m+fp/hard\libc.a(lib_a-wbuf.o)
                0x0800b96c                __swbuf_r
 .text._wcrtomb_r
                0x0800ba1c       0x3c y:/coen20/gcc/bin/../lib/gcc/arm-none-eabi/9.3.1/../../../../arm-none-eabi/lib/thumb/v7e-m+fp/hard\libc.a(lib_a-wcrtomb.o)
                0x0800ba1c                _wcrtomb_r
 .text.__ascii_wctomb
                0x0800ba58       0x1c y:/coen20/gcc/bin/../lib/gcc/arm-none-eabi/9.3.1/../../../../arm-none-eabi/lib/thumb/v7e-m+fp/hard\libc.a(lib_a-wctomb_r.o)
                0x0800ba58                __ascii_wctomb
 .text.abort    0x0800ba74       0x10 y:/coen20/gcc/bin/../lib/gcc/arm-none-eabi/9.3.1/../../../../arm-none-eabi/lib/thumb/v7e-m+fp/hard\libc.a(lib_a-abort.o)
                0x0800ba74                abort
 .text._raise_r
                0x0800ba84       0x58 y:/coen20/gcc/bin/../lib/gcc/arm-none-eabi/9.3.1/../../../../arm-none-eabi/lib/thumb/v7e-m+fp/hard\libc.a(lib_a-signal.o)
                0x0800ba84                _raise_r
 .text.raise    0x0800badc       0x10 y:/coen20/gcc/bin/../lib/gcc/arm-none-eabi/9.3.1/../../../../arm-none-eabi/lib/thumb/v7e-m+fp/hard\libc.a(lib_a-signal.o)
                0x0800badc                raise
 .text._kill_r  0x0800baec       0x2c y:/coen20/gcc/bin/../lib/gcc/arm-none-eabi/9.3.1/../../../../arm-none-eabi/lib/thumb/v7e-m+fp/hard\libc.a(lib_a-signalr.o)
                0x0800baec                _kill_r
 .text._getpid_r
                0x0800bb18        0x4 y:/coen20/gcc/bin/../lib/gcc/arm-none-eabi/9.3.1/../../../../arm-none-eabi/lib/thumb/v7e-m+fp/hard\libc.a(lib_a-signalr.o)
                0x0800bb18                _getpid_r
 .text._sbrk    0x0800bb1c       0x1c y:/coen20/gcc/bin/../lib/gcc/arm-none-eabi/9.3.1/../../../../arm-none-eabi/lib/thumb/v7e-m+fp/hard\libnosys.a(sbrk.o)
                0x0800bb1c                _sbrk
 .text._exit    0x0800bb38        0x4 y:/coen20/gcc/bin/../lib/gcc/arm-none-eabi/9.3.1/../../../../arm-none-eabi/lib/thumb/v7e-m+fp/hard\libnosys.a(_exit.o)
                0x0800bb38                _exit
 .text          0x0800bb3c      0x378 y:/coen20/gcc/bin/../lib/gcc/arm-none-eabi/9.3.1/thumb/v7e-m+fp/hard\libgcc.a(_arm_addsubdf3.o)
                0x0800bb3c                __aeabi_drsub
                0x0800bb44                __aeabi_dsub
                0x0800bb44                __subdf3
                0x0800bb48                __aeabi_dadd
                0x0800bb48                __adddf3
                0x0800bdc0                __floatunsidf
                0x0800bdc0                __aeabi_ui2d
                0x0800bde0                __floatsidf
                0x0800bde0                __aeabi_i2d
                0x0800be04                __aeabi_f2d
                0x0800be04                __extendsfdf2
                0x0800be48                __floatundidf
                0x0800be48                __aeabi_ul2d
                0x0800be58                __floatdidf
                0x0800be58                __aeabi_l2d
 .text          0x0800beb4      0x424 y:/coen20/gcc/bin/../lib/gcc/arm-none-eabi/9.3.1/thumb/v7e-m+fp/hard\libgcc.a(_arm_muldivdf3.o)
                0x0800beb4                __aeabi_dmul
                0x0800beb4                __muldf3
                0x0800c108                __divdf3
                0x0800c108                __aeabi_ddiv
 .text          0x0800c2d8      0x110 y:/coen20/gcc/bin/../lib/gcc/arm-none-eabi/9.3.1/thumb/v7e-m+fp/hard\libgcc.a(_arm_cmpdf2.o)
                0x0800c2d8                __gtdf2
                0x0800c2d8                __gedf2
                0x0800c2e0                __ltdf2
                0x0800c2e0                __ledf2
                0x0800c2e8                __nedf2
                0x0800c2e8                __eqdf2
                0x0800c2e8                __cmpdf2
                0x0800c364                __aeabi_cdrcmple
                0x0800c374                __aeabi_cdcmpeq
                0x0800c374                __aeabi_cdcmple
                0x0800c384                __aeabi_dcmpeq
                0x0800c398                __aeabi_dcmplt
                0x0800c3ac                __aeabi_dcmple
                0x0800c3c0                __aeabi_dcmpge
                0x0800c3d4                __aeabi_dcmpgt
 .text          0x0800c3e8       0x2c y:/coen20/gcc/bin/../lib/gcc/arm-none-eabi/9.3.1/thumb/v7e-m+fp/hard\libgcc.a(_arm_unorddf2.o)
                0x0800c3e8                __unorddf2
                0x0800c3e8                __aeabi_dcmpun
 .text          0x0800c414       0x50 y:/coen20/gcc/bin/../lib/gcc/arm-none-eabi/9.3.1/thumb/v7e-m+fp/hard\libgcc.a(_arm_fixdfsi.o)
                0x0800c414                __aeabi_d2iz
                0x0800c414                __fixdfsi
 .text          0x0800c464       0x30 y:/coen20/gcc/bin/../lib/gcc/arm-none-eabi/9.3.1/thumb/v7e-m+fp/hard\libgcc.a(_aeabi_uldivmod.o)
                0x0800c464                __aeabi_uldivmod
 .text          0x0800c494      0x2c4 y:/coen20/gcc/bin/../lib/gcc/arm-none-eabi/9.3.1/thumb/v7e-m+fp/hard\libgcc.a(_udivmoddi4.o)
                0x0800c494                __udivmoddi4
 .text          0x0800c758        0x4 y:/coen20/gcc/bin/../lib/gcc/arm-none-eabi/9.3.1/thumb/v7e-m+fp/hard\libgcc.a(_dvmd_tls.o)
                0x0800c758                __aeabi_idiv0
                0x0800c758                __aeabi_ldiv0
 *(.init)
 .init          0x0800c75c        0x4 y:/coen20/gcc/bin/../lib/gcc/arm-none-eabi/9.3.1/thumb/v7e-m+fp/hard/crti.o
                0x0800c75c                _init
 .init          0x0800c760        0x8 y:/coen20/gcc/bin/../lib/gcc/arm-none-eabi/9.3.1/thumb/v7e-m+fp/hard/crtn.o
 *(.fini)
 .fini          0x0800c768        0x4 y:/coen20/gcc/bin/../lib/gcc/arm-none-eabi/9.3.1/thumb/v7e-m+fp/hard/crti.o
                0x0800c768                _fini
 .fini          0x0800c76c        0x8 y:/coen20/gcc/bin/../lib/gcc/arm-none-eabi/9.3.1/thumb/v7e-m+fp/hard/crtn.o
 *crtbegin.o(.ctors)
 *crtbegin?.o(.ctors)
 *(EXCLUDE_FILE(*crtend.o *crtend?.o) .ctors)
 *(SORT_BY_NAME(.ctors.*))
 *(.ctors)
 *crtbegin.o(.dtors)
 *crtbegin?.o(.dtors)
 *(EXCLUDE_FILE(*crtend.o *crtend?.o) .dtors)
 *(SORT_BY_NAME(.dtors.*))
 *(.dtors)
 *(.rodata*)
 .rodata.Num2Text.str1.4
                0x0800c774       0x15 obj/Lab1A-Main-c.o
                                 0x19 (size before relaxing)
 *fill*         0x0800c789        0x3 
 .rodata.BtnDIV.str1.4
                0x0800c78c        0x2 obj/Lab1A-Main-c.o
 *fill*         0x0800c78e        0x2 
 .rodata.UpdateDisplay.str1.4
                0x0800c790        0xd obj/Lab1A-Main-c.o
 *fill*         0x0800c79d        0x3 
 .rodata.BtnADD.str1.4
                0x0800c7a0        0x2 obj/Lab1A-Main-c.o
 *fill*         0x0800c7a2        0x2 
 .rodata.BtnMUL.str1.4
                0x0800c7a4        0x2 obj/Lab1A-Main-c.o
 *fill*         0x0800c7a6        0x2 
 .rodata.main.str1.4
                0x0800c7a8       0x1a obj/Lab1A-Main-c.o
 *fill*         0x0800c7c2        0x2 
 .rodata.str1.4
                0x0800c7c4      0x136 obj/Lab1A-Main-c.o
 *fill*         0x0800c8fa        0x2 
 .rodata.bgnd.6884
                0x0800c8fc       0x10 obj/Lab1A-Main-c.o
 .rodata.brdr.6885
                0x0800c90c       0x10 obj/Lab1A-Main-c.o
 .rodata.fgnd.6883
                0x0800c91c       0x10 obj/Lab1A-Main-c.o
 .rodata.DisplayHeader.str1.1
                0x0800c92c       0x27 library.a(initialize.o)
 .rodata._write.str1.1
                0x0800c953       0x27 library.a(initialize.o)
                                  0x1 (size before relaxing)
 .rodata.Font12_Table
                0x0800c953      0x474 library.a(stm32f429i_discovery_lcd.o)
                0x0800c953                Font12_Table
 .rodata.Font16_Table
                0x0800cdc7      0xbe0 library.a(stm32f429i_discovery_lcd.o)
                0x0800cdc7                Font16_Table
 .rodata.Font20_Table
                0x0800d9a7      0xed8 library.a(stm32f429i_discovery_lcd.o)
                0x0800d9a7                Font20_Table
 .rodata.Font24_Table
                0x0800e87f     0x1ab8 library.a(stm32f429i_discovery_lcd.o)
                0x0800e87f                Font24_Table
 .rodata.CSWTCH.4
                0x08010337        0x7 library.a(stm32f4xx_hal_ltdc.o)
 .rodata.APBAHBPrescTable
                0x0801033e       0x10 library.a(stm32f4xx_hal_rcc.o)
                0x0801033e                APBAHBPrescTable
 .rodata.SVC_Label.str1.1
                0x0801034e        0xe library.a(svcHandler.o)
 .rodata.F32.str1.1
                0x0801035c       0x20 library.a(svcHandler.o)
 .rodata.FlPtRegs.str1.1
                0x0801037c       0x1a library.a(svcHandler.o)
 .rodata._MemManageHandler.str1.1
                0x08010396       0x10 library.a(svcHandler.o)
 .rodata._BusFault_Handler.str1.1
                0x080103a6        0xb library.a(svcHandler.o)
 .rodata._HardFault_Handler.str1.1
                0x080103b1        0xc library.a(svcHandler.o)
 .rodata._UsageFault_Handler.str1.1
                0x080103bd       0x76 library.a(svcHandler.o)
 .rodata.SVC_Exception.str1.1
                0x08010433       0x15 library.a(svcHandler.o)
 .rodata.str1.1
                0x08010448      0x11e library.a(svcHandler.o)
 *fill*         0x08010566        0x2 
 .rodata._global_impure_ptr
                0x08010568        0x4 y:/coen20/gcc/bin/../lib/gcc/arm-none-eabi/9.3.1/../../../../arm-none-eabi/lib/thumb/v7e-m+fp/hard\libc.a(lib_a-impure.o)
                0x08010568                _global_impure_ptr
 .rodata._svfprintf_r.str1.4
                0x0801056c       0x2b y:/coen20/gcc/bin/../lib/gcc/arm-none-eabi/9.3.1/../../../../arm-none-eabi/lib/thumb/v7e-m+fp/hard\libc.a(lib_a-svfprintf.o)
                                 0x42 (size before relaxing)
 *fill*         0x08010597        0x1 
 .rodata.blanks.8698
                0x08010598       0x10 y:/coen20/gcc/bin/../lib/gcc/arm-none-eabi/9.3.1/../../../../arm-none-eabi/lib/thumb/v7e-m+fp/hard\libc.a(lib_a-svfprintf.o)
 .rodata.zeroes.8699
                0x080105a8       0x10 y:/coen20/gcc/bin/../lib/gcc/arm-none-eabi/9.3.1/../../../../arm-none-eabi/lib/thumb/v7e-m+fp/hard\libc.a(lib_a-svfprintf.o)
 .rodata._dtoa_r.str1.4
                0x080105b8       0xa0 y:/coen20/gcc/bin/../lib/gcc/arm-none-eabi/9.3.1/../../../../arm-none-eabi/lib/thumb/v7e-m+fp/hard\libc.a(lib_a-dtoa.o)
                                 0xa4 (size before relaxing)
 .rodata.__multadd.str1.4
                0x08010658       0x7d y:/coen20/gcc/bin/../lib/gcc/arm-none-eabi/9.3.1/../../../../arm-none-eabi/lib/thumb/v7e-m+fp/hard\libc.a(lib_a-mprec.o)
                                 0x91 (size before relaxing)
 *fill*         0x080106d5        0x3 
 .rodata.__mprec_bigtens
                0x080106d8       0x28 y:/coen20/gcc/bin/../lib/gcc/arm-none-eabi/9.3.1/../../../../arm-none-eabi/lib/thumb/v7e-m+fp/hard\libc.a(lib_a-mprec.o)
                0x080106d8                __mprec_bigtens
 .rodata.__mprec_tens
                0x08010700       0xc8 y:/coen20/gcc/bin/../lib/gcc/arm-none-eabi/9.3.1/../../../../arm-none-eabi/lib/thumb/v7e-m+fp/hard\libc.a(lib_a-mprec.o)
                0x08010700                __mprec_tens
 .rodata.p05.7485
                0x080107c8        0xc y:/coen20/gcc/bin/../lib/gcc/arm-none-eabi/9.3.1/../../../../arm-none-eabi/lib/thumb/v7e-m+fp/hard\libc.a(lib_a-mprec.o)
 .rodata._vfiprintf_r.str1.4
                0x080107d4       0x2f y:/coen20/gcc/bin/../lib/gcc/arm-none-eabi/9.3.1/../../../../arm-none-eabi/lib/thumb/v7e-m+fp/hard\libc.a(lib_a-vfiprintf.o)
 .rodata.blanks.8691
                0x080107d4       0x10 y:/coen20/gcc/bin/../lib/gcc/arm-none-eabi/9.3.1/../../../../arm-none-eabi/lib/thumb/v7e-m+fp/hard\libc.a(lib_a-vfiprintf.o)
 .rodata.zeroes.8692
                0x080107e4       0x10 y:/coen20/gcc/bin/../lib/gcc/arm-none-eabi/9.3.1/../../../../arm-none-eabi/lib/thumb/v7e-m+fp/hard\libc.a(lib_a-vfiprintf.o)
 .rodata.__assert_func.str1.4
                0x080107f4       0x3f y:/coen20/gcc/bin/../lib/gcc/arm-none-eabi/9.3.1/../../../../arm-none-eabi/lib/thumb/v7e-m+fp/hard\libc.a(lib_a-assert.o)
                                 0x43 (size before relaxing)
 *fill*         0x08010833        0x1 
 .rodata._setlocale_r.str1.4
                0x08010834        0x6 y:/coen20/gcc/bin/../lib/gcc/arm-none-eabi/9.3.1/../../../../arm-none-eabi/lib/thumb/v7e-m+fp/hard\libc.a(lib_a-locale.o)
                                  0xd (size before relaxing)
 *fill*         0x0801083a        0x2 
 .rodata.str1.4
                0x0801083c        0x2 y:/coen20/gcc/bin/../lib/gcc/arm-none-eabi/9.3.1/../../../../arm-none-eabi/lib/thumb/v7e-m+fp/hard\libc.a(lib_a-locale.o)
 *fill*         0x0801083e        0x2 
 .rodata._ctype_
                0x08010840      0x101 y:/coen20/gcc/bin/../lib/gcc/arm-none-eabi/9.3.1/../../../../arm-none-eabi/lib/thumb/v7e-m+fp/hard\libc.a(lib_a-ctype_.o)
                0x08010840                _ctype_
 *(.eh_frame*)
 *fill*         0x08010941        0x3 
 .eh_frame      0x08010944        0x0 y:/coen20/gcc/bin/../lib/gcc/arm-none-eabi/9.3.1/thumb/v7e-m+fp/hard/crtbegin.o
 .eh_frame      0x08010944        0x4 y:/coen20/gcc/bin/../lib/gcc/arm-none-eabi/9.3.1/thumb/v7e-m+fp/hard/crtend.o

.glue_7         0x08010948        0x0
 .glue_7        0x08010948        0x0 linker stubs

.glue_7t        0x08010948        0x0
 .glue_7t       0x08010948        0x0 linker stubs

.vfp11_veneer   0x08010948        0x0
 .vfp11_veneer  0x08010948        0x0 linker stubs

.v4_bx          0x08010948        0x0
 .v4_bx         0x08010948        0x0 linker stubs

.iplt           0x08010948        0x0
 .iplt          0x08010948        0x0 y:/coen20/gcc/bin/../lib/gcc/arm-none-eabi/9.3.1/thumb/v7e-m+fp/hard/crtbegin.o

.ARM.extab
 *(.ARM.extab* .gnu.linkonce.armextab.*)
                0x08010948                __exidx_start = .

.ARM.exidx      0x08010948        0x8
 *(.ARM.exidx* .gnu.linkonce.armexidx.*)
 .ARM.exidx     0x08010948        0x8 y:/coen20/gcc/bin/../lib/gcc/arm-none-eabi/9.3.1/../../../../arm-none-eabi/lib/thumb/v7e-m+fp/hard/crt0.o
                                 0x10 (size before relaxing)
 .ARM.exidx     0x08010950        0x0 y:/coen20/gcc/bin/../lib/gcc/arm-none-eabi/9.3.1/thumb/v7e-m+fp/hard\libgcc.a(_udivmoddi4.o)
                                  0x8 (size before relaxing)
                0x08010950                __exidx_end = .
                0x08010950                __etext = .

.rel.dyn        0x08010950        0x0
 .rel.iplt      0x08010950        0x0 y:/coen20/gcc/bin/../lib/gcc/arm-none-eabi/9.3.1/thumb/v7e-m+fp/hard/crtbegin.o

.data           0x20000000      0xdd8 load address 0x08010950
                0x20000000                __data_start__ = .
 *(vtable)
 *(.data*)
 .data.buttons  0x20000000      0x258 obj/Lab1A-Main-c.o
 .data.function
                0x20000258        0x4 obj/Lab1A-Main-c.o
 .data.message.6919
                0x2000025c       0x2c obj/Lab1A-Main-c.o
 .data.prev2.6905
                0x20000288        0x4 obj/Lab1A-Main-c.o
 .data.radix    0x2000028c        0x4 obj/Lab1A-Main-c.o
 .data.BUTTON_PORT
                0x20000290        0x4 library.a(stm32f429i_discovery.o)
                0x20000290                BUTTON_PORT
 .data.I2cxTimeout
                0x20000294        0x4 library.a(stm32f429i_discovery.o)
                0x20000294                I2cxTimeout
 .data.SpixTimeout
                0x20000298        0x4 library.a(stm32f429i_discovery.o)
                0x20000298                SpixTimeout
 .data.Font12   0x2000029c        0x8 library.a(stm32f429i_discovery_lcd.o)
                0x2000029c                Font12
 .data.Font16   0x200002a4        0x8 library.a(stm32f429i_discovery_lcd.o)
                0x200002a4                Font16
 .data.Font20   0x200002ac        0x8 library.a(stm32f429i_discovery_lcd.o)
                0x200002ac                Font20
 .data.Font24   0x200002b4        0x8 library.a(stm32f429i_discovery_lcd.o)
                0x200002b4                Font24
 .data.context.0
                0x200002bc       0x20 library.a(svcHandler.o)
 .data.context.1
                0x200002dc       0x20 library.a(svcHandler.o)
 .data.context.3
                0x200002fc       0x20 library.a(svcHandler.o)
 .data.context.6
                0x2000031c       0x20 library.a(svcHandler.o)
 .data.lines.2  0x2000033c       0x30 library.a(svcHandler.o)
 .data.lines.5  0x2000036c       0x40 library.a(svcHandler.o)
 .data.SystemCoreClock
                0x200003ac        0x4 library.a(system_stm32f4xx.o)
                0x200003ac                SystemCoreClock
 .data.x        0x200003b0        0x4 library.a(touch.o)
 .data.y        0x200003b4        0x4 library.a(touch.o)
 .data.ili9341_drv
                0x200003b8       0x38 library.a(ili9341.o)
                0x200003b8                ili9341_drv
 .data.stmpe811_ts_drv
                0x200003f0       0x28 library.a(stmpe811.o)
                0x200003f0                stmpe811_ts_drv
 .data._impure_ptr
                0x20000418        0x4 y:/coen20/gcc/bin/../lib/gcc/arm-none-eabi/9.3.1/../../../../arm-none-eabi/lib/thumb/v7e-m+fp/hard\libc.a(lib_a-impure.o)
                0x20000418                _impure_ptr
 *fill*         0x2000041c        0x4 
 .data.impure_data
                0x20000420      0x428 y:/coen20/gcc/bin/../lib/gcc/arm-none-eabi/9.3.1/../../../../arm-none-eabi/lib/thumb/v7e-m+fp/hard\libc.a(lib_a-impure.o)
 .data.__atexit_recursive_mutex
                0x20000848        0x4 y:/coen20/gcc/bin/../lib/gcc/arm-none-eabi/9.3.1/../../../../arm-none-eabi/lib/thumb/v7e-m+fp/hard\libc.a(lib_a-__call_atexit.o)
                0x20000848                __atexit_recursive_mutex
 .data.__malloc_av_
                0x2000084c      0x408 y:/coen20/gcc/bin/../lib/gcc/arm-none-eabi/9.3.1/../../../../arm-none-eabi/lib/thumb/v7e-m+fp/hard\libc.a(lib_a-mallocr.o)
                0x2000084c                __malloc_av_
 .data.__malloc_sbrk_base
                0x20000c54        0x4 y:/coen20/gcc/bin/../lib/gcc/arm-none-eabi/9.3.1/../../../../arm-none-eabi/lib/thumb/v7e-m+fp/hard\libc.a(lib_a-mallocr.o)
                0x20000c54                __malloc_sbrk_base
 .data.__malloc_trim_threshold
                0x20000c58        0x4 y:/coen20/gcc/bin/../lib/gcc/arm-none-eabi/9.3.1/../../../../arm-none-eabi/lib/thumb/v7e-m+fp/hard\libc.a(lib_a-mallocr.o)
                0x20000c58                __malloc_trim_threshold
 .data.__global_locale
                0x20000c5c      0x16c y:/coen20/gcc/bin/../lib/gcc/arm-none-eabi/9.3.1/../../../../arm-none-eabi/lib/thumb/v7e-m+fp/hard\libc.a(lib_a-locale.o)
                0x20000c5c                __global_locale
                0x20000dc8                . = ALIGN (0x4)
                0x20000dc8                PROVIDE (__preinit_array_start = .)
 *(.preinit_array)
                0x20000dc8                PROVIDE (__preinit_array_end = .)
                0x20000dc8                . = ALIGN (0x4)
                0x20000dc8                PROVIDE (__init_array_start = .)
 *(SORT_BY_NAME(.init_array.*))
 .init_array.00000
                0x20000dc8        0x4 y:/coen20/gcc/bin/../lib/gcc/arm-none-eabi/9.3.1/../../../../arm-none-eabi/lib/thumb/v7e-m+fp/hard\libc.a(lib_a-__call_atexit.o)
 *(.init_array)
 .init_array    0x20000dcc        0x4 y:/coen20/gcc/bin/../lib/gcc/arm-none-eabi/9.3.1/thumb/v7e-m+fp/hard/crtbegin.o
                0x20000dd0                PROVIDE (__init_array_end = .)
                0x20000dd0                . = ALIGN (0x8)
                0x20000dd0                PROVIDE (__fini_array_start = .)
 *(SORT_BY_NAME(.fini_array.*))
 *(.fini_array)
 .fini_array    0x20000dd0        0x4 y:/coen20/gcc/bin/../lib/gcc/arm-none-eabi/9.3.1/thumb/v7e-m+fp/hard/crtbegin.o
                0x20000dd4                PROVIDE (__fini_array_end = .)
                0x20000dd8                . = ALIGN (0x8)
 *fill*         0x20000dd4        0x4 
                0x20000dd8                __data_end__ = .

.igot.plt       0x20000dd8        0x0 load address 0x08011728
 .igot.plt      0x20000dd8        0x0 y:/coen20/gcc/bin/../lib/gcc/arm-none-eabi/9.3.1/thumb/v7e-m+fp/hard/crtbegin.o

.bss            0x20000dd8    0x1cce0 load address 0x08011728
                0x20000dd8                __bss_start__ = .
 *(.bss*)
 .bss           0x20000dd8       0x1c y:/coen20/gcc/bin/../lib/gcc/arm-none-eabi/9.3.1/thumb/v7e-m+fp/hard/crtbegin.o
 .bss.__fixts__
                0x20000df4        0x4 obj/Lab1A-Main-c.o
                0x20000df4                __fixts__
 .bss.line1     0x20000df8       0x64 obj/Lab1A-Main-c.o
 .bss.line2.6904
                0x20000e5c       0x64 obj/Lab1A-Main-c.o
 .bss.op1       0x20000ec0        0x4 obj/Lab1A-Main-c.o
 .bss.op2       0x20000ec4        0x4 obj/Lab1A-Main-c.o
 .bss.prev1.6903
                0x20000ec8       0x64 obj/Lab1A-Main-c.o
 .bss.buffer    0x20000f2c      0x620 library.a(initialize.o)
 .bss.txtCol    0x2000154c        0x4 library.a(initialize.o)
 .bss.txtRow    0x20001550        0x4 library.a(initialize.o)
 .bss.I2cHandle
                0x20001554       0x3c library.a(stm32f429i_discovery.o)
                0x20001554                I2cHandle
 .bss.Is_LCD_IO_Initialized
                0x20001590        0x1 library.a(stm32f429i_discovery.o)
 *fill*         0x20001591        0x3 
 .bss.SpiHandle
                0x20001594       0x58 library.a(stm32f429i_discovery.o)
 .bss.ActiveLayer
                0x200015ec        0x4 library.a(stm32f429i_discovery_lcd.o)
 .bss.Dma2dHandler
                0x200015f0       0x40 library.a(stm32f429i_discovery_lcd.o)
 .bss.DrawProp  0x20001630       0x18 library.a(stm32f429i_discovery_lcd.o)
 .bss.LcdDrv    0x20001648        0x4 library.a(stm32f429i_discovery_lcd.o)
                0x20001648                LcdDrv
 .bss.LtdcHandler
                0x2000164c       0xa8 library.a(stm32f429i_discovery_lcd.o)
 .bss.PeriphClkInitStruct
                0x200016f4       0x30 library.a(stm32f429i_discovery_lcd.o)
 .bss.Command   0x20001724       0x10 library.a(stm32f429i_discovery_sdram.o)
 .bss.SdramHandle
                0x20001734       0x34 library.a(stm32f429i_discovery_sdram.o)
 .bss.Timing    0x20001768       0x1c library.a(stm32f429i_discovery_sdram.o)
 .bss.dmaHandle.0
                0x20001784       0x50 library.a(stm32f429i_discovery_sdram.o)
 .bss.uwTick    0x200017d4        0x4 library.a(stm32f4xx_hal.o)
 .bss.rgb       0x200017d8    0x1c200 library.a(svcHandler.o)
                0x200017d8                rgb
 .bss.text.4    0x2001d9d8       0x64 library.a(svcHandler.o)
 .bss.TsDrv     0x2001da3c        0x4 library.a(stm32f429i_discovery_ts.o)
 .bss.TsXBoundary
                0x2001da40        0x2 library.a(stm32f429i_discovery_ts.o)
 .bss.TsYBoundary
                0x2001da42        0x2 library.a(stm32f429i_discovery_ts.o)
 .bss._x.1      0x2001da44        0x4 library.a(stm32f429i_discovery_ts.o)
 .bss._y.0      0x2001da48        0x4 library.a(stm32f429i_discovery_ts.o)
 .bss.checked.3
                0x2001da4c        0x4 library.a(stm32f429i_discovery_ts.o)
 .bss.reversed.2
                0x2001da50        0x4 library.a(stm32f429i_discovery_ts.o)
 .bss.stmpe811  0x2001da54        0x2 library.a(stmpe811.o)
                0x2001da54                stmpe811
 *fill*         0x2001da56        0x2 
 .bss.__malloc_current_mallinfo
                0x2001da58       0x28 y:/coen20/gcc/bin/../lib/gcc/arm-none-eabi/9.3.1/../../../../arm-none-eabi/lib/thumb/v7e-m+fp/hard\libc.a(lib_a-mallocr.o)
                0x2001da58                __malloc_current_mallinfo
 .bss.__malloc_max_sbrked_mem
                0x2001da80        0x4 y:/coen20/gcc/bin/../lib/gcc/arm-none-eabi/9.3.1/../../../../arm-none-eabi/lib/thumb/v7e-m+fp/hard\libc.a(lib_a-mallocr.o)
                0x2001da80                __malloc_max_sbrked_mem
 .bss.__malloc_max_total_mem
                0x2001da84        0x4 y:/coen20/gcc/bin/../lib/gcc/arm-none-eabi/9.3.1/../../../../arm-none-eabi/lib/thumb/v7e-m+fp/hard\libc.a(lib_a-mallocr.o)
                0x2001da84                __malloc_max_total_mem
 .bss.__malloc_top_pad
                0x2001da88        0x4 y:/coen20/gcc/bin/../lib/gcc/arm-none-eabi/9.3.1/../../../../arm-none-eabi/lib/thumb/v7e-m+fp/hard\libc.a(lib_a-mallocr.o)
                0x2001da88                __malloc_top_pad
 .bss.heap_end.5507
                0x2001da8c        0x4 y:/coen20/gcc/bin/../lib/gcc/arm-none-eabi/9.3.1/../../../../arm-none-eabi/lib/thumb/v7e-m+fp/hard\libnosys.a(sbrk.o)
 *(COMMON)
 COMMON         0x2001da90       0x21 y:/coen20/gcc/bin/../lib/gcc/arm-none-eabi/9.3.1/../../../../arm-none-eabi/lib/thumb/v7e-m+fp/hard\libc.a(lib_a-lock.o)
                0x2001da90                __lock___atexit_recursive_mutex
                0x2001da94                __lock___arc4random_mutex
                0x2001da98                __lock___env_recursive_mutex
                0x2001da9c                __lock___sinit_recursive_mutex
                0x2001daa0                __lock___malloc_recursive_mutex
                0x2001daa4                __lock___at_quick_exit_mutex
                0x2001daa8                __lock___dd_hash_mutex
                0x2001daac                __lock___tz_mutex
                0x2001dab0                __lock___sfp_recursive_mutex
 *fill*         0x2001dab1        0x3 
 COMMON         0x2001dab4        0x4 y:/coen20/gcc/bin/../lib/gcc/arm-none-eabi/9.3.1/../../../../arm-none-eabi/lib/thumb/v7e-m+fp/hard\libc.a(lib_a-reent.o)
                0x2001dab4                errno
                0x2001dab8                __bss_end__ = .

.ccm            0x10000000        0x0
                0x10000000                . = ALIGN (0x4)
                0x10000000                __ccm_start__ = .
 *(.ccm*)
                0x10000000                . = ALIGN (0x4)
                0x10000000                __ccm_end__ = .

.heap           0x10000000      0xc00
                0x10000000                __end__ = .
                0x10000000                end = __end__
 *(.heap*)
 .heap          0x10000000      0xc00 library.a(startup_stm32f429xx.o)
                0x10000000                __HeapBase
                0x10000c00                __HeapLimit = .

.stack_dummy    0x10000000     0x1000
 *(.stack)
 .stack         0x10000000     0x1000 library.a(startup_stm32f429xx.o)
                0x10010000                __StackTop = (ORIGIN (CCM) + LENGTH (CCM))
                0x1000f000                __StackLimit = (__StackTop - SIZEOF (.stack_dummy))
                0x10010000                PROVIDE (__stack = __StackTop)
                0x00000001                ASSERT ((__StackLimit >= __HeapLimit), region CCM overflowed with stack)
OUTPUT(output.elf elf32-littlearm)
LOAD linker stubs

.ARM.attributes
                0x00000000       0x30
 .ARM.attributes
                0x00000000       0x1e y:/coen20/gcc/bin/../lib/gcc/arm-none-eabi/9.3.1/thumb/v7e-m+fp/hard/crti.o
 .ARM.attributes
                0x0000001e       0x34 y:/coen20/gcc/bin/../lib/gcc/arm-none-eabi/9.3.1/thumb/v7e-m+fp/hard/crtbegin.o
 .ARM.attributes
                0x00000052       0x1c y:/coen20/gcc/bin/../lib/gcc/arm-none-eabi/9.3.1/../../../../arm-none-eabi/lib/thumb/v7e-m+fp/hard/crt0.o
 .ARM.attributes
                0x0000006e       0x34 obj/Lab1A-Main-c.o
 .ARM.attributes
                0x000000a2       0x25 obj/Lab1A-Calculator-s.o
 .ARM.attributes
                0x000000c7       0x34 library.a(initialize.o)
 .ARM.attributes
                0x000000fb       0x34 library.a(stm32f429i_discovery.o)
 .ARM.attributes
                0x0000012f       0x34 library.a(stm32f429i_discovery_lcd.o)
 .ARM.attributes
                0x00000163       0x34 library.a(stm32f429i_discovery_sdram.o)
 .ARM.attributes
                0x00000197       0x34 library.a(stm32f4xx_hal.o)
 .ARM.attributes
                0x000001cb       0x34 library.a(stm32f4xx_hal_cortex.o)
 .ARM.attributes
                0x000001ff       0x34 library.a(stm32f4xx_hal_dma.o)
 .ARM.attributes
                0x00000233       0x34 library.a(stm32f4xx_hal_dma2d.o)
 .ARM.attributes
                0x00000267       0x34 library.a(stm32f4xx_hal_gpio.o)
 .ARM.attributes
                0x0000029b       0x34 library.a(stm32f4xx_hal_i2c.o)
 .ARM.attributes
                0x000002cf       0x34 library.a(stm32f4xx_hal_ltdc.o)
 .ARM.attributes
                0x00000303       0x34 library.a(stm32f4xx_hal_rcc.o)
 .ARM.attributes
                0x00000337       0x34 library.a(stm32f4xx_hal_rcc_ex.o)
 .ARM.attributes
                0x0000036b       0x34 library.a(stm32f4xx_hal_sdram.o)
 .ARM.attributes
                0x0000039f       0x34 library.a(stm32f4xx_hal_spi.o)
 .ARM.attributes
                0x000003d3       0x34 library.a(stm32f4xx_it.o)
 .ARM.attributes
                0x00000407       0x34 library.a(stm32f4xx_ll_fmc.o)
 .ARM.attributes
                0x0000043b       0x34 library.a(svcHandler.o)
 .ARM.attributes
                0x0000046f       0x34 library.a(system_stm32f4xx.o)
 .ARM.attributes
                0x000004a3       0x34 library.a(touch.o)
 .ARM.attributes
                0x000004d7       0x1f library.a(startup_stm32f429xx.o)
 .ARM.attributes
                0x000004f6       0x34 library.a(ili9341.o)
 .ARM.attributes
                0x0000052a       0x34 library.a(stm32f429i_discovery_ts.o)
 .ARM.attributes
                0x0000055e       0x34 library.a(stmpe811.o)
 .ARM.attributes
                0x00000592       0x34 y:/coen20/gcc/bin/../lib/gcc/arm-none-eabi/9.3.1/../../../../arm-none-eabi/lib/thumb/v7e-m+fp/hard\libc.a(lib_a-exit.o)
 .ARM.attributes
                0x000005c6       0x32 y:/coen20/gcc/bin/../lib/gcc/arm-none-eabi/9.3.1/../../../../arm-none-eabi/lib/thumb/v7e-m+fp/hard\libc.a(lib_a-impure.o)
 .ARM.attributes
                0x000005f8       0x34 y:/coen20/gcc/bin/../lib/gcc/arm-none-eabi/9.3.1/../../../../arm-none-eabi/lib/thumb/v7e-m+fp/hard\libc.a(lib_a-init.o)
 .ARM.attributes
                0x0000062c       0x1c y:/coen20/gcc/bin/../lib/gcc/arm-none-eabi/9.3.1/../../../../arm-none-eabi/lib/thumb/v7e-m+fp/hard\libc.a(lib_a-memcpy.o)
 .ARM.attributes
                0x00000648       0x34 y:/coen20/gcc/bin/../lib/gcc/arm-none-eabi/9.3.1/../../../../arm-none-eabi/lib/thumb/v7e-m+fp/hard\libc.a(lib_a-memset.o)
 .ARM.attributes
                0x0000067c       0x34 y:/coen20/gcc/bin/../lib/gcc/arm-none-eabi/9.3.1/../../../../arm-none-eabi/lib/thumb/v7e-m+fp/hard\libc.a(lib_a-sprintf.o)
 .ARM.attributes
                0x000006b0       0x34 y:/coen20/gcc/bin/../lib/gcc/arm-none-eabi/9.3.1/../../../../arm-none-eabi/lib/thumb/v7e-m+fp/hard\libc.a(lib_a-strcat.o)
 .ARM.attributes
                0x000006e4       0x34 y:/coen20/gcc/bin/../lib/gcc/arm-none-eabi/9.3.1/../../../../arm-none-eabi/lib/thumb/v7e-m+fp/hard\libc.a(lib_a-strcpy.o)
 .ARM.attributes
                0x00000718       0x1c y:/coen20/gcc/bin/../lib/gcc/arm-none-eabi/9.3.1/../../../../arm-none-eabi/lib/thumb/v7e-m+fp/hard\libc.a(lib_a-strlen.o)
 .ARM.attributes
                0x00000734       0x34 y:/coen20/gcc/bin/../lib/gcc/arm-none-eabi/9.3.1/../../../../arm-none-eabi/lib/thumb/v7e-m+fp/hard\libc.a(lib_a-svfprintf.o)
 .ARM.attributes
                0x00000768       0x34 y:/coen20/gcc/bin/../lib/gcc/arm-none-eabi/9.3.1/../../../../arm-none-eabi/lib/thumb/v7e-m+fp/hard\libc.a(lib_a-wsetup.o)
 .ARM.attributes
                0x0000079c       0x34 y:/coen20/gcc/bin/../lib/gcc/arm-none-eabi/9.3.1/../../../../arm-none-eabi/lib/thumb/v7e-m+fp/hard\libc.a(lib_a-__call_atexit.o)
 .ARM.attributes
                0x000007d0       0x34 y:/coen20/gcc/bin/../lib/gcc/arm-none-eabi/9.3.1/../../../../arm-none-eabi/lib/thumb/v7e-m+fp/hard\libc.a(lib_a-atexit.o)
 .ARM.attributes
                0x00000804       0x34 y:/coen20/gcc/bin/../lib/gcc/arm-none-eabi/9.3.1/../../../../arm-none-eabi/lib/thumb/v7e-m+fp/hard\libc.a(lib_a-dtoa.o)
 .ARM.attributes
                0x00000838       0x34 y:/coen20/gcc/bin/../lib/gcc/arm-none-eabi/9.3.1/../../../../arm-none-eabi/lib/thumb/v7e-m+fp/hard\libc.a(lib_a-fflush.o)
 .ARM.attributes
                0x0000086c       0x34 y:/coen20/gcc/bin/../lib/gcc/arm-none-eabi/9.3.1/../../../../arm-none-eabi/lib/thumb/v7e-m+fp/hard\libc.a(lib_a-findfp.o)
 .ARM.attributes
                0x000008a0       0x34 y:/coen20/gcc/bin/../lib/gcc/arm-none-eabi/9.3.1/../../../../arm-none-eabi/lib/thumb/v7e-m+fp/hard\libc.a(lib_a-fini.o)
 .ARM.attributes
                0x000008d4       0x34 y:/coen20/gcc/bin/../lib/gcc/arm-none-eabi/9.3.1/../../../../arm-none-eabi/lib/thumb/v7e-m+fp/hard\libc.a(lib_a-freer.o)
 .ARM.attributes
                0x00000908       0x34 y:/coen20/gcc/bin/../lib/gcc/arm-none-eabi/9.3.1/../../../../arm-none-eabi/lib/thumb/v7e-m+fp/hard\libc.a(lib_a-fwalk.o)
 .ARM.attributes
                0x0000093c       0x34 y:/coen20/gcc/bin/../lib/gcc/arm-none-eabi/9.3.1/../../../../arm-none-eabi/lib/thumb/v7e-m+fp/hard\libc.a(lib_a-localeconv.o)
 .ARM.attributes
                0x00000970       0x34 y:/coen20/gcc/bin/../lib/gcc/arm-none-eabi/9.3.1/../../../../arm-none-eabi/lib/thumb/v7e-m+fp/hard\libc.a(lib_a-lock.o)
 .ARM.attributes
                0x000009a4       0x34 y:/coen20/gcc/bin/../lib/gcc/arm-none-eabi/9.3.1/../../../../arm-none-eabi/lib/thumb/v7e-m+fp/hard\libc.a(lib_a-makebuf.o)
 .ARM.attributes
                0x000009d8       0x34 y:/coen20/gcc/bin/../lib/gcc/arm-none-eabi/9.3.1/../../../../arm-none-eabi/lib/thumb/v7e-m+fp/hard\libc.a(lib_a-mallocr.o)
 .ARM.attributes
                0x00000a0c       0x1c y:/coen20/gcc/bin/../lib/gcc/arm-none-eabi/9.3.1/../../../../arm-none-eabi/lib/thumb/v7e-m+fp/hard\libc.a(lib_a-memchr.o)
 .ARM.attributes
                0x00000a28       0x34 y:/coen20/gcc/bin/../lib/gcc/arm-none-eabi/9.3.1/../../../../arm-none-eabi/lib/thumb/v7e-m+fp/hard\libc.a(lib_a-mlock.o)
 .ARM.attributes
                0x00000a5c       0x34 y:/coen20/gcc/bin/../lib/gcc/arm-none-eabi/9.3.1/../../../../arm-none-eabi/lib/thumb/v7e-m+fp/hard\libc.a(lib_a-mprec.o)
 .ARM.attributes
                0x00000a90       0x34 y:/coen20/gcc/bin/../lib/gcc/arm-none-eabi/9.3.1/../../../../arm-none-eabi/lib/thumb/v7e-m+fp/hard\libc.a(lib_a-s_frexp.o)
 .ARM.attributes
                0x00000ac4       0x34 y:/coen20/gcc/bin/../lib/gcc/arm-none-eabi/9.3.1/../../../../arm-none-eabi/lib/thumb/v7e-m+fp/hard\libc.a(lib_a-sbrkr.o)
 .ARM.attributes
                0x00000af8       0x34 y:/coen20/gcc/bin/../lib/gcc/arm-none-eabi/9.3.1/../../../../arm-none-eabi/lib/thumb/v7e-m+fp/hard\libc.a(lib_a-stdio.o)
 .ARM.attributes
                0x00000b2c       0x34 y:/coen20/gcc/bin/../lib/gcc/arm-none-eabi/9.3.1/../../../../arm-none-eabi/lib/thumb/v7e-m+fp/hard\libc.a(lib_a-strncpy.o)
 .ARM.attributes
                0x00000b60       0x34 y:/coen20/gcc/bin/../lib/gcc/arm-none-eabi/9.3.1/../../../../arm-none-eabi/lib/thumb/v7e-m+fp/hard\libc.a(lib_a-svfiprintf.o)
 .ARM.attributes
                0x00000b94       0x34 y:/coen20/gcc/bin/../lib/gcc/arm-none-eabi/9.3.1/../../../../arm-none-eabi/lib/thumb/v7e-m+fp/hard\libc.a(lib_a-vfiprintf.o)
 .ARM.attributes
                0x00000bc8       0x34 y:/coen20/gcc/bin/../lib/gcc/arm-none-eabi/9.3.1/../../../../arm-none-eabi/lib/thumb/v7e-m+fp/hard\libc.a(lib_a-writer.o)
 .ARM.attributes
                0x00000bfc       0x34 y:/coen20/gcc/bin/../lib/gcc/arm-none-eabi/9.3.1/../../../../arm-none-eabi/lib/thumb/v7e-m+fp/hard\libc.a(lib_a-__atexit.o)
 .ARM.attributes
                0x00000c30       0x34 y:/coen20/gcc/bin/../lib/gcc/arm-none-eabi/9.3.1/../../../../arm-none-eabi/lib/thumb/v7e-m+fp/hard\libc.a(lib_a-assert.o)
 .ARM.attributes
                0x00000c64       0x34 y:/coen20/gcc/bin/../lib/gcc/arm-none-eabi/9.3.1/../../../../arm-none-eabi/lib/thumb/v7e-m+fp/hard\libc.a(lib_a-callocr.o)
 .ARM.attributes
                0x00000c98       0x34 y:/coen20/gcc/bin/../lib/gcc/arm-none-eabi/9.3.1/../../../../arm-none-eabi/lib/thumb/v7e-m+fp/hard\libc.a(lib_a-closer.o)
 .ARM.attributes
                0x00000ccc       0x34 y:/coen20/gcc/bin/../lib/gcc/arm-none-eabi/9.3.1/../../../../arm-none-eabi/lib/thumb/v7e-m+fp/hard\libc.a(lib_a-fclose.o)
 .ARM.attributes
                0x00000d00       0x34 y:/coen20/gcc/bin/../lib/gcc/arm-none-eabi/9.3.1/../../../../arm-none-eabi/lib/thumb/v7e-m+fp/hard\libc.a(lib_a-fiprintf.o)
 .ARM.attributes
                0x00000d34       0x34 y:/coen20/gcc/bin/../lib/gcc/arm-none-eabi/9.3.1/../../../../arm-none-eabi/lib/thumb/v7e-m+fp/hard\libc.a(lib_a-fputwc.o)
 .ARM.attributes
                0x00000d68       0x34 y:/coen20/gcc/bin/../lib/gcc/arm-none-eabi/9.3.1/../../../../arm-none-eabi/lib/thumb/v7e-m+fp/hard\libc.a(lib_a-fstatr.o)
 .ARM.attributes
                0x00000d9c       0x34 y:/coen20/gcc/bin/../lib/gcc/arm-none-eabi/9.3.1/../../../../arm-none-eabi/lib/thumb/v7e-m+fp/hard\libc.a(lib_a-fvwrite.o)
 .ARM.attributes
                0x00000dd0       0x34 y:/coen20/gcc/bin/../lib/gcc/arm-none-eabi/9.3.1/../../../../arm-none-eabi/lib/thumb/v7e-m+fp/hard\libc.a(lib_a-isattyr.o)
 .ARM.attributes
                0x00000e04       0x34 y:/coen20/gcc/bin/../lib/gcc/arm-none-eabi/9.3.1/../../../../arm-none-eabi/lib/thumb/v7e-m+fp/hard\libc.a(lib_a-locale.o)
 .ARM.attributes
                0x00000e38       0x34 y:/coen20/gcc/bin/../lib/gcc/arm-none-eabi/9.3.1/../../../../arm-none-eabi/lib/thumb/v7e-m+fp/hard\libc.a(lib_a-lseekr.o)
 .ARM.attributes
                0x00000e6c       0x34 y:/coen20/gcc/bin/../lib/gcc/arm-none-eabi/9.3.1/../../../../arm-none-eabi/lib/thumb/v7e-m+fp/hard\libc.a(lib_a-mbtowc_r.o)
 .ARM.attributes
                0x00000ea0       0x34 y:/coen20/gcc/bin/../lib/gcc/arm-none-eabi/9.3.1/../../../../arm-none-eabi/lib/thumb/v7e-m+fp/hard\libc.a(lib_a-memmove.o)
 .ARM.attributes
                0x00000ed4       0x34 y:/coen20/gcc/bin/../lib/gcc/arm-none-eabi/9.3.1/../../../../arm-none-eabi/lib/thumb/v7e-m+fp/hard\libc.a(lib_a-readr.o)
 .ARM.attributes
                0x00000f08       0x34 y:/coen20/gcc/bin/../lib/gcc/arm-none-eabi/9.3.1/../../../../arm-none-eabi/lib/thumb/v7e-m+fp/hard\libc.a(lib_a-reallocr.o)
 .ARM.attributes
                0x00000f3c       0x34 y:/coen20/gcc/bin/../lib/gcc/arm-none-eabi/9.3.1/../../../../arm-none-eabi/lib/thumb/v7e-m+fp/hard\libc.a(lib_a-reent.o)
 .ARM.attributes
                0x00000f70       0x34 y:/coen20/gcc/bin/../lib/gcc/arm-none-eabi/9.3.1/../../../../arm-none-eabi/lib/thumb/v7e-m+fp/hard\libc.a(lib_a-wbuf.o)
 .ARM.attributes
                0x00000fa4       0x34 y:/coen20/gcc/bin/../lib/gcc/arm-none-eabi/9.3.1/../../../../arm-none-eabi/lib/thumb/v7e-m+fp/hard\libc.a(lib_a-wcrtomb.o)
 .ARM.attributes
                0x00000fd8       0x34 y:/coen20/gcc/bin/../lib/gcc/arm-none-eabi/9.3.1/../../../../arm-none-eabi/lib/thumb/v7e-m+fp/hard\libc.a(lib_a-wctomb_r.o)
 .ARM.attributes
                0x0000100c       0x34 y:/coen20/gcc/bin/../lib/gcc/arm-none-eabi/9.3.1/../../../../arm-none-eabi/lib/thumb/v7e-m+fp/hard\libc.a(lib_a-abort.o)
 .ARM.attributes
                0x00001040       0x32 y:/coen20/gcc/bin/../lib/gcc/arm-none-eabi/9.3.1/../../../../arm-none-eabi/lib/thumb/v7e-m+fp/hard\libc.a(lib_a-ctype_.o)
 .ARM.attributes
                0x00001072       0x34 y:/coen20/gcc/bin/../lib/gcc/arm-none-eabi/9.3.1/../../../../arm-none-eabi/lib/thumb/v7e-m+fp/hard\libc.a(lib_a-signal.o)
 .ARM.attributes
                0x000010a6       0x34 y:/coen20/gcc/bin/../lib/gcc/arm-none-eabi/9.3.1/../../../../arm-none-eabi/lib/thumb/v7e-m+fp/hard\libc.a(lib_a-signalr.o)
 .ARM.attributes
                0x000010da       0x34 y:/coen20/gcc/bin/../lib/gcc/arm-none-eabi/9.3.1/../../../../arm-none-eabi/lib/thumb/v7e-m+fp/hard\libnosys.a(sbrk.o)
 .ARM.attributes
                0x0000110e       0x34 y:/coen20/gcc/bin/../lib/gcc/arm-none-eabi/9.3.1/../../../../arm-none-eabi/lib/thumb/v7e-m+fp/hard\libnosys.a(_exit.o)
 .ARM.attributes
                0x00001142       0x1e y:/coen20/gcc/bin/../lib/gcc/arm-none-eabi/9.3.1/thumb/v7e-m+fp/hard\libgcc.a(_arm_addsubdf3.o)
 .ARM.attributes
                0x00001160       0x1e y:/coen20/gcc/bin/../lib/gcc/arm-none-eabi/9.3.1/thumb/v7e-m+fp/hard\libgcc.a(_arm_muldivdf3.o)
 .ARM.attributes
                0x0000117e       0x1e y:/coen20/gcc/bin/../lib/gcc/arm-none-eabi/9.3.1/thumb/v7e-m+fp/hard\libgcc.a(_arm_cmpdf2.o)
 .ARM.attributes
                0x0000119c       0x1e y:/coen20/gcc/bin/../lib/gcc/arm-none-eabi/9.3.1/thumb/v7e-m+fp/hard\libgcc.a(_arm_unorddf2.o)
 .ARM.attributes
                0x000011ba       0x1e y:/coen20/gcc/bin/../lib/gcc/arm-none-eabi/9.3.1/thumb/v7e-m+fp/hard\libgcc.a(_arm_fixdfsi.o)
 .ARM.attributes
                0x000011d8       0x1e y:/coen20/gcc/bin/../lib/gcc/arm-none-eabi/9.3.1/thumb/v7e-m+fp/hard\libgcc.a(_aeabi_uldivmod.o)
 .ARM.attributes
                0x000011f6       0x34 y:/coen20/gcc/bin/../lib/gcc/arm-none-eabi/9.3.1/thumb/v7e-m+fp/hard\libgcc.a(_udivmoddi4.o)
 .ARM.attributes
                0x0000122a       0x1e y:/coen20/gcc/bin/../lib/gcc/arm-none-eabi/9.3.1/thumb/v7e-m+fp/hard\libgcc.a(_dvmd_tls.o)
 .ARM.attributes
                0x00001248       0x32 y:/coen20/gcc/bin/../lib/gcc/arm-none-eabi/9.3.1/thumb/v7e-m+fp/hard/crtend.o
 .ARM.attributes
                0x0000127a       0x1e y:/coen20/gcc/bin/../lib/gcc/arm-none-eabi/9.3.1/thumb/v7e-m+fp/hard/crtn.o

.comment        0x00000000       0x7f
 .comment       0x00000000       0x4c obj/Lab1A-Main-c.o
                                 0x4d (size before relaxing)
 .comment       0x0000004c       0x33 library.a(initialize.o)
                                 0x34 (size before relaxing)
 .comment       0x0000007f       0x34 library.a(stm32f429i_discovery.o)
 .comment       0x0000007f       0x34 library.a(stm32f429i_discovery_lcd.o)
 .comment       0x0000007f       0x34 library.a(stm32f429i_discovery_sdram.o)
 .comment       0x0000007f       0x34 library.a(stm32f4xx_hal.o)
 .comment       0x0000007f       0x34 library.a(stm32f4xx_hal_cortex.o)
 .comment       0x0000007f       0x34 library.a(stm32f4xx_hal_dma.o)
 .comment       0x0000007f       0x34 library.a(stm32f4xx_hal_dma2d.o)